Component: ARM Compiler 5.05 update 1 (build 106) Tool: armlink [4d0efa]

==============================================================================

Section Cross References

    main.o(.text) refers to delay.o(.text) for delay_init
    main.o(.text) refers to led.o(.text) for LED_Init
    main.o(.text) refers to beep.o(.text) for BEEP_Init
    main.o(.text) refers to usart.o(.text) for Usart1_Init
    main.o(.text) refers to lsens.o(.text) for Lsens_Init
    main.o(.text) refers to esp8266.o(.text) for ESP8266_Init
    main.o(.text) refers to onenet.o(.text) for OneNet_DevLink
    main.o(.text) refers to main.o(.data) for topics
    main.o(.data) refers to main.o(.conststring) for .conststring
    system_stm32f10x.o(.text) refers to system_stm32f10x.o(.data) for SystemCoreClock
    stm32f10x_adc.o(.text) refers to stm32f10x_rcc.o(.text) for RCC_APB2PeriphResetCmd
    led.o(.text) refers to stm32f10x_rcc.o(.text) for RCC_APB2PeriphClockCmd
    led.o(.text) refers to stm32f10x_gpio.o(.text) for GPIO_Init
    beep.o(.text) refers to stm32f10x_rcc.o(.text) for RCC_APB2PeriphClockCmd
    beep.o(.text) refers to stm32f10x_gpio.o(.text) for GPIO_Init
    lsens.o(.text) refers to stm32f10x_rcc.o(.text) for RCC_APB2PeriphClockCmd
    lsens.o(.text) refers to stm32f10x_gpio.o(.text) for GPIO_Init
    lsens.o(.text) refers to adc.o(.text) for Adc3_Init
    lsens.o(.text) refers to delay.o(.text) for delay_ms
    adc.o(.text) refers to stm32f10x_rcc.o(.text) for RCC_APB2PeriphClockCmd
    adc.o(.text) refers to stm32f10x_adc.o(.text) for ADC_DeInit
    adc.o(.text) refers to delay.o(.text) for delay_ms
    adc.o(.text) refers to fflt_clz.o(x$fpl$ffltu) for __aeabi_ui2f
    adc.o(.text) refers to f2d.o(x$fpl$f2d) for __aeabi_f2d
    adc.o(.text) refers to dmul.o(x$fpl$dmul) for __aeabi_dmul
    adc.o(.text) refers to daddsub_clz.o(x$fpl$dsub) for __aeabi_dsub
    adc.o(.text) refers to ddiv.o(x$fpl$ddiv) for __aeabi_ddiv
    adc.o(.text) refers to daddsub_clz.o(x$fpl$dadd) for __aeabi_dadd
    adc.o(.text) refers to dfix.o(x$fpl$dfix) for __aeabi_d2iz
    delay.o(.text) refers to misc.o(.text) for SysTick_CLKSourceConfig
    delay.o(.text) refers to system_stm32f10x.o(.data) for SystemCoreClock
    delay.o(.text) refers to delay.o(.data) for fac_us
    usart.o(.text) refers to stm32f10x_rcc.o(.text) for RCC_APB2PeriphClockCmd
    usart.o(.text) refers to stm32f10x_gpio.o(.text) for GPIO_Init
    usart.o(.text) refers to stm32f10x_usart.o(.text) for USART_Init
    usart.o(.text) refers to misc.o(.text) for NVIC_Init
    usart.o(.text) refers to c89vsnprintf.o(.text) for __c89vsnprintf
    startup_stm32f10x_hd.o(STACK) refers (Special) to heapauxi.o(.text) for __use_two_region_memory
    startup_stm32f10x_hd.o(HEAP) refers (Special) to heapauxi.o(.text) for __use_two_region_memory
    startup_stm32f10x_hd.o(RESET) refers (Special) to heapauxi.o(.text) for __use_two_region_memory
    startup_stm32f10x_hd.o(RESET) refers to startup_stm32f10x_hd.o(STACK) for __initial_sp
    startup_stm32f10x_hd.o(RESET) refers to startup_stm32f10x_hd.o(.text) for Reset_Handler
    startup_stm32f10x_hd.o(RESET) refers to stm32f10x_it.o(.text) for NMI_Handler
    startup_stm32f10x_hd.o(RESET) refers to usart.o(.text) for USART1_IRQHandler
    startup_stm32f10x_hd.o(RESET) refers to esp8266.o(.text) for USART3_IRQHandler
    startup_stm32f10x_hd.o(.text) refers (Special) to heapauxi.o(.text) for __use_two_region_memory
    startup_stm32f10x_hd.o(.text) refers to system_stm32f10x.o(.text) for SystemInit
    startup_stm32f10x_hd.o(.text) refers to __main.o(!!!main) for __main
    startup_stm32f10x_hd.o(.text) refers to startup_stm32f10x_hd.o(HEAP) for Heap_Mem
    startup_stm32f10x_hd.o(.text) refers to startup_stm32f10x_hd.o(STACK) for Stack_Mem
    stm32f10x_gpio.o(.text) refers to stm32f10x_rcc.o(.text) for RCC_APB2PeriphResetCmd
    stm32f10x_rcc.o(.text) refers to stm32f10x_rcc.o(.data) for APBAHBPrescTable
    stm32f10x_usart.o(.text) refers to stm32f10x_rcc.o(.text) for RCC_APB2PeriphResetCmd
    esp8266.o(.text) refers to _printf_percent.o(.ARM.Collect$$_printf_percent$$00000000) for _printf_percent
    esp8266.o(.text) refers to _printf_d.o(.ARM.Collect$$_printf_percent$$00000009) for _printf_d
    esp8266.o(.text) refers to _printf_dec.o(.text) for _printf_int_dec
    esp8266.o(.text) refers to rt_memclr.o(.text) for __aeabi_memclr
    esp8266.o(.text) refers to strlen.o(.text) for strlen
    esp8266.o(.text) refers to usart.o(.text) for Usart_SendString
    esp8266.o(.text) refers to strstr.o(.text) for strstr
    esp8266.o(.text) refers to delay.o(.text) for delay_ms
    esp8266.o(.text) refers to __2sprintf.o(.text) for __2sprintf
    esp8266.o(.text) refers to strchr.o(.text) for strchr
    esp8266.o(.text) refers to stm32f10x_rcc.o(.text) for RCC_APB2PeriphClockCmd
    esp8266.o(.text) refers to stm32f10x_gpio.o(.text) for GPIO_Init
    esp8266.o(.text) refers to stm32f10x_usart.o(.text) for USART_GetITStatus
[...]
    .text                                    0x08003b1e   Section        0  _printf_intcommon.o(.text)
    .text                                    0x08003bd0   Section        0  _printf_charcount.o(.text)
    .text                                    0x08003bf8   Section        0  _printf_char_common.o(.text)
    _printf_input_char                       0x08003bf9   Thumb Code    10  _printf_char_common.o(.text)
    .text                                    0x08003c28   Section        0  _sputc.o(.text)
    .text                                    0x08003c32   Section        0  _snputc.o(.text)
    .text                                    0x08003c42   Section        0  _printf_char.o(.text)
    .text                                    0x08003c70   Section        0  _printf_wctomb.o(.text)
    .text                                    0x08003d2c   Section        0  _printf_longlong_dec.o(.text)
    .text                                    0x08003da8   Section        0  _printf_oct_int_ll.o(.text)
    _printf_longlong_oct_internal            0x08003da9   Thumb Code     0  _printf_oct_int_ll.o(.text)
    .text                                    0x08003e18   Section        0  _printf_hex_int_ll_ptr.o(.text)
    _printf_hex_common                       0x08003e19   Thumb Code     0  _printf_hex_int_ll_ptr.o(.text)
    .text                                    0x08003eac   Section        0  strtol.o(.text)
    .text                                    0x08003f1c   Section      100  rt_memcpy_w.o(.text)
    .text                                    0x08003f80   Section       78  rt_memclr_w.o(.text)
    .text                                    0x08003fd0   Section        8  libspace.o(.text)
    .text                                    0x08003fd8   Section       16  rt_ctype_table.o(.text)
    .text                                    0x08003fe8   Section        0  h1_extend.o(.text)
    .text                                    0x0800401c   Section      138  lludiv10.o(.text)
    .text                                    0x080040a6   Section        0  _printf_fp_dec.o(.text)
    _fp_digits                               0x080040a9   Thumb Code   428  _printf_fp_dec.o(.text)
    .text                                    0x080044c0   Section        0  _printf_wchar.o(.text)
    .text                                    0x080044ec   Section        0  _strtoul.o(.text)
    .text                                    0x0800458a   Section        0  _wcrtomb.o(.text)
    .text                                    0x080045ca   Section        0  defsig_rtmem_outer.o(.text)
    .text                                    0x080045d8   Section        2  use_no_semi.o(.text)
    .text                                    0x080045da   Section       74  sys_stackheap_outer.o(.text)
    .text                                    0x080045da   Section        0  indicate_semi.o(.text)
    .text                                    0x08004624   Section        8  rt_locale_intlibspace.o(.text)
    .text                                    0x0800462c   Section        0  _printf_fp_infnan.o(.text)
    .text                                    0x080046ac   Section        0  _chval.o(.text)
    .text                                    0x080046c8   Section        0  bigflt0.o(.text)
    .text                                    0x080047a4   Section        0  exit.o(.text)
    .text                                    0x080047b0   Section        0  defsig_exit.o(.text)
    .text                                    0x080047bc   Section        0  defsig_rtmem_inner.o(.text)
    .text                                    0x0800480c   Section        0  sys_exit.o(.text)
    .text                                    0x08004818   Section        0  defsig_general.o(.text)
    .text                                    0x0800484c   Section      128  strcmpv7m.o(.text)
    .text                                    0x080048cc   Section        0  sys_wrch.o(.text)
    CL$$btod_d2e                             0x080048da   Section       62  btod.o(CL$$btod_d2e)
    CL$$btod_d2e_denorm_low                  0x08004918   Section       70  btod.o(CL$$btod_d2e_denorm_low)
    CL$$btod_d2e_norm_op1                    0x0800495e   Section       96  btod.o(CL$$btod_d2e_norm_op1)
    CL$$btod_div_common                      0x080049be   Section      824  btod.o(CL$$btod_div_common)
    CL$$btod_e2e                             0x08004cf6   Section      198  btod.o(CL$$btod_e2e)
    CL$$btod_ediv                            0x08004dbc   Section       40  btod.o(CL$$btod_ediv)
    CL$$btod_emul                            0x08004de4   Section       40  btod.o(CL$$btod_emul)
    CL$$btod_mult_common                     0x08004e0c   Section      580  btod.o(CL$$btod_mult_common)
    i.__ARM_fpclassify                       0x08005050   Section        0  fpclassify.o(i.__ARM_fpclassify)
    i._is_digit                              0x08005078   Section        0  __printf_wp.o(i._is_digit)
    locale$$code                             0x08005088   Section       44  lc_ctype_c.o(locale$$code)
    locale$$code                             0x080050b4   Section       44  lc_numeric_c.o(locale$$code)
    x$fpl$dadd                               0x080050e0   Section      336  daddsub_clz.o(x$fpl$dadd)
    _dadd1                                   0x080050f1   Thumb Code     0  daddsub_clz.o(x$fpl$dadd)
    x$fpl$ddiv                               0x08005230   Section      688  ddiv.o(x$fpl$ddiv)
    ddiv_entry                               0x08005237   Thumb Code     0  ddiv.o(x$fpl$ddiv)
    x$fpl$dfix                               0x080054e0   Section       94  dfix.o(x$fpl$dfix)
    x$fpl$dmul                               0x08005540   Section      340  dmul.o(x$fpl$dmul)
    x$fpl$dnaninf                            0x08005694   Section      156  dnaninf.o(x$fpl$dnaninf)
    x$fpl$dretinf                            0x08005730   Section       12  dretinf.o(x$fpl$dretinf)
    x$fpl$dsub                               0x0800573c   Section      468  daddsub_clz.o(x$fpl$dsub)
    _dsub1                                   0x0800574d   Thumb Code     0  daddsub_clz.o(x$fpl$dsub)
    x$fpl$f2d                                0x08005910   Section       86  f2d.o(x$fpl$f2d)
    x$fpl$ffltu                              0x08005968   Section       38  fflt_clz.o(x$fpl$ffltu)
    x$fpl$fnaninf                            0x0800598e   Section      140  fnaninf.o(x$fpl$fnaninf)
    x$fpl$printf1                            0x08005a1a   Section        4  printf1.o(x$fpl$printf1)
    .constdata                               0x08005a1e   Section       17  __printf_flags_ss_wp.o(.constdata)
    x$fpl$usenofp                            0x08005a1e   Section        0  usenofp.o(x$fpl$usenofp)
    maptable                                 0x08005a1e   Data          17  __printf_flags_ss_wp.o(.constdata)
    .constdata                               0x08005a30   Section        8  _printf_wctomb.o(.constdata)
    initial_mbstate                          0x08005a30   Data           8  _printf_wctomb.o(.constdata)
    .constdata                               0x08005a38   Section       40  _printf_hex_int_ll_ptr.o(.constdata)
    uc_hextab                                0x08005a38   Data          20  _printf_hex_int_ll_ptr.o(.constdata)
    lc_hextab                                0x08005a4c   Data          20  _printf_hex_int_ll_ptr.o(.constdata)
    .constdata                               0x08005a60   Section      148  bigflt0.o(.constdata)
    tenpwrs_x                                0x08005a60   Data          60  bigflt0.o(.constdata)
    tenpwrs_i                                0x08005a9c   Data          64  bigflt0.o(.constdata)
    .conststring                             0x08005af4   Section        9  main.o(.conststring)
    locale$$data                             0x08005b20   Section      272  lc_ctype_c.o(locale$$data)
    __lcctype_c_name                         0x08005b24   Data           2  lc_ctype_c.o(locale$$data)
    __lcctype_c_start                        0x08005b2c   Data           0  lc_ctype_c.o(locale$$data)
    locale$$data                             0x08005c30   Section       28  lc_numeric_c.o(locale$$data)
    __lcctype_c_end                          0x08005c30   Data           0  lc_ctype_c.o(locale$$data)
    __lcnum_c_name                           0x08005c34   Data           2  lc_numeric_c.o(locale$$data)
    __lcnum_c_start                          0x08005c3c   Data           0  lc_numeric_c.o(locale$$data)
    __lcnum_c_point                          0x08005c48   Data           0  lc_numeric_c.o(locale$$data)
    __lcnum_c_thousands                      0x08005c4a   Data           0  lc_numeric_c.o(locale$$data)
    __lcnum_c_grouping                       0x08005c4b   Data           0  lc_numeric_c.o(locale$$data)
    __lcnum_c_end                            0x08005c4c   Data           0  lc_numeric_c.o(locale$$data)
    .data                                    0x20000000   Section       16  main.o(.data)
    .data                                    0x20000010   Section       20  system_stm32f10x.o(.data)
    .data                                    0x20000024   Section        4  delay.o(.data)
    fac_us                                   0x20000024   Data           1  delay.o(.data)
    fac_ms                                   0x20000026   Data           2  delay.o(.data)
    .data                                    0x20000028   Section       20  stm32f10x_rcc.o(.data)
    APBAHBPrescTable                         0x20000028   Data          16  stm32f10x_rcc.o(.data)
    ADCPrescTable                            0x20000038   Data           4  stm32f10x_rcc.o(.data)
    .data                                    0x2000003c   Section        4  esp8266.o(.data)
    .data                                    0x20000040   Section        2  onenet.o(.data)
    pkt_id                                   0x20000040   Data           2  onenet.o(.data)
    .bss                                     0x20000044   Section      128  esp8266.o(.bss)
    .bss                                     0x200000c4   Section       96  libspace.o(.bss)
    HEAP                                     0x20000128   Section      512  startup_stm32f10x_hd.o(HEAP)
    Heap_Mem                                 0x20000128   Data         512  startup_stm32f10x_hd.o(HEAP)
    STACK                                    0x20000328   Section     1024  startup_stm32f10x_hd.o(STACK)
    Stack_Mem                                0x20000328   Data        1024  startup_stm32f10x_hd.o(STACK)
    __initial_sp                             0x20000728   Data           0  startup_stm32f10x_hd.o(STACK)

    Global Symbols

    Symbol Name                              Value     Ov Type        Size  Object(Section)

    BuildAttributes$$THM_ISAv4$P$D$K$B$S$PE$A:L22UL41UL21$X:L11$S22US41US21$IEEE1$IW$USESV6$~STKCKD$USESV7$~SHL$OTIME$ROPI$IEEEJ$EBA8$UX$STANDARDLIB$REQ8$PRES8$EABIv2 0x00000000   Number         0  anon$$obj.o ABSOLUTE
    __ARM_use_no_argv                        0x00000000   Number         0  main.o ABSOLUTE
    _printf_flags                            0x00000000   Number         0  printf_stubs.o ABSOLUTE
    _printf_return_value                     0x00000000   Number         0  printf_stubs.o ABSOLUTE
    _printf_sizespec                         0x00000000   Number         0  printf_stubs.o ABSOLUTE
    _printf_widthprec                        0x00000000   Number         0  printf_stubs.o ABSOLUTE
    __ARM_exceptions_init                     - Undefined Weak Reference
    __alloca_initialize                       - Undefined Weak Reference
    __arm_preinit_                            - Undefined Weak Reference
    __cpp_initialize__aeabi_                  - Undefined Weak Reference
    __cxa_finalize                            - Undefined Weak Reference
    __sigvec_lookup                           - Undefined Weak Reference
    __user_heap_extent                        - Undefined Weak Reference
    _atexit_init                              - Undefined Weak Reference
    _call_atexit_fns                          - Undefined Weak Reference
    _clock_init                               - Undefined Weak Reference
    _fp_trap_init                             - Undefined Weak Reference
    _fp_trap_shutdown                         - Undefined Weak Reference
    _get_lc_collate                           - Undefined Weak Reference
    _get_lc_monetary                          - Undefined Weak Reference
    _get_lc_time                              - Undefined Weak Reference
    _getenv_init                              - Undefined Weak Reference
    _handle_redirection                       - Undefined Weak Reference
    _initio                                   - Undefined Weak Reference
    _mutex_acquire                            - Undefined Weak Reference
    _mutex_free                               - Undefined Weak Reference
    _mutex_release                            - Undefined Weak Reference
    _printf_fp_hex                            - Undefined Weak Reference
    _printf_mbtowc                            - Undefined Weak Reference
    _printf_wc                                - Undefined Weak Reference
    _rand_init                                - Undefined Weak Reference
    _signal_finish                            - Undefined Weak Reference
    _signal_init                              - Undefined Weak Reference
    _terminateio                              - Undefined Weak Reference
    __Vectors_Size                           0x00000130   Number         0  startup_stm32f10x_hd.o ABSOLUTE
    __Vectors                                0x08000000   Data           4  startup_stm32f10x_hd.o(RESET)
    __Vectors_End                            0x08000130   Data           0  startup_stm32f10x_hd.o(RESET)
    __main                                   0x08000131   Thumb Code     8  __main.o(!!!main)
    __scatterload                            0x08000139   Thumb Code     0  __scatter.o(!!!scatter)
    __scatterload_rt2                        0x08000139   Thumb Code    44  __scatter.o(!!!scatter)
    __scatterload_rt2_thumb_only             0x08000139   Thumb Code     0  __scatter.o(!!!scatter)
    __scatterload_null                       0x08000147   Thumb Code     0  __scatter.o(!!!scatter)
    __scatterload_copy                       0x0800016d   Thumb Code    26  __scatter_copy.o(!!handler_copy)
    __scatterload_zeroinit                   0x08000189   Thumb Code    28  __scatter_zi.o(!!handler_zi)
    _printf_n                                0x080001a5   Thumb Code     0  _printf_n.o(.ARM.Collect$$_printf_percent$$00000001)
    _printf_percent                          0x080001a5   Thumb Code     0  _printf_percent.o(.ARM.Collect$$_printf_percent$$00000000)
    _printf_p                                0x080001ab   Thumb Code     0  _printf_p.o(.ARM.Collect$$_printf_percent$$00000002)
    _printf_f                                0x080001b1   Thumb Code     0  _printf_f.o(.ARM.Collect$$_printf_percent$$00000003)
    _printf_e                                0x080001b7   Thumb Code     0  _printf_e.o(.ARM.Collect$$_printf_percent$$00000004)
    _printf_g                                0x080001bd   Thumb Code     0  _printf_g.o(.ARM.Collect$$_printf_percent$$00000005)
    _printf_a                                0x080001c3   Thumb Code     0  _printf_a.o(.ARM.Collect$$_printf_percent$$00000006)
    _printf_ll                               0x080001c9   Thumb Code     0  _printf_ll.o(.ARM.Collect$$_printf_percent$$00000007)
    _printf_i                                0x080001d3   Thumb Code     0  _printf_i.o(.ARM.Collect$$_printf_percent$$00000008)
    _printf_d                                0x080001d9   Thumb Code     0  _printf_d.o(.ARM.Collect$$_printf_percent$$00000009)
    _printf_u                                0x080001df   Thumb Code     0  _printf_u.o(.ARM.Collect$$_printf_percent$$0000000A)
    _printf_o                                0x080001e5   Thumb Code     0  _printf_o.o(.ARM.Collect$$_printf_percent$$0000000B)
    _printf_x                                0x080001eb   Thumb Code     0  _printf_x.o(.ARM.Collect$$_printf_percent$$0000000C)
    _printf_lli                              0x080001f1   Thumb Code     0  _printf_lli.o(.ARM.Collect$$_printf_percent$$0000000D)
    _printf_lld                              0x080001f7   Thumb Code     0  _printf_lld.o(.ARM.Collect$$_printf_percent$$0000000E)
    _printf_llu                              0x080001fd   Thumb Code     0  _printf_llu.o(.ARM.Collect$$_printf_percent$$0000000F)
    _printf_llo                              0x08000203   Thumb Code     0  _printf_llo.o(.ARM.Collect$$_printf_percent$$00000010)
    _printf_llx                              0x08000209   Thumb Code     0  _printf_llx.o(.ARM.Collect$$_printf_percent$$00000011)
    _printf_l                                0x0800020f   Thumb Code     0  _printf_l.o(.ARM.Collect$$_printf_percent$$00000012)
    _printf_c                                0x08000219   Thumb Code     0  _printf_c.o(.ARM.Collect$$_printf_percent$$00000013)
    _printf_s                                0x0800021f   Thumb Code     0  _printf_s.o(.ARM.Collect$$_printf_percent$$00000014)
    _printf_lc                               0x08000225   Thumb Code     0  _printf_lc.o(.ARM.Collect$$_printf_percent$$00000015)
    _printf_ls                               0x0800022b   Thumb Code     0  _printf_ls.o(.ARM.Collect$$_printf_percent$$00000016)
    _printf_percent_end                      0x08000231   Thumb Code     0  _printf_percent_end.o(.ARM.Collect$$_printf_percent$$00000017)
    __rt_lib_init                            0x08000235   Thumb Code     0  libinit.o(.ARM.Collect$$libinit$$00000000)
    __rt_lib_init_fp_1                       0x08000237   Thumb Code     0  libinit2.o(.ARM.Collect$$libinit$$00000002)
    __rt_lib_init_heap_2                     0x08000237   Thumb Code     0  libinit2.o(.ARM.Collect$$libinit$$00000005)
    __rt_lib_init_preinit_1                  0x08000237   Thumb Code     0  libinit2.o(.ARM.Collect$$libinit$$00000004)
    __rt_lib_init_heap_1                     0x0800023f   Thumb Code     0  libinit2.o(.ARM.Collect$$libinit$$0000000A)
    __rt_lib_init_lc_common                  0x0800023f   Thumb Code     0  libinit2.o(.ARM.Collect$$libinit$$0000000F)
    __rt_lib_init_rand_1                     0x0800023f   Thumb Code     0  libinit2.o(.ARM.Collect$$libinit$$0000000E)
    __rt_lib_init_user_alloc_1               0x0800023f   Thumb Code     0  libinit2.o(.ARM.Collect$$libinit$$0000000C)
    __rt_lib_init_lc_collate_1               0x08000245   Thumb Code     0  libinit2.o(.ARM.Collect$$libinit$$00000011)
    __rt_lib_init_lc_ctype_2                 0x08000245   Thumb Code     0  libinit2.o(.ARM.Collect$$libinit$$00000012)
    __rt_lib_init_lc_ctype_1                 0x08000251   Thumb Code     0  libinit2.o(.ARM.Collect$$libinit$$00000013)
    __rt_lib_init_lc_monetary_1              0x08000251   Thumb Code     0  libinit2.o(.ARM.Collect$$libinit$$00000015)
    __rt_lib_init_lc_numeric_2               0x08000251   Thumb Code     0  libinit2.o(.ARM.Collect$$libinit$$00000016)
    __rt_lib_init_alloca_1                   0x0800025b   Thumb Code     0  libinit2.o(.ARM.Collect$$libinit$$0000002E)
    __rt_lib_init_argv_1                     0x0800025b   Thumb Code     0  libinit2.o(.ARM.Collect$$libinit$$0000002C)
    __rt_lib_init_atexit_1                   0x0800025b   Thumb Code     0  libinit2.o(.ARM.Collect$$libinit$$0000001B)
    __rt_lib_init_clock_1                    0x0800025b   Thumb Code     0  libinit2.o(.ARM.Collect$$libinit$$00000021)
    __rt_lib_init_cpp_1                      0x0800025b   Thumb Code     0  libinit2.o(.ARM.Collect$$libinit$$00000032)
    __rt_lib_init_exceptions_1               0x0800025b   Thumb Code     0  libinit2.o(.ARM.Collect$$libinit$$00000030)
    __rt_lib_init_fp_trap_1                  0x0800025b   Thumb Code     0  libinit2.o(.ARM.Collect$$libinit$$0000001F)
    __rt_lib_init_getenv_1                   0x0800025b   Thumb Code     0  libinit2.o(.ARM.Collect$$libinit$$00000023)
    __rt_lib_init_lc_numeric_1               0x0800025b   Thumb Code     0  libinit2.o(.ARM.Collect$$libinit$$00000017)
    __rt_lib_init_lc_time_1                  0x0800025b   Thumb Code     0  libinit2.o(.ARM.Collect$$libinit$$00000019)
    __rt_lib_init_return                     0x0800025b   Thumb Code     0  libinit2.o(.ARM.Collect$$libinit$$00000033)
    __rt_lib_init_signal_1                   0x0800025b   Thumb Code     0  libinit2.o(.ARM.Collect$$libinit$$0000001D)
    __rt_lib_init_stdio_1                    0x0800025b   Thumb Code     0  libinit2.o(.ARM.Collect$$libinit$$00000025)
    __rt_lib_shutdown                        0x0800025d   Thumb Code     0  libshutdown.o(.ARM.Collect$$libshutdown$$00000000)
    __rt_lib_shutdown_fp_trap_1              0x0800025f   Thumb Code     0  libshutdown2.o(.ARM.Collect$$libshutdown$$00000006)
    __rt_lib_shutdown_heap_1                 0x0800025f   Thumb Code     0  libshutdown2.o(.ARM.Collect$$libshutdown$$0000000E)
    __rt_lib_shutdown_return                 0x0800025f   Thumb Code     0  libshutdown2.o(.ARM.Collect$$libshutdown$$0000000F)
    __rt_lib_shutdown_signal_1               0x0800025f   Thumb Code     0  libshutdown2.o(.ARM.Collect$$libshutdown$$00000009)
    __rt_lib_shutdown_stdio_1                0x0800025f   Thumb Code     0  libshutdown2.o(.ARM.Collect$$libshutdown$$00000003)
    __rt_lib_shutdown_user_alloc_1           0x0800025f   Thumb Code     0  libshutdown2.o(.ARM.Collect$$libshutdown$$0000000B)
    __rt_entry                               0x08000261   Thumb Code     0  __rtentry.o(.ARM.Collect$$rtentry$$00000000)
    __rt_entry_presh_1                       0x08000261   Thumb Code     0  __rtentry2.o(.ARM.Collect$$rtentry$$00000002)
    __rt_entry_sh                            0x08000261   Thumb Code     0  __rtentry4.o(.ARM.Collect$$rtentry$$00000004)
    __rt_entry_li                            0x08000267   Thumb Code     0  __rtentry2.o(.ARM.Collect$$rtentry$$0000000A)
    __rt_entry_postsh_1                      0x08000267   Thumb Code     0  __rtentry2.o(.ARM.Collect$$rtentry$$00000009)
    __rt_entry_main                          0x0800026b   Thumb Code     0  __rtentry2.o(.ARM.Collect$$rtentry$$0000000D)
    __rt_entry_postli_1                      0x0800026b   Thumb Code     0  __rtentry2.o(.ARM.Collect$$rtentry$$0000000C)
    __rt_exit                                0x08000273   Thumb Code     0  rtexit.o(.ARM.Collect$$rtexit$$00000000)
    __rt_exit_ls                             0x08000275   Thumb Code     0  rtexit2.o(.ARM.Collect$$rtexit$$00000003)
    __rt_exit_prels_1                        0x08000275   Thumb Code     0  rtexit2.o(.ARM.Collect$$rtexit$$00000002)
    __rt_exit_exit                           0x08000279   Thumb Code     0  rtexit2.o(.ARM.Collect$$rtexit$$00000004)
    _maybe_terminate_alloc                   0x08000281   Thumb Code     0  maybetermalloc1.o(.emb_text)
    main                                     0x08000281   Thumb Code   168  main.o(.text)
    NMI_Handler                              0x08000359   Thumb Code     2  stm32f10x_it.o(.text)
    HardFault_Handler                        0x0800035b   Thumb Code     4  stm32f10x_it.o(.text)
    MemManage_Handler                        0x0800035f   Thumb Code     4  stm32f10x_it.o(.text)
    BusFault_Handler                         0x08000363   Thumb Code     4  stm32f10x_it.o(.text)
    UsageFault_Handler                       0x08000367   Thumb Code     4  stm32f10x_it.o(.text)
    SVC_Handler                              0x0800036b   Thumb Code     2  stm32f10x_it.o(.text)
    DebugMon_Handler                         0x0800036d   Thumb Code     2  stm32f10x_it.o(.text)
    PendSV_Handler                           0x0800036f   Thumb Code     2  stm32f10x_it.o(.text)
    SysTick_Handler                          0x08000371   Thumb Code     2  stm32f10x_it.o(.text)
    SystemInit                               0x08000453   Thumb Code    78  system_stm32f10x.o(.text)
    SystemCoreClockUpdate                    0x080004a1   Thumb Code   142  system_stm32f10x.o(.text)
    ADC_DeInit                               0x08000555   Thumb Code    78  stm32f10x_adc.o(.text)
    ADC_Init                                 0x080005a3   Thumb Code    70  stm32f10x_adc.o(.text)
    ADC_StructInit                           0x080005e9   Thumb Code    18  stm32f10x_adc.o(.text)
    ADC_Cmd                                  0x080005fb   Thumb Code    22  stm32f10x_adc.o(.text)
    ADC_DMACmd                               0x08000611   Thumb Code    22  stm32f10x_adc.o(.text)
    ADC_ITConfig                             0x08000627   Thumb Code    24  stm32f10x_adc.o(.text)
    ADC_ResetCalibration                     0x0800063f   Thumb Code    10  stm32f10x_adc.o(.text)
    ADC_GetResetCalibrationStatus            0x08000649   Thumb Code    20  stm32f10x_adc.o(.text)
    ADC_StartCalibration                     0x0800065d   Thumb Code    10  stm32f10x_adc.o(.text)
    ADC_GetCalibrationStatus                 0x08000667   Thumb Code    20  stm32f10x_adc.o(.text)
    ADC_SoftwareStartConvCmd                 0x0800067b   Thumb Code    22  stm32f10x_adc.o(.text)
    ADC_GetSoftwareStartConvStatus           0x08000691   Thumb Code    20  stm32f10x_adc.o(.text)
    ADC_DiscModeChannelCountConfig           0x080006a5   Thumb Code    24  stm32f10x_adc.o(.text)
    ADC_DiscModeCmd                          0x080006bd   Thumb Code    22  stm32f10x_adc.o(.text)
    ADC_RegularChannelConfig                 0x080006d3   Thumb Code   184  stm32f10x_adc.o(.text)
    ADC_ExternalTrigConvCmd                  0x0800078b   Thumb Code    22  stm32f10x_adc.o(.text)
    ADC_GetConversionValue                   0x080007a1   Thumb Code     8  stm32f10x_adc.o(.text)
    ADC_GetDualModeConversionValue           0x080007a9   Thumb Code     8  stm32f10x_adc.o(.text)
    ADC_AutoInjectedConvCmd                  0x080007b1   Thumb Code    22  stm32f10x_adc.o(.text)
    ADC_InjectedDiscModeCmd                  0x080007c7   Thumb Code    22  stm32f10x_adc.o(.text)
    ADC_ExternalTrigInjectedConvConfig       0x080007dd   Thumb Code    16  stm32f10x_adc.o(.text)
    ADC_ExternalTrigInjectedConvCmd          0x080007ed   Thumb Code    22  stm32f10x_adc.o(.text)
    ADC_SoftwareStartInjectedConvCmd         0x08000803   Thumb Code    22  stm32f10x_adc.o(.text)
    ADC_GetSoftwareStartInjectedConvCmdStatus 0x08000819   Thumb Code    20  stm32f10x_adc.o(.text)
    ADC_InjectedChannelConfig                0x0800082d   Thumb Code   130  stm32f10x_adc.o(.text)
    ADC_InjectedSequencerLengthConfig        0x080008af   Thumb Code    24  stm32f10x_adc.o(.text)
    ADC_SetInjectedOffset                    0x080008c7   Thumb Code    20  stm32f10x_adc.o(.text)
    ADC_GetInjectedConversionValue           0x080008db   Thumb Code    28  stm32f10x_adc.o(.text)
    ADC_AnalogWatchdogCmd                    0x080008f7   Thumb Code    16  stm32f10x_adc.o(.text)
    ADC_AnalogWatchdogThresholdsConfig       0x08000907   Thumb Code     6  stm32f10x_adc.o(.text)
    ADC_AnalogWatchdogSingleChannelConfig    0x0800090d   Thumb Code    16  stm32f10x_adc.o(.text)
    ADC_TempSensorVrefintCmd                 0x0800091d   Thumb Code    64  stm32f10x_adc.o(.text)
    ADC_GetFlagStatus                        0x0800095d   Thumb Code    18  stm32f10x_adc.o(.text)
    ADC_ClearFlag                            0x0800096f   Thumb Code     6  stm32f10x_adc.o(.text)
    ADC_GetITStatus                          0x08000975   Thumb Code    36  stm32f10x_adc.o(.text)
    ADC_ClearITPendingBit                    0x08000999   Thumb Code    10  stm32f10x_adc.o(.text)
    LED_Init                                 0x080009a5   Thumb Code    68  led.o(.text)
    BEEP_Init                                0x080009f1   Thumb Code    50  beep.o(.text)
    Lsens_Init                               0x08000a29   Thumb Code    38  lsens.o(.text)
    Lsens_Get_Val                            0x08000a4f   Thumb Code    60  lsens.o(.text)
    T_Adc_Init                               0x08000a91   Thumb Code   118  adc.o(.text)
    T_Get_Adc                                0x08000b07   Thumb Code    46  adc.o(.text)
    T_Get_Temp                               0x08000b35   Thumb Code    42  adc.o(.text)
    T_Get_Adc_Average                        0x08000b5f   Thumb Code    46  adc.o(.text)
    Get_Temprate                             0x08000b8d   Thumb Code   106  adc.o(.text)
    Adc3_Init                                0x08000bf7   Thumb Code   120  adc.o(.text)
    Get_Adc3                                 0x08000c6f   Thumb Code    46  adc.o(.text)
    delay_init                               0x08000cc1   Thumb Code    50  delay.o(.text)
    delay_us                                 0x08000cf3   Thumb Code    72  delay.o(.text)
    delay_ms                                 0x08000d3b   Thumb Code    72  delay.o(.text)
    Usart1_Init                              0x08000d95   Thumb Code   166  usart.o(.text)
    Usart2_Init                              0x08000e3b   Thumb Code   162  usart.o(.text)
    Usart3_Init                              0x08000edd   Thumb Code   166  usart.o(.text)
    Usart_SendString                         0x08000f83   Thumb Code    50  usart.o(.text)
    UsartPrintf                              0x08000fb5   Thumb Code    72  usart.o(.text)
    USART1_IRQHandler                        0x08000ffd   Thumb Code    24  usart.o(.text)
    Reset_Handler                            0x08001029   Thumb Code     8  startup_stm32f10x_hd.o(.text)
    ADC1_2_IRQHandler                        0x08001043   Thumb Code     0  startup_stm32f10x_hd.o(.text)
    ADC3_IRQHandler                          0x08001043   Thumb Code     0  startup_stm32f10x_hd.o(.text)
    CAN1_RX1_IRQHandler                      0x08001043   Thumb Code     0  startup_stm32f10x_hd.o(.text)
    CAN1_SCE_IRQHandler                      0x08001043   Thumb Code     0  startup_stm32f10x_hd.o(.text)
    DMA1_Channel1_IRQHandler                 0x08001043   Thumb Code     0  startup_stm32f10x_hd.o(.text)
    DMA1_Channel2_IRQHandler                 0x08001043   Thumb Code     0  startup_stm32f10x_hd.o(.text)
    DMA1_Channel3_IRQHandler                 0x08001043   Thumb Code     0  startup_stm32f10x_hd.o(.text)
    DMA1_Channel4_IRQHandler                 0x08001043   Thumb Code     0  startup_stm32f10x_hd.o(.text)
    DMA1_Channel5_IRQHandler                 0x08001043   Thumb Code     0  startup_stm32f10x_hd.o(.text)
    DMA1_Channel6_IRQHandler                 0x08001043   Thumb Code     0  startup_stm32f10x_hd.o(.text)
    DMA1_Channel7_IRQHandler                 0x08001043   Thumb Code     0  startup_stm32f10x_hd.o(.text)
    DMA2_Channel1_IRQHandler                 0x08001043   Thumb Code     0  startup_stm32f10x_hd.o(.text)
    DMA2_Channel2_IRQHandler                 0x08001043   Thumb Code     0  startup_stm32f10x_hd.o(.text)
    DMA2_Channel3_IRQHandler                 0x08001043   Thumb Code     0  startup_stm32f10x_hd.o(.text)
    DMA2_Channel4_5_IRQHandler               0x08001043   Thumb Code     0  startup_stm32f10x_hd.o(.text)
    EXTI0_IRQHandler                         0x08001043   Thumb Code     0  startup_stm32f10x_hd.o(.text)
    EXTI15_10_IRQHandler                     0x08001043   Thumb Code     0  startup_stm32f10x_hd.o(.text)
    EXTI1_IRQHandler                         0x08001043   Thumb Code     0  startup_stm32f10x_hd.o(.text)
    EXTI2_IRQHandler                         0x08001043   Thumb Code     0  startup_stm32f10x_hd.o(.text)
    EXTI3_IRQHandler                         0x08001043   Thumb Code     0  startup_stm32f10x_hd.o(.text)
    EXTI4_IRQHandler                         0x08001043   Thumb Code     0  startup_stm32f10x_hd.o(.text)
    EXTI9_5_IRQHandler                       0x08001043   Thumb Code     0  startup_stm32f10x_hd.o(.text)
    FLASH_IRQHandler                         0x08001043   Thumb Code     0  startup_stm32f10x_hd.o(.text)
    FSMC_IRQHandler                          0x08001043   Thumb Code     0  startup_stm32f10x_hd.o(.text)
    I2C1_ER_IRQHandler                       0x08001043   Thumb Code     0  startup_stm32f10x_hd.o(.text)
    I2C1_EV_IRQHandler                       0x08001043   Thumb Code     0  startup_stm32f10x_hd.o(.text)
    I2C2_ER_IRQHandler                       0x08001043   Thumb Code     0  startup_stm32f10x_hd.o(.text)
    I2C2_EV_IRQHandler                       0x08001043   Thumb Code     0  startup_stm32f10x_hd.o(.text)
    PVD_IRQHandler                           0x08001043   Thumb Code     0  startup_stm32f10x_hd.o(.text)
    RCC_IRQHandler                           0x08001043   Thumb Code     0  startup_stm32f10x_hd.o(.text)
    RTCAlarm_IRQHandler                      0x08001043   Thumb Code     0  startup_stm32f10x_hd.o(.text)
    RTC_IRQHandler                           0x08001043   Thumb Code     0  startup_stm32f10x_hd.o(.text)
    SDIO_IRQHandler                          0x08001043   Thumb Code     0  startup_stm32f10x_hd.o(.text)
    SPI1_IRQHandler                          0x08001043   Thumb Code     0  startup_stm32f10x_hd.o(.text)
    SPI2_IRQHandler                          0x08001043   Thumb Code     0  startup_stm32f10x_hd.o(.text)
    SPI3_IRQHandler                          0x08001043   Thumb Code     0  startup_stm32f10x_hd.o(.text)
    TAMPER_IRQHandler                        0x08001043   Thumb Code     0  startup_stm32f10x_hd.o(.text)
    TIM1_BRK_IRQHandler                      0x08001043   Thumb Code     0  startup_stm32f10x_hd.o(.text)
    TIM1_CC_IRQHandler                       0x08001043   Thumb Code     0  startup_stm32f10x_hd.o(.text)
    TIM1_TRG_COM_IRQHandler                  0x08001043   Thumb Code     0  startup_stm32f10x_hd.o(.text)
    TIM1_UP_IRQHandler                       0x08001043   Thumb Code     0  startup_stm32f10x_hd.o(.text)
    TIM2_IRQHandler                          0x08001043   Thumb Code     0  startup_stm32f10x_hd.o(.text)
    TIM3_IRQHandler                          0x08001043   Thumb Code     0  startup_stm32f10x_hd.o(.text)
    TIM4_IRQHandler                          0x08001043   Thumb Code     0  startup_stm32f10x_hd.o(.text)
    TIM5_IRQHandler                          0x08001043   Thumb Code     0  startup_stm32f10x_hd.o(.text)
    TIM6_IRQHandler                          0x08001043   Thumb Code     0  startup_stm32f10x_hd.o(.text)
    TIM7_IRQHandler                          0x08001043   Thumb Code     0  startup_stm32f10x_hd.o(.text)
    TIM8_BRK_IRQHandler                      0x08001043   Thumb Code     0  startup_stm32f10x_hd.o(.text)
    TIM8_CC_IRQHandler                       0x08001043   Thumb Code     0  startup_stm32f10x_hd.o(.text)
    TIM8_TRG_COM_IRQHandler                  0x08001043   Thumb Code     0  startup_stm32f10x_hd.o(.text)
    TIM8_UP_IRQHandler                       0x08001043   Thumb Code     0  startup_stm32f10x_hd.o(.text)
    UART4_IRQHandler                         0x08001043   Thumb Code     0  startup_stm32f10x_hd.o(.text)
    UART5_IRQHandler                         0x08001043   Thumb Code     0  startup_stm32f10x_hd.o(.text)
    USART2_IRQHandler                        0x08001043   Thumb Code     0  startup_stm32f10x_hd.o(.text)
    USBWakeUp_IRQHandler                     0x08001043   Thumb Code     0  startup_stm32f10x_hd.o(.text)
    USB_HP_CAN1_TX_IRQHandler                0x08001043   Thumb Code     0  startup_stm32f10x_hd.o(.text)
    USB_LP_CAN1_RX0_IRQHandler               0x08001043   Thumb Code     0  startup_stm32f10x_hd.o(.text)
    WWDG_IRQHandler                          0x08001043   Thumb Code     0  startup_stm32f10x_hd.o(.text)
    __user_initial_stackheap                 0x08001045   Thumb Code     0  startup_stm32f10x_hd.o(.text)
    NVIC_PriorityGroupConfig                 0x08001069   Thumb Code    10  misc.o(.text)
    NVIC_Init                                0x08001073   Thumb Code   100  misc.o(.text)
    NVIC_SetVectorTable                      0x080010d7   Thumb Code    14  misc.o(.text)
    NVIC_SystemLPConfig                      0x080010e5   Thumb Code    34  misc.o(.text)
    SysTick_CLKSourceConfig                  0x08001107   Thumb Code    40  misc.o(.text)
    GPIO_DeInit                              0x08001145   Thumb Code   172  stm32f10x_gpio.o(.text)
    GPIO_AFIODeInit                          0x080011f1   Thumb Code    20  stm32f10x_gpio.o(.text)
    GPIO_Init                                0x08001205   Thumb Code   278  stm32f10x_gpio.o(.text)
    GPIO_StructInit                          0x0800131b   Thumb Code    16  stm32f10x_gpio.o(.text)
    GPIO_ReadInputDataBit                    0x0800132b   Thumb Code    18  stm32f10x_gpio.o(.text)
    GPIO_ReadInputData                       0x0800133d   Thumb Code     8  stm32f10x_gpio.o(.text)
    GPIO_ReadOutputDataBit                   0x08001345   Thumb Code    18  stm32f10x_gpio.o(.text)
    GPIO_ReadOutputData                      0x08001357   Thumb Code     8  stm32f10x_gpio.o(.text)
    GPIO_SetBits                             0x0800135f   Thumb Code     4  stm32f10x_gpio.o(.text)
    GPIO_ResetBits                           0x08001363   Thumb Code     4  stm32f10x_gpio.o(.text)
    GPIO_WriteBit                            0x08001367   Thumb Code    10  stm32f10x_gpio.o(.text)
    GPIO_Write                               0x08001371   Thumb Code     4  stm32f10x_gpio.o(.text)
    GPIO_PinLockConfig                       0x08001375   Thumb Code    18  stm32f10x_gpio.o(.text)
    GPIO_EventOutputConfig                   0x08001387   Thumb Code    26  stm32f10x_gpio.o(.text)
    GPIO_EventOutputCmd                      0x080013a1   Thumb Code     6  stm32f10x_gpio.o(.text)
    GPIO_PinRemapConfig                      0x080013a7   Thumb Code   138  stm32f10x_gpio.o(.text)
    GPIO_EXTILineConfig                      0x08001431   Thumb Code    66  stm32f10x_gpio.o(.text)
    GPIO_ETH_MediaInterfaceConfig            0x08001473   Thumb Code     8  stm32f10x_gpio.o(.text)
    RCC_DeInit                               0x080014a1   Thumb Code    64  stm32f10x_rcc.o(.text)
    RCC_HSEConfig                            0x080014e1   Thumb Code    70  stm32f10x_rcc.o(.text)
    RCC_GetFlagStatus                        0x08001527   Thumb Code    56  stm32f10x_rcc.o(.text)
    RCC_WaitForHSEStartUp                    0x0800155f   Thumb Code    56  stm32f10x_rcc.o(.text)
    RCC_AdjustHSICalibrationValue            0x08001597   Thumb Code    20  stm32f10x_rcc.o(.text)
    RCC_HSICmd                               0x080015ab   Thumb Code     6  stm32f10x_rcc.o(.text)
    RCC_PLLConfig                            0x080015b1   Thumb Code    24  stm32f10x_rcc.o(.text)
    RCC_PLLCmd                               0x080015c9   Thumb Code     6  stm32f10x_rcc.o(.text)
    RCC_SYSCLKConfig                         0x080015cf   Thumb Code    18  stm32f10x_rcc.o(.text)
    RCC_GetSYSCLKSource                      0x080015e1   Thumb Code    10  stm32f10x_rcc.o(.text)
    RCC_HCLKConfig                           0x080015eb   Thumb Code    18  stm32f10x_rcc.o(.text)
    RCC_PCLK1Config                          0x080015fd   Thumb Code    18  stm32f10x_rcc.o(.text)
    RCC_PCLK2Config                          0x0800160f   Thumb Code    20  stm32f10x_rcc.o(.text)
    RCC_ITConfig                             0x08001623   Thumb Code    26  stm32f10x_rcc.o(.text)
    RCC_USBCLKConfig                         0x0800163d   Thumb Code     8  stm32f10x_rcc.o(.text)
    RCC_ADCCLKConfig                         0x08001645   Thumb Code    18  stm32f10x_rcc.o(.text)
    RCC_LSEConfig                            0x08001657   Thumb Code    50  stm32f10x_rcc.o(.text)
    RCC_LSICmd                               0x08001689   Thumb Code     6  stm32f10x_rcc.o(.text)
    RCC_RTCCLKConfig                         0x0800168f   Thumb Code    12  stm32f10x_rcc.o(.text)
    RCC_RTCCLKCmd                            0x0800169b   Thumb Code     8  stm32f10x_rcc.o(.text)
    RCC_GetClocksFreq                        0x080016a3   Thumb Code   192  stm32f10x_rcc.o(.text)
    RCC_AHBPeriphClockCmd                    0x08001763   Thumb Code    26  stm32f10x_rcc.o(.text)
    RCC_APB2PeriphClockCmd                   0x0800177d   Thumb Code    26  stm32f10x_rcc.o(.text)
    RCC_APB1PeriphClockCmd                   0x08001797   Thumb Code    26  stm32f10x_rcc.o(.text)
    RCC_APB2PeriphResetCmd                   0x080017b1   Thumb Code    26  stm32f10x_rcc.o(.text)
    RCC_APB1PeriphResetCmd                   0x080017cb   Thumb Code    26  stm32f10x_rcc.o(.text)
    RCC_BackupResetCmd                       0x080017e5   Thumb Code     8  stm32f10x_rcc.o(.text)
    RCC_ClockSecuritySystemCmd               0x080017ed   Thumb Code     6  stm32f10x_rcc.o(.text)
    RCC_MCOConfig                            0x080017f3   Thumb Code     6  stm32f10x_rcc.o(.text)
    RCC_ClearFlag                            0x080017f9   Thumb Code    14  stm32f10x_rcc.o(.text)
    RCC_GetITStatus                          0x08001807   Thumb Code    20  stm32f10x_rcc.o(.text)
    RCC_ClearITPendingBit                    0x0800181b   Thumb Code     6  stm32f10x_rcc.o(.text)
    USART_DeInit                             0x08001845   Thumb Code   134  stm32f10x_usart.o(.text)
    USART_Init                               0x080018cb   Thumb Code   210  stm32f10x_usart.o(.text)
    USART_StructInit                         0x0800199d   Thumb Code    24  stm32f10x_usart.o(.text)
    USART_ClockInit                          0x080019b5   Thumb Code    34  stm32f10x_usart.o(.text)
    USART_ClockStructInit                    0x080019d7   Thumb Code    12  stm32f10x_usart.o(.text)
    USART_Cmd                                0x080019e3   Thumb Code    24  stm32f10x_usart.o(.text)
    USART_ITConfig                           0x080019fb   Thumb Code    74  stm32f10x_usart.o(.text)
    USART_DMACmd                             0x08001a45   Thumb Code    18  stm32f10x_usart.o(.text)
    USART_SetAddress                         0x08001a57   Thumb Code    18  stm32f10x_usart.o(.text)
    USART_WakeUpConfig                       0x08001a69   Thumb Code    18  stm32f10x_usart.o(.text)
    USART_ReceiverWakeUpCmd                  0x08001a7b   Thumb Code    24  stm32f10x_usart.o(.text)
    USART_LINBreakDetectLengthConfig         0x08001a93   Thumb Code    18  stm32f10x_usart.o(.text)
    USART_LINCmd                             0x08001aa5   Thumb Code    24  stm32f10x_usart.o(.text)
    USART_SendData                           0x08001abd   Thumb Code     8  stm32f10x_usart.o(.text)
    USART_ReceiveData                        0x08001ac5   Thumb Code    10  stm32f10x_usart.o(.text)
    USART_SendBreak                          0x08001acf   Thumb Code    10  stm32f10x_usart.o(.text)
    USART_SetGuardTime                       0x08001ad9   Thumb Code    16  stm32f10x_usart.o(.text)
    USART_SetPrescaler                       0x08001ae9   Thumb Code    16  stm32f10x_usart.o(.text)
    USART_SmartCardCmd                       0x08001af9   Thumb Code    24  stm32f10x_usart.o(.text)
    USART_SmartCardNACKCmd                   0x08001b11   Thumb Code    24  stm32f10x_usart.o(.text)
    USART_HalfDuplexCmd                      0x08001b29   Thumb Code    24  stm32f10x_usart.o(.text)
    USART_OverSampling8Cmd                   0x08001b41   Thumb Code    22  stm32f10x_usart.o(.text)
    USART_OneBitMethodCmd                    0x08001b57   Thumb Code    24  stm32f10x_usart.o(.text)
    USART_IrDAConfig                         0x08001b6f   Thumb Code    18  stm32f10x_usart.o(.text)
    USART_IrDACmd                            0x08001b81   Thumb Code    24  stm32f10x_usart.o(.text)
    USART_GetFlagStatus                      0x08001b99   Thumb Code    26  stm32f10x_usart.o(.text)
    USART_ClearFlag                          0x08001bb3   Thumb Code    18  stm32f10x_usart.o(.text)
    USART_GetITStatus                        0x08001bc5   Thumb Code    84  stm32f10x_usart.o(.text)
    USART_ClearITPendingBit                  0x08001c19   Thumb Code    52  stm32f10x_usart.o(.text)
    ESP8266_Clear                            0x08001c4d   Thumb Code    18  esp8266.o(.text)
    ESP8266_WaitRecive                       0x08001c5f   Thumb Code    42  esp8266.o(.text)
    ESP8266_SendCmd                          0x08001c89   Thumb Code    76  esp8266.o(.text)
    ESP8266_SendData                         0x08001cd5   Thumb Code    46  esp8266.o(.text)
    ESP8266_GetIPD                           0x08001d03   Thumb Code    66  esp8266.o(.text)
    ESP8266_Init                             0x08001d45   Thumb Code   288  esp8266.o(.text)
    USART3_IRQHandler                        0x08001e65   Thumb Code    62  esp8266.o(.text)
    MQTT_NewBuffer                           0x08001fe5   Thumb Code    88  mqttkit.o(.text)
    MQTT_DeleteBuffer                        0x0800203d   Thumb Code    28  mqttkit.o(.text)
    MQTT_DumpLength                          0x08002059   Thumb Code    46  mqttkit.o(.text)
    MQTT_ReadLength                          0x08002087   Thumb Code    70  mqttkit.o(.text)
    MQTT_UnPacketRecv                        0x080020cd   Thumb Code   106  mqttkit.o(.text)
    MQTT_PacketConnect                       0x08002137   Thumb Code   666  mqttkit.o(.text)
    MQTT_PacketDisConnect                    0x080023d1   Thumb Code    48  mqttkit.o(.text)
    MQTT_UnPacketConnectAck                  0x08002401   Thumb Code    30  mqttkit.o(.text)
    MQTT_PacketPublish                       0x0800241f   Thumb Code   452  mqttkit.o(.text)
    MQTT_PacketSaveData                      0x080025e3   Thumb Code    88  mqttkit.o(.text)
    MQTT_PacketSaveBinData                   0x0800263b   Thumb Code   192  mqttkit.o(.text)
    MQTT_UnPacketCmd                         0x080026fb   Thumb Code   140  mqttkit.o(.text)
    MQTT_PacketCmdResp                       0x08002787   Thumb Code   132  mqttkit.o(.text)
    MQTT_PacketSubscribe                     0x0800280b   Thumb Code   254  mqttkit.o(.text)
    MQTT_UnPacketSubscribe                   0x08002909   Thumb Code    52  mqttkit.o(.text)
    MQTT_PacketUnSubscribe                   0x0800293d   Thumb Code   268  mqttkit.o(.text)
    MQTT_UnPacketUnSubscribe                 0x08002a49   Thumb Code    18  mqttkit.o(.text)
    MQTT_UnPacketPublish                     0x08002a5b   Thumb Code   440  mqttkit.o(.text)
    MQTT_PacketPublishAck                    0x08002c13   Thumb Code    72  mqttkit.o(.text)
    MQTT_UnPacketPublishAck                  0x08002c5b   Thumb Code    30  mqttkit.o(.text)
    MQTT_PacketPublishRec                    0x08002c79   Thumb Code    72  mqttkit.o(.text)
    MQTT_UnPacketPublishRec                  0x08002cc1   Thumb Code    30  mqttkit.o(.text)
    MQTT_PacketPublishRel                    0x08002cdf   Thumb Code    72  mqttkit.o(.text)
    MQTT_UnPacketPublishRel                  0x08002d27   Thumb Code    36  mqttkit.o(.text)
    MQTT_PacketPublishComp                   0x08002d4b   Thumb Code    72  mqttkit.o(.text)
    MQTT_UnPacketPublishComp                 0x08002d93   Thumb Code    30  mqttkit.o(.text)
    MQTT_PacketPing                          0x08002db1   Thumb Code    48  mqttkit.o(.text)
    OneNet_DevLink                           0x08002de1   Thumb Code   212  onenet.o(.text)
    OneNet_Subscribe                         0x08002eb5   Thumb Code    80  onenet.o(.text)
    OneNet_Publish                           0x08002f05   Thumb Code    86  onenet.o(.text)
    OneNet_RevPro                            0x08002f5b   Thumb Code  1432  onenet.o(.text)
    malloc                                   0x08003519   Thumb Code    94  h1_alloc.o(.text)
    free                                     0x08003577   Thumb Code    78  h1_free.o(.text)
    __c89vsnprintf                           0x080035c5   Thumb Code    48  c89vsnprintf.o(.text)
    __2sprintf                               0x080035f9   Thumb Code    38  __2sprintf.o(.text)
    _printf_str                              0x08003625   Thumb Code    82  _printf_str.o(.text)
    _printf_int_dec                          0x08003679   Thumb Code   104  _printf_dec.o(.text)
    __printf                                 0x080036f1   Thumb Code   388  __printf_flags_ss_wp.o(.text)
    atoi                                     0x08003879   Thumb Code    26  atoi.o(.text)
    strchr                                   0x08003893   Thumb Code    20  strchr.o(.text)
    strncat                                  0x080038a7   Thumb Code    36  strncat.o(.text)
    strstr                                   0x080038cb   Thumb Code    36  strstr.o(.text)
    strlen                                   0x080038ef   Thumb Code    62  strlen.o(.text)
    __aeabi_memcpy                           0x0800392d   Thumb Code     0  rt_memcpy_v6.o(.text)
    __rt_memcpy                              0x0800392d   Thumb Code   138  rt_memcpy_v6.o(.text)
    _memcpy_lastbytes                        0x08003993   Thumb Code     0  rt_memcpy_v6.o(.text)
    __aeabi_memclr                           0x080039b7   Thumb Code     0  rt_memclr.o(.text)
    __rt_memclr                              0x080039b7   Thumb Code    68  rt_memclr.o(.text)
    _memset                                  0x080039bb   Thumb Code     0  rt_memclr.o(.text)
    __use_two_region_memory                  0x080039fb   Thumb Code     2  heapauxi.o(.text)
    __rt_heap_escrow                         0x080039fd   Thumb Code     2  heapauxi.o(.text)
    __rt_heap_expand                         0x080039ff   Thumb Code     2  heapauxi.o(.text)
    __rt_heap_descriptor                     0x08003a01   Thumb Code     8  rt_heap_descriptor_intlibspace.o(.text)
    __aeabi_errno_addr                       0x08003a09   Thumb Code     8  rt_errno_addr_intlibspace.o(.text)
    __errno$intlibspace                      0x08003a09   Thumb Code     0  rt_errno_addr_intlibspace.o(.text)
    __rt_errno_addr$intlibspace              0x08003a09   Thumb Code     0  rt_errno_addr_intlibspace.o(.text)
    __use_no_heap                            0x08003a11   Thumb Code     2  hguard.o(.text)
    __heap$guard                             0x08003a13   Thumb Code     2  hguard.o(.text)
    _terminate_user_alloc                    0x08003a15   Thumb Code     2  init_alloc.o(.text)
    _init_user_alloc                         0x08003a17   Thumb Code     2  init_alloc.o(.text)
    __Heap_Full                              0x08003a19   Thumb Code    34  init_alloc.o(.text)
    __Heap_Broken                            0x08003a3b   Thumb Code     6  init_alloc.o(.text)
    _init_alloc                              0x08003a41   Thumb Code    94  init_alloc.o(.text)
    __Heap_Initialize                        0x08003a9f   Thumb Code    10  h1_init.o(.text)
    __Heap_DescSize                          0x08003aa9   Thumb Code     4  h1_init.o(.text)
    _printf_pre_padding                      0x08003aad   Thumb Code    44  _printf_pad.o(.text)
    _printf_post_padding                     0x08003ad9   Thumb Code    34  _printf_pad.o(.text)
    _printf_truncate_signed                  0x08003afb   Thumb Code    18  _printf_truncate.o(.text)
    _printf_truncate_unsigned                0x08003b0d   Thumb Code    18  _printf_truncate.o(.text)
    _printf_int_common                       0x08003b1f   Thumb Code   178  _printf_intcommon.o(.text)
    _printf_charcount                        0x08003bd1   Thumb Code    40  _printf_charcount.o(.text)
    _printf_char_common                      0x08003c03   Thumb Code    32  _printf_char_common.o(.text)
    _sputc                                   0x08003c29   Thumb Code    10  _sputc.o(.text)
    _snputc                                  0x08003c33   Thumb Code    16  _snputc.o(.text)
    _printf_cs_common                        0x08003c43   Thumb Code    20  _printf_char.o(.text)
    _printf_char                             0x08003c57   Thumb Code    16  _printf_char.o(.text)
    _printf_string                           0x08003c67   Thumb Code     8  _printf_char.o(.text)
    _printf_wctomb                           0x08003c71   Thumb Code   182  _printf_wctomb.o(.text)
    _printf_longlong_dec                     0x08003d2d   Thumb Code   108  _printf_longlong_dec.o(.text)
    _printf_longlong_oct                     0x08003da9   Thumb Code    68  _printf_oct_int_ll.o(.text)
    _printf_int_oct                          0x08003ded   Thumb Code    24  _printf_oct_int_ll.o(.text)
    _printf_ll_oct                           0x08003e05   Thumb Code    12  _printf_oct_int_ll.o(.text)
    _printf_longlong_hex                     0x08003e19   Thumb Code    86  _printf_hex_int_ll_ptr.o(.text)
    _printf_int_hex                          0x08003e6f   Thumb Code    28  _printf_hex_int_ll_ptr.o(.text)
    _printf_ll_hex                           0x08003e8b   Thumb Code    12  _printf_hex_int_ll_ptr.o(.text)
    _printf_hex_ptr                          0x08003e97   Thumb Code    18  _printf_hex_int_ll_ptr.o(.text)
    strtol                                   0x08003ead   Thumb Code   112  strtol.o(.text)
    __aeabi_memcpy4                          0x08003f1d   Thumb Code     0  rt_memcpy_w.o(.text)
    __aeabi_memcpy8                          0x08003f1d   Thumb Code     0  rt_memcpy_w.o(.text)
    __rt_memcpy_w                            0x08003f1d   Thumb Code   100  rt_memcpy_w.o(.text)
    _memcpy_lastbytes_aligned                0x08003f65   Thumb Code     0  rt_memcpy_w.o(.text)
    __aeabi_memclr4                          0x08003f81   Thumb Code     0  rt_memclr_w.o(.text)
    __aeabi_memclr8                          0x08003f81   Thumb Code     0  rt_memclr_w.o(.text)
    __rt_memclr_w                            0x08003f81   Thumb Code    78  rt_memclr_w.o(.text)
    _memset_w                                0x08003f85   Thumb Code     0  rt_memclr_w.o(.text)
    __user_libspace                          0x08003fd1   Thumb Code     8  libspace.o(.text)
    __user_perproc_libspace                  0x08003fd1   Thumb Code     0  libspace.o(.text)
    __user_perthread_libspace                0x08003fd1   Thumb Code     0  libspace.o(.text)
    __rt_ctype_table                         0x08003fd9   Thumb Code    16  rt_ctype_table.o(.text)
    __Heap_ProvideMemory                     0x08003fe9   Thumb Code    52  h1_extend.o(.text)
    _ll_udiv10                               0x0800401d   Thumb Code   138  lludiv10.o(.text)
    __lib_sel_fp_printf                      0x080040a7   Thumb Code     2  _printf_fp_dec.o(.text)
    _printf_fp_dec_real                      0x08004255   Thumb Code   620  _printf_fp_dec.o(.text)
    _printf_lcs_common                       0x080044c1   Thumb Code    20  _printf_wchar.o(.text)
    _printf_wchar                            0x080044d5   Thumb Code    16  _printf_wchar.o(.text)
    _printf_wstring                          0x080044e5   Thumb Code     8  _printf_wchar.o(.text)
    _strtoul                                 0x080044ed   Thumb Code   158  _strtoul.o(.text)
    _wcrtomb                                 0x0800458b   Thumb Code    64  _wcrtomb.o(.text)
    __rt_SIGRTMEM                            0x080045cb   Thumb Code    14  defsig_rtmem_outer.o(.text)
    __I$use$semihosting                      0x080045d9   Thumb Code     0  use_no_semi.o(.text)
    __use_no_semihosting_swi                 0x080045d9   Thumb Code     2  use_no_semi.o(.text)
    __semihosting_library_function           0x080045db   Thumb Code     0  indicate_semi.o(.text)
    __user_setup_stackheap                   0x080045db   Thumb Code    74  sys_stackheap_outer.o(.text)
    __rt_locale                              0x08004625   Thumb Code     8  rt_locale_intlibspace.o(.text)
    _printf_fp_infnan                        0x0800462d   Thumb Code   112  _printf_fp_infnan.o(.text)
    _chval                                   0x080046ad   Thumb Code    28  _chval.o(.text)
    _btod_etento                             0x080046c9   Thumb Code   216  bigflt0.o(.text)
    exit                                     0x080047a5   Thumb Code    12  exit.o(.text)
    __sig_exit                               0x080047b1   Thumb Code    10  defsig_exit.o(.text)
    __rt_SIGRTMEM_inner                      0x080047bd   Thumb Code    22  defsig_rtmem_inner.o(.text)
    _sys_exit                                0x0800480d   Thumb Code     8  sys_exit.o(.text)
    __default_signal_display                 0x08004819   Thumb Code    50  defsig_general.o(.text)
    strcmp                                   0x0800484d   Thumb Code   128  strcmpv7m.o(.text)
    _ttywrch                                 0x080048cd   Thumb Code    14  sys_wrch.o(.text)
    _btod_d2e                                0x080048db   Thumb Code    62  btod.o(CL$$btod_d2e)
    _d2e_denorm_low                          0x08004919   Thumb Code    70  btod.o(CL$$btod_d2e_denorm_low)
    _d2e_norm_op1                            0x0800495f   Thumb Code    96  btod.o(CL$$btod_d2e_norm_op1)
    __btod_div_common                        0x080049bf   Thumb Code   696  btod.o(CL$$btod_div_common)
    _e2e                                     0x08004cf7   Thumb Code   198  btod.o(CL$$btod_e2e)
    _btod_ediv                               0x08004dbd   Thumb Code    40  btod.o(CL$$btod_ediv)
    _btod_emul                               0x08004de5   Thumb Code    40  btod.o(CL$$btod_emul)
    __btod_mult_common                       0x08004e0d   Thumb Code   580  btod.o(CL$$btod_mult_common)
    __ARM_fpclassify                         0x08005051   Thumb Code    40  fpclassify.o(i.__ARM_fpclassify)
    _is_digit                                0x08005079   Thumb Code    14  __printf_wp.o(i._is_digit)
    _get_lc_ctype                            0x08005089   Thumb Code    44  lc_ctype_c.o(locale$$code)
    _get_lc_numeric                          0x080050b5   Thumb Code    44  lc_numeric_c.o(locale$$code)
    __aeabi_dadd                             0x080050e1   Thumb Code     0  daddsub_clz.o(x$fpl$dadd)
    _dadd                                    0x080050e1   Thumb Code   332  daddsub_clz.o(x$fpl$dadd)
    __aeabi_ddiv                             0x08005231   Thumb Code     0  ddiv.o(x$fpl$ddiv)
    _ddiv                                    0x08005231   Thumb Code   552  ddiv.o(x$fpl$ddiv)
    __aeabi_d2iz                             0x080054e1   Thumb Code     0  dfix.o(x$fpl$dfix)
    _dfix                                    0x080054e1   Thumb Code    94  dfix.o(x$fpl$dfix)
    __aeabi_dmul                             0x08005541   Thumb Code     0  dmul.o(x$fpl$dmul)
    _dmul                                    0x08005541   Thumb Code   332  dmul.o(x$fpl$dmul)
    __fpl_dnaninf                            0x08005695   Thumb Code   156  dnaninf.o(x$fpl$dnaninf)
    __fpl_dretinf                            0x08005731   Thumb Code    12  dretinf.o(x$fpl$dretinf)
    __aeabi_dsub                             0x0800573d   Thumb Code     0  daddsub_clz.o(x$fpl$dsub)
    _dsub                                    0x0800573d   Thumb Code   464  daddsub_clz.o(x$fpl$dsub)
    __aeabi_f2d                              0x08005911   Thumb Code     0  f2d.o(x$fpl$f2d)
    _f2d                                     0x08005911   Thumb Code    86  f2d.o(x$fpl$f2d)
    __aeabi_ui2f                             0x08005969   Thumb Code     0  fflt_clz.o(x$fpl$ffltu)
    _ffltu                                   0x08005969   Thumb Code    38  fflt_clz.o(x$fpl$ffltu)
    __fpl_fnaninf                            0x0800598f   Thumb Code   140  fnaninf.o(x$fpl$fnaninf)
    _printf_fp_dec                           0x08005a1b   Thumb Code     4  printf1.o(x$fpl$printf1)
    __I$use$fp                               0x08005a1e   Number         0  usenofp.o(x$fpl$usenofp)
    Region$$Table$$Base                      0x08005b00   Number         0  anon$$obj.o(Region$$Table)
    Region$$Table$$Limit                     0x08005b20   Number         0  anon$$obj.o(Region$$Table)
    __ctype                                  0x08005b2d   Data           0  lc_ctype_c.o(locale$$data)
    light                                    0x20000000   Data           1  main.o(.data)
    topics                                   0x20000004   Data           4  main.o(.data)
    timeCount                                0x20000008   Data           2  main.o(.data)
    dataPtr                                  0x2000000c   Data           4  main.o(.data)
    SystemCoreClock                          0x20000010   Data           4  system_stm32f10x.o(.data)
    AHBPrescTable                            0x20000014   Data          16  system_stm32f10x.o(.data)
    esp8266_cnt                              0x2000003c   Data           2  esp8266.o(.data)
    esp8266_cntPre                           0x2000003e   Data           2  esp8266.o(.data)
    esp8266_buf                              0x20000044   Data         128  esp8266.o(.bss)
    __libspace_start                         0x200000c4   Data          96  libspace.o(.bss)
    __temporary_stack_top$libspace           0x20000124   Data           0  libspace.o(.bss)



==============================================================================

Memory Map of the image

  Image Entry point : 0x08000131

  Load Region LR_IROM1 (Base: 0x08000000, Size: 0x00005c90, Max: 0x00080000, ABSOLUTE)

    Execution Region ER_IROM1 (Base: 0x08000000, Size: 0x00005c4c, Max: 0x00080000, ABSOLUTE)

    Base Addr    Size         Type   Attr      Idx    E Section Name        Object

    0x08000000   0x00000130   Data   RO          332    RESET               startup_stm32f10x_hd.o
    0x08000130   0x00000008   Code   RO          567  * !!!main             c_w.l(__main.o)
    0x08000138   0x00000034   Code   RO          940    !!!scatter          c_w.l(__scatter.o)
    0x0800016c   0x0000001a   Code   RO          942    !!handler_copy      c_w.l(__scatter_copy.o)
    0x08000186   0x00000002   PAD
    0x08000188   0x0000001c   Code   RO          944    !!handler_zi        c_w.l(__scatter_zi.o)
    0x080001a4   0x00000000   Code   RO          550    .ARM.Collect$$_printf_percent$$00000000  c_w.l(_printf_percent.o)
    0x080001a4   0x00000006   Code   RO          675    .ARM.Collect$$_printf_percent$$00000001  c_w.l(_printf_n.o)
    0x080001aa   0x00000006   Code   RO          677    .ARM.Collect$$_printf_percent$$00000002  c_w.l(_printf_p.o)
    0x080001b0   0x00000006   Code   RO          681    .ARM.Collect$$_printf_percent$$00000003  c_w.l(_printf_f.o)
    0x080001b6   0x00000006   Code   RO          682    .ARM.Collect$$_printf_percent$$00000004  c_w.l(_printf_e.o)
    0x080001bc   0x00000006   Code   RO          683    .ARM.Collect$$_printf_percent$$00000005  c_w.l(_printf_g.o)
    0x080001c2   0x00000006   Code   RO          684    .ARM.Collect$$_printf_percent$$00000006  c_w.l(_printf_a.o)
    0x080001c8   0x0000000a   Code   RO          689    .ARM.Collect$$_printf_percent$$00000007  c_w.l(_printf_ll.o)
    0x080001d2   0x00000006   Code   RO          679    .ARM.Collect$$_printf_percent$$00000008  c_w.l(_printf_i.o)
    0x080001d8   0x00000006   Code   RO          549    .ARM.Collect$$_printf_percent$$00000009  c_w.l(_printf_d.o)
    0x080001de   0x00000006   Code   RO          680    .ARM.Collect$$_printf_percent$$0000000A  c_w.l(_printf_u.o)
    0x080001e4   0x00000006   Code   RO          678    .ARM.Collect$$_printf_percent$$0000000B  c_w.l(_printf_o.o)
    0x080001ea   0x00000006   Code   RO          676    .ARM.Collect$$_printf_percent$$0000000C  c_w.l(_printf_x.o)
    0x080001f0   0x00000006   Code   RO          686    .ARM.Collect$$_printf_percent$$0000000D  c_w.l(_printf_lli.o)
    0x080001f6   0x00000006   Code   RO          687    .ARM.Collect$$_printf_percent$$0000000E  c_w.l(_printf_lld.o)
    0x080001fc   0x00000006   Code   RO          688    .ARM.Collect$$_printf_percent$$0000000F  c_w.l(_printf_llu.o)
    0x08000202   0x00000006   Code   RO          693    .ARM.Collect$$_printf_percent$$00000010  c_w.l(_printf_llo.o)
    0x08000208   0x00000006   Code   RO          694    .ARM.Collect$$_printf_percent$$00000011  c_w.l(_printf_llx.o)
    0x0800020e   0x0000000a   Code   RO          690    .ARM.Collect$$_printf_percent$$00000012  c_w.l(_printf_l.o)
    0x08000218   0x00000006   Code   RO          674    .ARM.Collect$$_printf_percent$$00000013  c_w.l(_printf_c.o)
    0x0800021e   0x00000006   Code   RO          548    .ARM.Collect$$_printf_percent$$00000014  c_w.l(_printf_s.o)
    0x08000224   0x00000006   Code   RO          691    .ARM.Collect$$_printf_percent$$00000015  c_w.l(_printf_lc.o)
    0x0800022a   0x00000006   Code   RO          692    .ARM.Collect$$_printf_percent$$00000016  c_w.l(_printf_ls.o)
    0x08000230   0x00000004   Code   RO          685    .ARM.Collect$$_printf_percent$$00000017  c_w.l(_printf_percent_end.o)
    0x08000234   0x00000002   Code   RO          874    .ARM.Collect$$libinit$$00000000  c_w.l(libinit.o)
    0x08000236   0x00000000   Code   RO          704    .ARM.Collect$$libinit$$00000002  c_w.l(libinit2.o)
    0x08000236   0x00000000   Code   RO          706    .ARM.Collect$$libinit$$00000004  c_w.l(libinit2.o)
    0x08000236   0x00000008   Code   RO          707    .ARM.Collect$$libinit$$00000005  c_w.l(libinit2.o)
    0x0800023e   0x00000000   Code   RO          709    .ARM.Collect$$libinit$$0000000A  c_w.l(libinit2.o)
    0x0800023e   0x00000000   Code   RO          711    .ARM.Collect$$libinit$$0000000C  c_w.l(libinit2.o)
    0x0800023e   0x00000000   Code   RO          713    .ARM.Collect$$libinit$$0000000E  c_w.l(libinit2.o)
    0x0800023e   0x00000006   Code   RO          714    .ARM.Collect$$libinit$$0000000F  c_w.l(libinit2.o)
    0x08000244   0x00000000   Code   RO          716    .ARM.Collect$$libinit$$00000011  c_w.l(libinit2.o)
    0x08000244   0x0000000c   Code   RO          717    .ARM.Collect$$libinit$$00000012  c_w.l(libinit2.o)
    0x08000250   0x00000000   Code   RO          718    .ARM.Collect$$libinit$$00000013  c_w.l(libinit2.o)
    0x08000250   0x00000000   Code   RO          720    .ARM.Collect$$libinit$$00000015  c_w.l(libinit2.o)
    0x08000250   0x0000000a   Code   RO          721    .ARM.Collect$$libinit$$00000016  c_w.l(libinit2.o)
    0x0800025a   0x00000000   Code   RO          722    .ARM.Collect$$libinit$$00000017  c_w.l(libinit2.o)
    0x0800025a   0x00000000   Code   RO          724    .ARM.Collect$$libinit$$00000019  c_w.l(libinit2.o)
    0x0800025a   0x00000000   Code   RO          726    .ARM.Collect$$libinit$$0000001B  c_w.l(libinit2.o)
    0x0800025a   0x00000000   Code   RO          728    .ARM.Collect$$libinit$$0000001D  c_w.l(libinit2.o)
    0x0800025a   0x00000000   Code   RO          730    .ARM.Collect$$libinit$$0000001F  c_w.l(libinit2.o)
    0x0800025a   0x00000000   Code   RO          732    .ARM.Collect$$libinit$$00000021  c_w.l(libinit2.o)
    0x0800025a   0x00000000   Code   RO          734    .ARM.Collect$$libinit$$00000023  c_w.l(libinit2.o)
    0x0800025a   0x00000000   Code   RO          736    .ARM.Collect$$libinit$$00000025  c_w.l(libinit2.o)
    0x0800025a   0x00000000   Code   RO          740    .ARM.Collect$$libinit$$0000002C  c_w.l(libinit2.o)
    0x0800025a   0x00000000   Code   RO          742    .ARM.Collect$$libinit$$0000002E  c_w.l(libinit2.o)
    0x0800025a   0x00000000   Code   RO          744    .ARM.Collect$$libinit$$00000030  c_w.l(libinit2.o)
    0x0800025a   0x00000000   Code   RO          746    .ARM.Collect$$libinit$$00000032  c_w.l(libinit2.o)
    0x0800025a   0x00000002   Code   RO          747    .ARM.Collect$$libinit$$00000033  c_w.l(libinit2.o)
    0x0800025c   0x00000002   Code   RO          937    .ARM.Collect$$libshutdown$$00000000  c_w.l(libshutdown.o)
    0x0800025e   0x00000000   Code   RO          895    .ARM.Collect$$libshutdown$$00000003  c_w.l(libshutdown2.o)
    0x0800025e   0x00000000   Code   RO          898    .ARM.Collect$$libshutdown$$00000006  c_w.l(libshutdown2.o)
    0x0800025e   0x00000000   Code   RO          901    .ARM.Collect$$libshutdown$$00000009  c_w.l(libshutdown2.o)
    0x0800025e   0x00000000   Code   RO          903    .ARM.Collect$$libshutdown$$0000000B  c_w.l(libshutdown2.o)
    0x0800025e   0x00000000   Code   RO          906    .ARM.Collect$$libshutdown$$0000000E  c_w.l(libshutdown2.o)
    0x0800025e   0x00000002   Code   RO          907    .ARM.Collect$$libshutdown$$0000000F  c_w.l(libshutdown2.o)
    0x08000260   0x00000000   Code   RO          595    .ARM.Collect$$rtentry$$00000000  c_w.l(__rtentry.o)
    0x08000260   0x00000000   Code   RO          763    .ARM.Collect$$rtentry$$00000002  c_w.l(__rtentry2.o)
    0x08000260   0x00000006   Code   RO          775    .ARM.Collect$$rtentry$$00000004  c_w.l(__rtentry4.o)
    0x08000266   0x00000000   Code   RO          765    .ARM.Collect$$rtentry$$00000009  c_w.l(__rtentry2.o)
    0x08000266   0x00000004   Code   RO          766    .ARM.Collect$$rtentry$$0000000A  c_w.l(__rtentry2.o)
    0x0800026a   0x00000000   Code   RO          768    .ARM.Collect$$rtentry$$0000000C  c_w.l(__rtentry2.o)
    0x0800026a   0x00000008   Code   RO          769    .ARM.Collect$$rtentry$$0000000D  c_w.l(__rtentry2.o)
    0x08000272   0x00000002   Code   RO          881    .ARM.Collect$$rtexit$$00000000  c_w.l(rtexit.o)
    0x08000274   0x00000000   Code   RO          911    .ARM.Collect$$rtexit$$00000002  c_w.l(rtexit2.o)
    0x08000274   0x00000004   Code   RO          912    .ARM.Collect$$rtexit$$00000003  c_w.l(rtexit2.o)
    0x08000278   0x00000006   Code   RO          913    .ARM.Collect$$rtexit$$00000004  c_w.l(rtexit2.o)
    0x0800027e   0x00000002   PAD
    0x08000280   0x00000000   Code   RO          781    .emb_text           c_w.l(maybetermalloc1.o)
    0x08000280   0x000000d8   Code   RO            1    .text               main.o
    0x08000358   0x0000001a   Code   RO          136    .text               stm32f10x_it.o
    0x08000372   0x00000002   PAD
    0x08000374   0x000001e0   Code   RO          177    .text               system_stm32f10x.o
    0x08000554   0x0000044e   Code   RO          195    .text               stm32f10x_adc.o
    0x080009a2   0x00000002   PAD
    0x080009a4   0x0000004c   Code   RO          219    .text               led.o
    0x080009f0   0x00000038   Code   RO          231    .text               beep.o
    0x08000a28   0x00000068   Code   RO          243    .text               lsens.o
    0x08000a90   0x00000230   Code   RO          255    .text               adc.o
    0x08000cc0   0x000000d4   Code   RO          267    .text               delay.o
    0x08000d94   0x00000294   Code   RO          298    .text               usart.o
    0x08001028   0x00000040   Code   RO          333    .text               startup_stm32f10x_hd.o
    0x08001068   0x000000dc   Code   RO          337    .text               misc.o
    0x08001144   0x0000035c   Code   RO          349    .text               stm32f10x_gpio.o
    0x080014a0   0x000003a4   Code   RO          361    .text               stm32f10x_rcc.o
    0x08001844   0x00000408   Code   RO          375    .text               stm32f10x_usart.o
    0x08001c4c   0x00000398   Code   RO          387    .text               esp8266.o
    0x08001fe4   0x00000dfc   Code   RO          407    .text               mqttkit.o
    0x08002de0   0x00000738   Code   RO          435    .text               onenet.o
    0x08003518   0x0000005e   Code   RO          458    .text               c_w.l(h1_alloc.o)
    0x08003576   0x0000004e   Code   RO          460    .text               c_w.l(h1_free.o)
    0x080035c4   0x00000034   Code   RO          516    .text               c_w.l(c89vsnprintf.o)
    0x080035f8   0x0000002c   Code   RO          518    .text               c_w.l(__2sprintf.o)
    0x08003624   0x00000052   Code   RO          524    .text               c_w.l(_printf_str.o)
    0x08003676   0x00000002   PAD
    0x08003678   0x00000078   Code   RO          526    .text               c_w.l(_printf_dec.o)
    0x080036f0   0x00000188   Code   RO          545    .text               c_w.l(__printf_flags_ss_wp.o)
    0x08003878   0x0000001a   Code   RO          551    .text               c_w.l(atoi.o)
    0x08003892   0x00000014   Code   RO          553    .text               c_w.l(strchr.o)
    0x080038a6   0x00000024   Code   RO          555    .text               c_w.l(strncat.o)
    0x080038ca   0x00000024   Code   RO          557    .text               c_w.l(strstr.o)
    0x080038ee   0x0000003e   Code   RO          559    .text               c_w.l(strlen.o)
    0x0800392c   0x0000008a   Code   RO          561    .text               c_w.l(rt_memcpy_v6.o)
    0x080039b6   0x00000044   Code   RO          563    .text               c_w.l(rt_memclr.o)
    0x080039fa   0x00000006   Code   RO          565    .text               c_w.l(heapauxi.o)
    0x08003a00   0x00000008   Code   RO          599    .text               c_w.l(rt_heap_descriptor_intlibspace.o)
    0x08003a08   0x00000008   Code   RO          604    .text               c_w.l(rt_errno_addr_intlibspace.o)
    0x08003a10   0x00000004   Code   RO          606    .text               c_w.l(hguard.o)
    0x08003a14   0x0000008a   Code   RO          608    .text               c_w.l(init_alloc.o)
    0x08003a9e   0x0000000e   Code   RO          612    .text               c_w.l(h1_init.o)
    0x08003aac   0x0000004e   Code   RO          626    .text               c_w.l(_printf_pad.o)
    0x08003afa   0x00000024   Code   RO          628    .text               c_w.l(_printf_truncate.o)
    0x08003b1e   0x000000b2   Code   RO          630    .text               c_w.l(_printf_intcommon.o)
    0x08003bd0   0x00000028   Code   RO          632    .text               c_w.l(_printf_charcount.o)
    0x08003bf8   0x00000030   Code   RO          634    .text               c_w.l(_printf_char_common.o)
    0x08003c28   0x0000000a   Code   RO          636    .text               c_w.l(_sputc.o)
    0x08003c32   0x00000010   Code   RO          638    .text               c_w.l(_snputc.o)
    0x08003c42   0x0000002c   Code   RO          640    .text               c_w.l(_printf_char.o)
    0x08003c6e   0x00000002   PAD
    0x08003c70   0x000000bc   Code   RO          642    .text               c_w.l(_printf_wctomb.o)
    0x08003d2c   0x0000007c   Code   RO          645    .text               c_w.l(_printf_longlong_dec.o)
    0x08003da8   0x00000070   Code   RO          651    .text               c_w.l(_printf_oct_int_ll.o)
    0x08003e18   0x00000094   Code   RO          671    .text               c_w.l(_printf_hex_int_ll_ptr.o)
    0x08003eac   0x00000070   Code   RO          695    .text               c_w.l(strtol.o)
    0x08003f1c   0x00000064   Code   RO          697    .text               c_w.l(rt_memcpy_w.o)
    0x08003f80   0x0000004e   Code   RO          699    .text               c_w.l(rt_memclr_w.o)
    0x08003fce   0x00000002   PAD
    0x08003fd0   0x00000008   Code   RO          759    .text               c_w.l(libspace.o)
    0x08003fd8   0x00000010   Code   RO          777    .text               c_w.l(rt_ctype_table.o)
    0x08003fe8   0x00000034   Code   RO          783    .text               c_w.l(h1_extend.o)
    0x0800401c   0x0000008a   Code   RO          787    .text               c_w.l(lludiv10.o)
    0x080040a6   0x0000041a   Code   RO          789    .text               c_w.l(_printf_fp_dec.o)
    0x080044c0   0x0000002c   Code   RO          793    .text               c_w.l(_printf_wchar.o)
    0x080044ec   0x0000009e   Code   RO          795    .text               c_w.l(_strtoul.o)
    0x0800458a   0x00000040   Code   RO          797    .text               c_w.l(_wcrtomb.o)
    0x080045ca   0x0000000e   Code   RO          799    .text               c_w.l(defsig_rtmem_outer.o)
    0x080045d8   0x00000002   Code   RO          810    .text               c_w.l(use_no_semi.o)
    0x080045da   0x00000000   Code   RO          812    .text               c_w.l(indicate_semi.o)
    0x080045da   0x0000004a   Code   RO          813    .text               c_w.l(sys_stackheap_outer.o)
    0x08004624   0x00000008   Code   RO          820    .text               c_w.l(rt_locale_intlibspace.o)
    0x0800462c   0x00000080   Code   RO          824    .text               c_w.l(_printf_fp_infnan.o)
    0x080046ac   0x0000001c   Code   RO          826    .text               c_w.l(_chval.o)
    0x080046c8   0x000000dc   Code   RO          828    .text               c_w.l(bigflt0.o)
    0x080047a4   0x0000000c   Code   RO          859    .text               c_w.l(exit.o)
    0x080047b0   0x0000000a   Code   RO          861    .text               c_w.l(defsig_exit.o)
    0x080047ba   0x00000002   PAD
    0x080047bc   0x00000050   Code   RO          863    .text               c_w.l(defsig_rtmem_inner.o)
    0x0800480c   0x0000000c   Code   RO          879    .text               c_w.l(sys_exit.o)
    0x08004818   0x00000032   Code   RO          889    .text               c_w.l(defsig_general.o)
    0x0800484a   0x00000002   PAD
    0x0800484c   0x00000080   Code   RO          891    .text               c_w.l(strcmpv7m.o)
    0x080048cc   0x0000000e   Code   RO          908    .text               c_w.l(sys_wrch.o)
    0x080048da   0x0000003e   Code   RO          831    CL$$btod_d2e        c_w.l(btod.o)
    0x08004918   0x00000046   Code   RO          833    CL$$btod_d2e_denorm_low  c_w.l(btod.o)
    0x0800495e   0x00000060   Code   RO          832    CL$$btod_d2e_norm_op1  c_w.l(btod.o)
    0x080049be   0x00000338   Code   RO          841    CL$$btod_div_common  c_w.l(btod.o)
    0x08004cf6   0x000000c6   Code   RO          838    CL$$btod_e2e        c_w.l(btod.o)
    0x08004dbc   0x00000028   Code   RO          835    CL$$btod_ediv       c_w.l(btod.o)
    0x08004de4   0x00000028   Code   RO          834    CL$$btod_emul       c_w.l(btod.o)
    0x08004e0c   0x00000244   Code   RO          840    CL$$btod_mult_common  c_w.l(btod.o)
    0x08005050   0x00000028   Code   RO          877    i.__ARM_fpclassify  m_ws.l(fpclassify.o)
    0x08005078   0x0000000e   Code   RO          538    i._is_digit         c_w.l(__printf_wp.o)
    0x08005086   0x00000002   PAD
    0x08005088   0x0000002c   Code   RO          854    locale$$code        c_w.l(lc_ctype_c.o)
    0x080050b4   0x0000002c   Code   RO          857    locale$$code        c_w.l(lc_numeric_c.o)
    0x080050e0   0x00000150   Code   RO          569    x$fpl$dadd          fz_ws.l(daddsub_clz.o)
    0x08005230   0x000002b0   Code   RO          576    x$fpl$ddiv          fz_ws.l(ddiv.o)
    0x080054e0   0x0000005e   Code   RO          579    x$fpl$dfix          fz_ws.l(dfix.o)
    0x0800553e   0x00000002   PAD
    0x08005540   0x00000154   Code   RO          583    x$fpl$dmul          fz_ws.l(dmul.o)
    0x08005694   0x0000009c   Code   RO          748    x$fpl$dnaninf       fz_ws.l(dnaninf.o)
    0x08005730   0x0000000c   Code   RO          750    x$fpl$dretinf       fz_ws.l(dretinf.o)
    0x0800573c   0x000001d4   Code   RO          571    x$fpl$dsub          fz_ws.l(daddsub_clz.o)
    0x08005910   0x00000056   Code   RO          585    x$fpl$f2d           fz_ws.l(f2d.o)
    0x08005966   0x00000002   PAD
    0x08005968   0x00000026   Code   RO          587    x$fpl$ffltu         fz_ws.l(fflt_clz.o)
    0x0800598e   0x0000008c   Code   RO          752    x$fpl$fnaninf       fz_ws.l(fnaninf.o)
    0x08005a1a   0x00000004   Code   RO          754    x$fpl$printf1       fz_ws.l(printf1.o)
    0x08005a1e   0x00000000   Code   RO          756    x$fpl$usenofp       fz_ws.l(usenofp.o)
    0x08005a1e   0x00000011   Data   RO          546    .constdata          c_w.l(__printf_flags_ss_wp.o)
    0x08005a2f   0x00000001   PAD
    0x08005a30   0x00000008   Data   RO          643    .constdata          c_w.l(_printf_wctomb.o)
    0x08005a38   0x00000028   Data   RO          672    .constdata          c_w.l(_printf_hex_int_ll_ptr.o)
    0x08005a60   0x00000094   Data   RO          829    .constdata          c_w.l(bigflt0.o)
    0x08005af4   0x00000009   Data   RO            2    .conststring        main.o
    0x08005afd   0x00000003   PAD
    0x08005b00   0x00000020   Data   RO          938    Region$$Table       anon$$obj.o
    0x08005b20   0x00000110   Data   RO          853    locale$$data        c_w.l(lc_ctype_c.o)
    0x08005c30   0x0000001c   Data   RO          856    locale$$data        c_w.l(lc_numeric_c.o)


    Execution Region RW_IRAM1 (Base: 0x20000000, Size: 0x00000728, Max: 0x00010000, ABSOLUTE)

    Base Addr    Size         Type   Attr      Idx    E Section Name        Object

    0x20000000   0x00000010   Data   RW            3    .data               main.o
    0x20000010   0x00000014   Data   RW          178    .data               system_stm32f10x.o
    0x20000024   0x00000004   Data   RW          268    .data               delay.o
    0x20000028   0x00000014   Data   RW          362    .data               stm32f10x_rcc.o
    0x2000003c   0x00000004   Data   RW          389    .data               esp8266.o
    0x20000040   0x00000002   Data   RW          436    .data               onenet.o
    0x20000042   0x00000002   PAD
    0x20000044   0x00000080   Zero   RW          388    .bss                esp8266.o
    0x200000c4   0x00000060   Zero   RW          760    .bss                c_w.l(libspace.o)
    0x20000124   0x00000004   PAD
    0x20000128   0x00000200   Zero   RW          331    HEAP                startup_stm32f10x_hd.o
    0x20000328   0x00000400   Zero   RW          330    STACK               startup_stm32f10x_hd.o


==============================================================================

Image component sizes


      Code (inc. data)   RO Data    RW Data    ZI Data      Debug   Object Name

       560         36          0          0          0       1880   adc.o
        56          6          0          0          0        460   beep.o
       212         18          0          4          0        967   delay.o
       920        322          0          4        128       3035   esp8266.o
        76          8          0          0          0        471   led.o
       104          6          0          0          0        691   lsens.o
       216         48          9         16          0     242776   main.o
       220         22          0          0          0       1745   misc.o
      3580         42          0          0          0      14515   mqttkit.o
      1848        896          0          2          0       3543   onenet.o
        64         26        304          0       1536        776   startup_stm32f10x_hd.o
      1102         26          0          0          0      10777   stm32f10x_adc.o
       860         38          0          0          0       5589   stm32f10x_gpio.o
        26          0          0          0          0       1154   stm32f10x_it.o
       932         36          0         20          0       8732   stm32f10x_rcc.o
      1032         22          0          0          0       8316   stm32f10x_usart.o
         0          0          0          0          0         32   sys.o
       480         38          0         20          0       1659   system_stm32f10x.o
       660         20          0          0          0       3241   usart.o

    ----------------------------------------------------------------------
     12952       1610        348         68       1664     310359   Object Totals
         0          0         32          0          0          0   (incl. Generated)
         4          0          3          2          0          0   (incl. Padding)

    ----------------------------------------------------------------------

      Code (inc. data)   RO Data    RW Data    ZI Data      Debug   Library Member Name

        44          6          0          0          0         84   __2sprintf.o
         8          0          0          0          0         68   __main.o
       392          4         17          0          0         92   __printf_flags_ss_wp.o
        14          0          0          0          0         68   __printf_wp.o
         0          0          0          0          0          0   __rtentry.o
        12          0          0          0          0          0   __rtentry2.o
         6          0          0          0          0          0   __rtentry4.o
        52          8          0          0          0          0   __scatter.o
        26          0          0          0          0          0   __scatter_copy.o
        28          0          0          0          0          0   __scatter_zi.o
        28          0          0          0          0         68   _chval.o
         6          0          0          0          0          0   _printf_a.o
         6          0          0          0          0          0   _printf_c.o
        44          0          0          0          0        108   _printf_char.o
        48          6          0          0          0         96   _printf_char_common.o
        40          0          0          0          0         68   _printf_charcount.o
         6          0          0          0          0          0   _printf_d.o
       120         16          0          0          0         92   _printf_dec.o
         6          0          0          0          0          0   _printf_e.o
         6          0          0          0          0          0   _printf_f.o
      1050          0          0          0          0        216   _printf_fp_dec.o
       128         16          0          0          0         84   _printf_fp_infnan.o
         6          0          0          0          0          0   _printf_g.o
       148          4         40          0          0        160   _printf_hex_int_ll_ptr.o
         6          0          0          0          0          0   _printf_i.o
       178          0          0          0          0         88   _printf_intcommon.o
        10          0          0          0          0          0   _printf_l.o
         6          0          0          0          0          0   _printf_lc.o
        10          0          0          0          0          0   _printf_ll.o
         6          0          0          0          0          0   _printf_lld.o
         6          0          0          0          0          0   _printf_lli.o
         6          0          0          0          0          0   _printf_llo.o
         6          0          0          0          0          0   _printf_llu.o
         6          0          0          0          0          0   _printf_llx.o
       124         16          0          0          0         92   _printf_longlong_dec.o
         6          0          0          0          0          0   _printf_ls.o
         6          0          0          0          0          0   _printf_n.o
         6          0          0          0          0          0   _printf_o.o
       112          8          0          0          0        124   _printf_oct_int_ll.o
         6          0          0          0          0          0   _printf_p.o
        78          0          0          0          0        108   _printf_pad.o
         0          0          0          0          0          0   _printf_percent.o
         4          0          0          0          0          0   _printf_percent_end.o
         6          0          0          0          0          0   _printf_s.o
        82          0          0          0          0         80   _printf_str.o
        36          0          0          0          0         84   _printf_truncate.o
         6          0          0          0          0          0   _printf_u.o
        44          0          0          0          0        108   _printf_wchar.o
       188          6          8          0          0         92   _printf_wctomb.o
         6          0          0          0          0          0   _printf_x.o
        16          0          0          0          0         68   _snputc.o
        10          0          0          0          0         68   _sputc.o
       158          0          0          0          0         92   _strtoul.o
        64          0          0          0          0         92   _wcrtomb.o
        26          0          0          0          0         80   atoi.o
       220          4        148          0          0         96   bigflt0.o
      1910        128          0          0          0        672   btod.o
        52          4          0          0          0         80   c89vsnprintf.o
        10          0          0          0          0         68   defsig_exit.o
        50          0          0          0          0         88   defsig_general.o
        80         58          0          0          0         76   defsig_rtmem_inner.o
        14          0          0          0          0         80   defsig_rtmem_outer.o
        12          0          0          0          0         72   exit.o
        94          0          0          0          0         80   h1_alloc.o
        52          0          0          0          0         68   h1_extend.o
        78          0          0          0          0         80   h1_free.o
        14          0          0          0          0         84   h1_init.o
         6          0          0          0          0        152   heapauxi.o
         4          0          0          0          0        136   hguard.o
         0          0          0          0          0          0   indicate_semi.o
       138          0          0          0          0        168   init_alloc.o
        44         10        272          0          0         76   lc_ctype_c.o
        44         10         28          0          0         76   lc_numeric_c.o
         2          0          0          0          0          0   libinit.o
        38          0          0          0          0          0   libinit2.o
         2          0          0          0          0          0   libshutdown.o
         2          0          0          0          0          0   libshutdown2.o
         8          4          0          0         96         68   libspace.o
       138          0          0          0          0         80   lludiv10.o
         0          0          0          0          0          0   maybetermalloc1.o
        16          4          0          0          0         76   rt_ctype_table.o
         8          4          0          0          0         68   rt_errno_addr_intlibspace.o
         8          4          0          0          0         68   rt_heap_descriptor_intlibspace.o
         8          4          0          0          0         68   rt_locale_intlibspace.o
        68          0          0          0          0         68   rt_memclr.o
        78          0          0          0          0         80   rt_memclr_w.o
       138          0          0          0          0         68   rt_memcpy_v6.o
       100          0          0          0          0         80   rt_memcpy_w.o
         2          0          0          0          0          0   rtexit.o
        10          0          0          0          0          0   rtexit2.o
        20          0          0          0          0         68   strchr.o
       128          0          0          0          0         68   strcmpv7m.o
        62          0          0          0          0         76   strlen.o
        36          0          0          0          0         76   strncat.o
        36          0          0          0          0         80   strstr.o
       112          0          0          0          0         88   strtol.o
        12          4          0          0          0         68   sys_exit.o
        74          0          0          0          0         80   sys_stackheap_outer.o
        14          0          0          0          0         76   sys_wrch.o
         2          0          0          0          0         68   use_no_semi.o
       804         16          0          0          0        272   daddsub_clz.o
       688        140          0          0          0        208   ddiv.o
        94          4          0          0          0         92   dfix.o
       340         12          0          0          0        104   dmul.o
       156          4          0          0          0         92   dnaninf.o
        12          0          0          0          0         68   dretinf.o
        86          4          0          0          0         84   f2d.o
        38          0          0          0          0         68   fflt_clz.o
       140          4          0          0          0         84   fnaninf.o
         4          0          0          0          0         68   printf1.o
         0          0          0          0          0          0   usenofp.o
        40          0          0          0          0         68   fpclassify.o

    ----------------------------------------------------------------------
      9814        512        514          0        100       7212   Library Totals
        20          0          1          0          4          0   (incl. Padding)

    ----------------------------------------------------------------------

      Code (inc. data)   RO Data    RW Data    ZI Data      Debug   Library Name

      7392        328        513          0         96       6004   c_w.l
      2362        184          0          0          0       1140   fz_ws.l
        40          0          0          0          0         68   m_ws.l

    ----------------------------------------------------------------------
      9814        512        514          0        100       7212   Library Totals

    ----------------------------------------------------------------------

==============================================================================


      Code (inc. data)   RO Data    RW Data    ZI Data      Debug   

     22766       2122        862         68       1764     312107   Grand Totals
     22766       2122        862         68       1764     312107   ELF Image Totals
     22766       2122        862         68          0          0   ROM Totals

==============================================================================

    Total RO  Size (Code + RO Data)                23628 (  23.07kB)
    Total RW  Size (RW Data + ZI Data)              1832 (   1.79kB)
    Total ROM Size (Code + RO Data + RW Data)      23696 (  23.14kB)

==============================================================================

