Component: ARM Compiler 5.05 update 2 (build 169) Tool: armlink [4d0f33]

==============================================================================

Section Cross References

    main.o(.text) refers to delay.o(.text) for delay_init
    main.o(.text) refers to led.o(.text) for LED_Init
    main.o(.text) refers to beep.o(.text) for BEEP_Init
    main.o(.text) refers to usart.o(.text) for Usart1_Init
    main.o(.text) refers to lsens.o(.text) for Lsens_Init
    main.o(.text) refers to esp8266.o(.text) for ESP8266_Init
    main.o(.text) refers to onenet.o(.text) for OneNet_DevLink
    main.o(.text) refers to main.o(.data) for topics
    main.o(.data) refers to main.o(.conststring) for .conststring
    system_stm32f10x.o(.text) refers to system_stm32f10x.o(.data) for SystemCoreClock
    stm32f10x_adc.o(.text) refers to stm32f10x_rcc.o(.text) for RCC_APB2PeriphResetCmd
    led.o(.text) refers to stm32f10x_rcc.o(.text) for RCC_APB2PeriphClockCmd
    led.o(.text) refers to stm32f10x_gpio.o(.text) for GPIO_Init
    beep.o(.text) refers to stm32f10x_rcc.o(.text) for RCC_APB2PeriphClockCmd
    beep.o(.text) refers to stm32f10x_gpio.o(.text) for GPIO_Init
    lsens.o(.text) refers to stm32f10x_rcc.o(.text) for RCC_APB2PeriphClockCmd
    lsens.o(.text) refers to stm32f10x_gpio.o(.text) for GPIO_Init
    lsens.o(.text) refers to adc.o(.text) for Adc3_Init
    lsens.o(.text) refers to delay.o(.text) for delay_ms
    adc.o(.text) refers to stm32f10x_rcc.o(.text) for RCC_APB2PeriphClockCmd
    adc.o(.text) refers to stm32f10x_adc.o(.text) for ADC_DeInit
    adc.o(.text) refers to delay.o(.text) for delay_ms
    adc.o(.text) refers to fflt_clz.o(x$fpl$ffltu) for __aeabi_ui2f
    adc.o(.text) refers to f2d.o(x$fpl$f2d) for __aeabi_f2d
    adc.o(.text) refers to dmul.o(x$fpl$dmul) for __aeabi_dmul
    adc.o(.text) refers to daddsub_clz.o(x$fpl$dsub) for __aeabi_dsub
    adc.o(.text) refers to ddiv.o(x$fpl$ddiv) for __aeabi_ddiv
    adc.o(.text) refers to daddsub_clz.o(x$fpl$dadd) for __aeabi_dadd
    adc.o(.text) refers to dfix.o(x$fpl$dfix) for __aeabi_d2iz
    delay.o(.text) refers to misc.o(.text) for SysTick_CLKSourceConfig
    delay.o(.text) refers to system_stm32f10x.o(.data) for SystemCoreClock
    delay.o(.text) refers to delay.o(.data) for fac_us
    usart.o(.text) refers to stm32f10x_rcc.o(.text) for RCC_APB2PeriphClockCmd
    usart.o(.text) refers to stm32f10x_gpio.o(.text) for GPIO_Init
    usart.o(.text) refers to stm32f10x_usart.o(.text) for USART_Init
    usart.o(.text) refers to misc.o(.text) for NVIC_Init
    usart.o(.text) refers to c89vsnprintf.o(.text) for __c89vsnprintf
    startup_stm32f10x_hd.o(STACK) refers (Special) to heapauxi.o(.text) for __use_two_region_memory
    startup_stm32f10x_hd.o(HEAP) refers (Special) to heapauxi.o(.text) for __use_two_region_memory
    startup_stm32f10x_hd.o(RESET) refers (Special) to heapauxi.o(.text) for __use_two_region_memory
    startup_stm32f10x_hd.o(RESET) refers to startup_stm32f10x_hd.o(STACK) for __initial_sp
    startup_stm32f10x_hd.o(RESET) refers to startup_stm32f10x_hd.o(.text) for Reset_Handler
    startup_stm32f10x_hd.o(RESET) refers to stm32f10x_it.o(.text) for NMI_Handler
    startup_stm32f10x_hd.o(RESET) refers to usart.o(.text) for USART1_IRQHandler
    startup_stm32f10x_hd.o(RESET) refers to esp8266.o(.text) for USART3_IRQHandler
    startup_stm32f10x_hd.o(.text) refers (Special) to heapauxi.o(.text) for __use_two_region_memory
    startup_stm32f10x_hd.o(.text) refers to system_stm32f10x.o(.text) for SystemInit
    startup_stm32f10x_hd.o(.text) refers to __main.o(!!!main) for __main
    startup_stm32f10x_hd.o(.text) refers to startup_stm32f10x_hd.o(HEAP) for Heap_Mem
    startup_stm32f10x_hd.o(.text) refers to startup_stm32f10x_hd.o(STACK) for Stack_Mem
    stm32f10x_gpio.o(.text) refers to stm32f10x_rcc.o(.text) for RCC_APB2PeriphResetCmd
    stm32f10x_rcc.o(.text) refers to stm32f10x_rcc.o(.data) for APBAHBPrescTable
    stm32f10x_usart.o(.text) refers to stm32f10x_rcc.o(.text) for RCC_APB2PeriphResetCmd
    esp8266.o(.text) refers to _printf_percent.o(.ARM.Collect$$_printf_percent$$00000000) for _printf_percent
    esp8266.o(.text) refers to _printf_d.o(.ARM.Collect$$_printf_percent$$00000009) for _printf_d
    esp8266.o(.text) refers to _printf_dec.o(.text) for _printf_int_dec
    esp8266.o(.text) refers to rt_memclr.o(.text) for __aeabi_memclr
    esp8266.o(.text) refers to strlen.o(.text) for strlen
    esp8266.o(.text) refers to usart.o(.text) for Usart_SendString
    esp8266.o(.text) refers to strstr.o(.text) for strstr
    esp8266.o(.text) refers to delay.o(.text) for delay_ms
    esp8266.o(.text) refers to __2sprintf.o(.text) for __2sprintf
    esp8266.o(.text) refers to strchr.o(.text) for strchr
    esp8266.o(.text) refers to stm32f10x_rcc.o(.text) for RCC_APB2PeriphClockCmd
    esp8266.o(.text) refers to stm32f10x_gpio.o(.text) for GPIO_Init
    esp8266.o(.text) refers to stm32f10x_usart.o(.text) for USART_GetITStatus
[...]
    __ARM_use_no_argv                        0x00000000   Number         0  main.o ABSOLUTE
    _printf_flags                            0x00000000   Number         0  printf_stubs.o ABSOLUTE
    _printf_return_value                     0x00000000   Number         0  printf_stubs.o ABSOLUTE
    _printf_sizespec                         0x00000000   Number         0  printf_stubs.o ABSOLUTE
    _printf_widthprec                        0x00000000   Number         0  printf_stubs.o ABSOLUTE
    __ARM_exceptions_init                     - Undefined Weak Reference
    __alloca_initialize                       - Undefined Weak Reference
    __arm_preinit_                            - Undefined Weak Reference
    __cpp_initialize__aeabi_                  - Undefined Weak Reference
    __cxa_finalize                            - Undefined Weak Reference
    __sigvec_lookup                           - Undefined Weak Reference
    __user_heap_extent                        - Undefined Weak Reference
    _atexit_init                              - Undefined Weak Reference
    _call_atexit_fns                          - Undefined Weak Reference
    _clock_init                               - Undefined Weak Reference
    _fp_trap_init                             - Undefined Weak Reference
    _fp_trap_shutdown                         - Undefined Weak Reference
    _get_lc_collate                           - Undefined Weak Reference
    _get_lc_monetary                          - Undefined Weak Reference
    _get_lc_time                              - Undefined Weak Reference
    _getenv_init                              - Undefined Weak Reference
    _handle_redirection                       - Undefined Weak Reference
    _initio                                   - Undefined Weak Reference
    _mutex_acquire                            - Undefined Weak Reference
    _mutex_free                               - Undefined Weak Reference
    _mutex_release                            - Undefined Weak Reference
    _printf_fp_hex                            - Undefined Weak Reference
    _printf_mbtowc                            - Undefined Weak Reference
    _printf_wc                                - Undefined Weak Reference
    _rand_init                                - Undefined Weak Reference
    _signal_finish                            - Undefined Weak Reference
    _signal_init                              - Undefined Weak Reference
    _terminateio                              - Undefined Weak Reference
    __Vectors_Size                           0x00000130   Number         0  startup_stm32f10x_hd.o ABSOLUTE
    __Vectors                                0x08000000   Data           4  startup_stm32f10x_hd.o(RESET)
    __Vectors_End                            0x08000130   Data           0  startup_stm32f10x_hd.o(RESET)
    __main                                   0x08000131   Thumb Code     8  __main.o(!!!main)
    __scatterload                            0x08000139   Thumb Code     0  __scatter.o(!!!scatter)
    __scatterload_rt2                        0x08000139   Thumb Code    44  __scatter.o(!!!scatter)
    __scatterload_rt2_thumb_only             0x08000139   Thumb Code     0  __scatter.o(!!!scatter)
    __scatterload_null                       0x08000147   Thumb Code     0  __scatter.o(!!!scatter)
    __scatterload_copy                       0x0800016d   Thumb Code    26  __scatter_copy.o(!!handler_copy)
    __scatterload_zeroinit                   0x08000189   Thumb Code    28  __scatter_zi.o(!!handler_zi)
    _printf_n                                0x080001a5   Thumb Code     0  _printf_n.o(.ARM.Collect$$_printf_percent$$00000001)
    _printf_percent                          0x080001a5   Thumb Code     0  _printf_percent.o(.ARM.Collect$$_printf_percent$$00000000)
    _printf_p                                0x080001ab   Thumb Code     0  _printf_p.o(.ARM.Collect$$_printf_percent$$00000002)
    _printf_f                                0x080001b1   Thumb Code     0  _printf_f.o(.ARM.Collect$$_printf_percent$$00000003)
    _printf_e                                0x080001b7   Thumb Code     0  _printf_e.o(.ARM.Collect$$_printf_percent$$00000004)
    _printf_g                                0x080001bd   Thumb Code     0  _printf_g.o(.ARM.Collect$$_printf_percent$$00000005)
    _printf_a                                0x080001c3   Thumb Code     0  _printf_a.o(.ARM.Collect$$_printf_percent$$00000006)
    _printf_ll                               0x080001c9   Thumb Code     0  _printf_ll.o(.ARM.Collect$$_printf_percent$$00000007)
    _printf_i                                0x080001d3   Thumb Code     0  _printf_i.o(.ARM.Collect$$_printf_percent$$00000008)
    _printf_d                                0x080001d9   Thumb Code     0  _printf_d.o(.ARM.Collect$$_printf_percent$$00000009)
    _printf_u                                0x080001df   Thumb Code     0  _printf_u.o(.ARM.Collect$$_printf_percent$$0000000A)
    _printf_o                                0x080001e5   Thumb Code     0  _printf_o.o(.ARM.Collect$$_printf_percent$$0000000B)
    _printf_x                                0x080001eb   Thumb Code     0  _printf_x.o(.ARM.Collect$$_printf_percent$$0000000C)
    _printf_lli                              0x080001f1   Thumb Code     0  _printf_lli.o(.ARM.Collect$$_printf_percent$$0000000D)
    _printf_lld                              0x080001f7   Thumb Code     0  _printf_lld.o(.ARM.Collect$$_printf_percent$$0000000E)
    _printf_llu                              0x080001fd   Thumb Code     0  _printf_llu.o(.ARM.Collect$$_printf_percent$$0000000F)
    _printf_llo                              0x08000203   Thumb Code     0  _printf_llo.o(.ARM.Collect$$_printf_percent$$00000010)
    _printf_llx                              0x08000209   Thumb Code     0  _printf_llx.o(.ARM.Collect$$_printf_percent$$00000011)
    _printf_l                                0x0800020f   Thumb Code     0  _printf_l.o(.ARM.Collect$$_printf_percent$$00000012)
    _printf_c                                0x08000219   Thumb Code     0  _printf_c.o(.ARM.Collect$$_printf_percent$$00000013)
    _printf_s                                0x0800021f   Thumb Code     0  _printf_s.o(.ARM.Collect$$_printf_percent$$00000014)
    _printf_lc                               0x08000225   Thumb Code     0  _printf_lc.o(.ARM.Collect$$_printf_percent$$00000015)
    _printf_ls                               0x0800022b   Thumb Code     0  _printf_ls.o(.ARM.Collect$$_printf_percent$$00000016)
    _printf_percent_end                      0x08000231   Thumb Code     0  _printf_percent_end.o(.ARM.Collect$$_printf_percent$$00000017)
    __rt_lib_init                            0x08000235   Thumb Code     0  libinit.o(.ARM.Collect$$libinit$$00000000)
    __rt_lib_init_fp_1                       0x08000237   Thumb Code     0  libinit2.o(.ARM.Collect$$libinit$$00000002)
    __rt_lib_init_heap_2                     0x08000237   Thumb Code     0  libinit2.o(.ARM.Collect$$libinit$$00000005)
    __rt_lib_init_preinit_1                  0x08000237   Thumb Code     0  libinit2.o(.ARM.Collect$$libinit$$00000004)
    __rt_lib_init_heap_1                     0x0800023f   Thumb Code     0  libinit2.o(.ARM.Collect$$libinit$$0000000A)
    __rt_lib_init_lc_common                  0x0800023f   Thumb Code     0  libinit2.o(.ARM.Collect$$libinit$$0000000F)
    __rt_lib_init_rand_1                     0x0800023f   Thumb Code     0  libinit2.o(.ARM.Collect$$libinit$$0000000E)
    __rt_lib_init_user_alloc_1               0x0800023f   Thumb Code     0  libinit2.o(.ARM.Collect$$libinit$$0000000C)
    __rt_lib_init_lc_collate_1               0x08000245   Thumb Code     0  libinit2.o(.ARM.Collect$$libinit$$00000011)
    __rt_lib_init_lc_ctype_2                 0x08000245   Thumb Code     0  libinit2.o(.ARM.Collect$$libinit$$00000012)
    __rt_lib_init_lc_ctype_1                 0x08000251   Thumb Code     0  libinit2.o(.ARM.Collect$$libinit$$00000013)
    __rt_lib_init_lc_monetary_1              0x08000251   Thumb Code     0  libinit2.o(.ARM.Collect$$libinit$$00000015)
    __rt_lib_init_lc_numeric_2               0x08000251   Thumb Code     0  libinit2.o(.ARM.Collect$$libinit$$00000016)
    __rt_lib_init_alloca_1                   0x0800025b   Thumb Code     0  libinit2.o(.ARM.Collect$$libinit$$0000002E)
    __rt_lib_init_argv_1                     0x0800025b   Thumb Code     0  libinit2.o(.ARM.Collect$$libinit$$0000002C)
    __rt_lib_init_atexit_1                   0x0800025b   Thumb Code     0  libinit2.o(.ARM.Collect$$libinit$$0000001B)
    __rt_lib_init_clock_1                    0x0800025b   Thumb Code     0  libinit2.o(.ARM.Collect$$libinit$$00000021)
    __rt_lib_init_cpp_1                      0x0800025b   Thumb Code     0  libinit2.o(.ARM.Collect$$libinit$$00000032)
    __rt_lib_init_exceptions_1               0x0800025b   Thumb Code     0  libinit2.o(.ARM.Collect$$libinit$$00000030)
    __rt_lib_init_fp_trap_1                  0x0800025b   Thumb Code     0  libinit2.o(.ARM.Collect$$libinit$$0000001F)
    __rt_lib_init_getenv_1                   0x0800025b   Thumb Code     0  libinit2.o(.ARM.Collect$$libinit$$00000023)
    __rt_lib_init_lc_numeric_1               0x0800025b   Thumb Code     0  libinit2.o(.ARM.Collect$$libinit$$00000017)
    __rt_lib_init_lc_time_1                  0x0800025b   Thumb Code     0  libinit2.o(.ARM.Collect$$libinit$$00000019)
    __rt_lib_init_return                     0x0800025b   Thumb Code     0  libinit2.o(.ARM.Collect$$libinit$$00000033)
    __rt_lib_init_signal_1                   0x0800025b   Thumb Code     0  libinit2.o(.ARM.Collect$$libinit$$0000001D)
    __rt_lib_init_stdio_1                    0x0800025b   Thumb Code     0  libinit2.o(.ARM.Collect$$libinit$$00000025)
    __rt_lib_shutdown                        0x0800025d   Thumb Code     0  libshutdown.o(.ARM.Collect$$libshutdown$$00000000)
    __rt_lib_shutdown_fp_trap_1              0x0800025f   Thumb Code     0  libshutdown2.o(.ARM.Collect$$libshutdown$$00000006)
    __rt_lib_shutdown_heap_1                 0x0800025f   Thumb Code     0  libshutdown2.o(.ARM.Collect$$libshutdown$$0000000E)
    __rt_lib_shutdown_return                 0x0800025f   Thumb Code     0  libshutdown2.o(.ARM.Collect$$libshutdown$$0000000F)
    __rt_lib_shutdown_signal_1               0x0800025f   Thumb Code     0  libshutdown2.o(.ARM.Collect$$libshutdown$$00000009)
    __rt_lib_shutdown_stdio_1                0x0800025f   Thumb Code     0  libshutdown2.o(.ARM.Collect$$libshutdown$$00000003)
    __rt_lib_shutdown_user_alloc_1           0x0800025f   Thumb Code     0  libshutdown2.o(.ARM.Collect$$libshutdown$$0000000B)
    __rt_entry                               0x08000261   Thumb Code     0  __rtentry.o(.ARM.Collect$$rtentry$$00000000)
    __rt_entry_presh_1                       0x08000261   Thumb Code     0  __rtentry2.o(.ARM.Collect$$rtentry$$00000002)
    __rt_entry_sh                            0x08000261   Thumb Code     0  __rtentry4.o(.ARM.Collect$$rtentry$$00000004)
    __rt_entry_li                            0x08000267   Thumb Code     0  __rtentry2.o(.ARM.Collect$$rtentry$$0000000A)
    __rt_entry_postsh_1                      0x08000267   Thumb Code     0  __rtentry2.o(.ARM.Collect$$rtentry$$00000009)
    __rt_entry_main                          0x0800026b   Thumb Code     0  __rtentry2.o(.ARM.Collect$$rtentry$$0000000D)
    __rt_entry_postli_1                      0x0800026b   Thumb Code     0  __rtentry2.o(.ARM.Collect$$rtentry$$0000000C)
    __rt_exit                                0x08000273   Thumb Code     0  rtexit.o(.ARM.Collect$$rtexit$$00000000)
    __rt_exit_ls                             0x08000275   Thumb Code     0  rtexit2.o(.ARM.Collect$$rtexit$$00000003)
    __rt_exit_prels_1                        0x08000275   Thumb Code     0  rtexit2.o(.ARM.Collect$$rtexit$$00000002)
    __rt_exit_exit                           0x08000279   Thumb Code     0  rtexit2.o(.ARM.Collect$$rtexit$$00000004)
    _maybe_terminate_alloc                   0x08000281   Thumb Code     0  maybetermalloc1.o(.emb_text)
    main                                     0x08000281   Thumb Code   168  main.o(.text)
    NMI_Handler                              0x08000351   Thumb Code     2  stm32f10x_it.o(.text)
    HardFault_Handler                        0x08000353   Thumb Code     4  stm32f10x_it.o(.text)
    MemManage_Handler                        0x08000357   Thumb Code     4  stm32f10x_it.o(.text)
    BusFault_Handler                         0x0800035b   Thumb Code     4  stm32f10x_it.o(.text)
    UsageFault_Handler                       0x0800035f   Thumb Code     4  stm32f10x_it.o(.text)
    SVC_Handler                              0x08000363   Thumb Code     2  stm32f10x_it.o(.text)
    DebugMon_Handler                         0x08000365   Thumb Code     2  stm32f10x_it.o(.text)
    PendSV_Handler                           0x08000367   Thumb Code     2  stm32f10x_it.o(.text)
    SysTick_Handler                          0x08000369   Thumb Code     2  stm32f10x_it.o(.text)
    SystemInit                               0x0800044b   Thumb Code    78  system_stm32f10x.o(.text)
    SystemCoreClockUpdate                    0x08000499   Thumb Code   142  system_stm32f10x.o(.text)
    ADC_DeInit                               0x0800054d   Thumb Code    78  stm32f10x_adc.o(.text)
    ADC_Init                                 0x0800059b   Thumb Code    70  stm32f10x_adc.o(.text)
    ADC_StructInit                           0x080005e1   Thumb Code    18  stm32f10x_adc.o(.text)
    ADC_Cmd                                  0x080005f3   Thumb Code    22  stm32f10x_adc.o(.text)
    ADC_DMACmd                               0x08000609   Thumb Code    22  stm32f10x_adc.o(.text)
    ADC_ITConfig                             0x0800061f   Thumb Code    24  stm32f10x_adc.o(.text)
    ADC_ResetCalibration                     0x08000637   Thumb Code    10  stm32f10x_adc.o(.text)
    ADC_GetResetCalibrationStatus            0x08000641   Thumb Code    20  stm32f10x_adc.o(.text)
    ADC_StartCalibration                     0x08000655   Thumb Code    10  stm32f10x_adc.o(.text)
    ADC_GetCalibrationStatus                 0x0800065f   Thumb Code    20  stm32f10x_adc.o(.text)
    ADC_SoftwareStartConvCmd                 0x08000673   Thumb Code    22  stm32f10x_adc.o(.text)
    ADC_GetSoftwareStartConvStatus           0x08000689   Thumb Code    20  stm32f10x_adc.o(.text)
    ADC_DiscModeChannelCountConfig           0x0800069d   Thumb Code    24  stm32f10x_adc.o(.text)
    ADC_DiscModeCmd                          0x080006b5   Thumb Code    22  stm32f10x_adc.o(.text)
    ADC_RegularChannelConfig                 0x080006cb   Thumb Code   184  stm32f10x_adc.o(.text)
    ADC_ExternalTrigConvCmd                  0x08000783   Thumb Code    22  stm32f10x_adc.o(.text)
    ADC_GetConversionValue                   0x08000799   Thumb Code     8  stm32f10x_adc.o(.text)
    ADC_GetDualModeConversionValue           0x080007a1   Thumb Code     8  stm32f10x_adc.o(.text)
    ADC_AutoInjectedConvCmd                  0x080007a9   Thumb Code    22  stm32f10x_adc.o(.text)
    ADC_InjectedDiscModeCmd                  0x080007bf   Thumb Code    22  stm32f10x_adc.o(.text)
    ADC_ExternalTrigInjectedConvConfig       0x080007d5   Thumb Code    16  stm32f10x_adc.o(.text)
    ADC_ExternalTrigInjectedConvCmd          0x080007e5   Thumb Code    22  stm32f10x_adc.o(.text)
    ADC_SoftwareStartInjectedConvCmd         0x080007fb   Thumb Code    22  stm32f10x_adc.o(.text)
    ADC_GetSoftwareStartInjectedConvCmdStatus 0x08000811   Thumb Code    20  stm32f10x_adc.o(.text)
    ADC_InjectedChannelConfig                0x08000825   Thumb Code   130  stm32f10x_adc.o(.text)
    ADC_InjectedSequencerLengthConfig        0x080008a7   Thumb Code    24  stm32f10x_adc.o(.text)
    ADC_SetInjectedOffset                    0x080008bf   Thumb Code    20  stm32f10x_adc.o(.text)
    ADC_GetInjectedConversionValue           0x080008d3   Thumb Code    28  stm32f10x_adc.o(.text)
    ADC_AnalogWatchdogCmd                    0x080008ef   Thumb Code    16  stm32f10x_adc.o(.text)
    ADC_AnalogWatchdogThresholdsConfig       0x080008ff   Thumb Code     6  stm32f10x_adc.o(.text)
    ADC_AnalogWatchdogSingleChannelConfig    0x08000905   Thumb Code    16  stm32f10x_adc.o(.text)
    ADC_TempSensorVrefintCmd                 0x08000915   Thumb Code    64  stm32f10x_adc.o(.text)
    ADC_GetFlagStatus                        0x08000955   Thumb Code    18  stm32f10x_adc.o(.text)
    ADC_ClearFlag                            0x08000967   Thumb Code     6  stm32f10x_adc.o(.text)
    ADC_GetITStatus                          0x0800096d   Thumb Code    36  stm32f10x_adc.o(.text)
    ADC_ClearITPendingBit                    0x08000991   Thumb Code    10  stm32f10x_adc.o(.text)
    LED_Init                                 0x0800099d   Thumb Code    68  led.o(.text)
    BEEP_Init                                0x080009e9   Thumb Code    50  beep.o(.text)
    Lsens_Init                               0x08000a21   Thumb Code    38  lsens.o(.text)
    Lsens_Get_Val                            0x08000a47   Thumb Code    60  lsens.o(.text)
    T_Adc_Init                               0x08000a89   Thumb Code   118  adc.o(.text)
    T_Get_Adc                                0x08000aff   Thumb Code    46  adc.o(.text)
    T_Get_Temp                               0x08000b2d   Thumb Code    42  adc.o(.text)
    T_Get_Adc_Average                        0x08000b57   Thumb Code    46  adc.o(.text)
    Get_Temprate                             0x08000b85   Thumb Code   106  adc.o(.text)
    Adc3_Init                                0x08000bef   Thumb Code   120  adc.o(.text)
    Get_Adc3                                 0x08000c67   Thumb Code    46  adc.o(.text)
    delay_init                               0x08000cb9   Thumb Code    50  delay.o(.text)
    delay_us                                 0x08000ceb   Thumb Code    72  delay.o(.text)
    delay_ms                                 0x08000d33   Thumb Code    72  delay.o(.text)
    Usart1_Init                              0x08000d8d   Thumb Code   166  usart.o(.text)
    Usart2_Init                              0x08000e33   Thumb Code   162  usart.o(.text)
    Usart3_Init                              0x08000ed5   Thumb Code   166  usart.o(.text)
    Usart_SendString                         0x08000f7b   Thumb Code    50  usart.o(.text)
    UsartPrintf                              0x08000fad   Thumb Code    72  usart.o(.text)
    USART1_IRQHandler                        0x08000ff5   Thumb Code    24  usart.o(.text)
    Reset_Handler                            0x08001021   Thumb Code     8  startup_stm32f10x_hd.o(.text)
    ADC1_2_IRQHandler                        0x0800103b   Thumb Code     0  startup_stm32f10x_hd.o(.text)
    ADC3_IRQHandler                          0x0800103b   Thumb Code     0  startup_stm32f10x_hd.o(.text)
    CAN1_RX1_IRQHandler                      0x0800103b   Thumb Code     0  startup_stm32f10x_hd.o(.text)
    CAN1_SCE_IRQHandler                      0x0800103b   Thumb Code     0  startup_stm32f10x_hd.o(.text)
    DMA1_Channel1_IRQHandler                 0x0800103b   Thumb Code     0  startup_stm32f10x_hd.o(.text)
    DMA1_Channel2_IRQHandler                 0x0800103b   Thumb Code     0  startup_stm32f10x_hd.o(.text)
    DMA1_Channel3_IRQHandler                 0x0800103b   Thumb Code     0  startup_stm32f10x_hd.o(.text)
    DMA1_Channel4_IRQHandler                 0x0800103b   Thumb Code     0  startup_stm32f10x_hd.o(.text)
    DMA1_Channel5_IRQHandler                 0x0800103b   Thumb Code     0  startup_stm32f10x_hd.o(.text)
    DMA1_Channel6_IRQHandler                 0x0800103b   Thumb Code     0  startup_stm32f10x_hd.o(.text)
    DMA1_Channel7_IRQHandler                 0x0800103b   Thumb Code     0  startup_stm32f10x_hd.o(.text)
    DMA2_Channel1_IRQHandler                 0x0800103b   Thumb Code     0  startup_stm32f10x_hd.o(.text)
    DMA2_Channel2_IRQHandler                 0x0800103b   Thumb Code     0  startup_stm32f10x_hd.o(.text)
    DMA2_Channel3_IRQHandler                 0x0800103b   Thumb Code     0  startup_stm32f10x_hd.o(.text)
    DMA2_Channel4_5_IRQHandler               0x0800103b   Thumb Code     0  startup_stm32f10x_hd.o(.text)
    EXTI0_IRQHandler                         0x0800103b   Thumb Code     0  startup_stm32f10x_hd.o(.text)
    EXTI15_10_IRQHandler                     0x0800103b   Thumb Code     0  startup_stm32f10x_hd.o(.text)
    EXTI1_IRQHandler                         0x0800103b   Thumb Code     0  startup_stm32f10x_hd.o(.text)
    EXTI2_IRQHandler                         0x0800103b   Thumb Code     0  startup_stm32f10x_hd.o(.text)
    EXTI3_IRQHandler                         0x0800103b   Thumb Code     0  startup_stm32f10x_hd.o(.text)
    EXTI4_IRQHandler                         0x0800103b   Thumb Code     0  startup_stm32f10x_hd.o(.text)
    EXTI9_5_IRQHandler                       0x0800103b   Thumb Code     0  startup_stm32f10x_hd.o(.text)
    FLASH_IRQHandler                         0x0800103b   Thumb Code     0  startup_stm32f10x_hd.o(.text)
    FSMC_IRQHandler                          0x0800103b   Thumb Code     0  startup_stm32f10x_hd.o(.text)
    I2C1_ER_IRQHandler                       0x0800103b   Thumb Code     0  startup_stm32f10x_hd.o(.text)
    I2C1_EV_IRQHandler                       0x0800103b   Thumb Code     0  startup_stm32f10x_hd.o(.text)
    I2C2_ER_IRQHandler                       0x0800103b   Thumb Code     0  startup_stm32f10x_hd.o(.text)
    I2C2_EV_IRQHandler                       0x0800103b   Thumb Code     0  startup_stm32f10x_hd.o(.text)
    PVD_IRQHandler                           0x0800103b   Thumb Code     0  startup_stm32f10x_hd.o(.text)
    RCC_IRQHandler                           0x0800103b   Thumb Code     0  startup_stm32f10x_hd.o(.text)
    RTCAlarm_IRQHandler                      0x0800103b   Thumb Code     0  startup_stm32f10x_hd.o(.text)
    RTC_IRQHandler                           0x0800103b   Thumb Code     0  startup_stm32f10x_hd.o(.text)
    SDIO_IRQHandler                          0x0800103b   Thumb Code     0  startup_stm32f10x_hd.o(.text)
    SPI1_IRQHandler                          0x0800103b   Thumb Code     0  startup_stm32f10x_hd.o(.text)
    SPI2_IRQHandler                          0x0800103b   Thumb Code     0  startup_stm32f10x_hd.o(.text)
    SPI3_IRQHandler                          0x0800103b   Thumb Code     0  startup_stm32f10x_hd.o(.text)
    TAMPER_IRQHandler                        0x0800103b   Thumb Code     0  startup_stm32f10x_hd.o(.text)
    TIM1_BRK_IRQHandler                      0x0800103b   Thumb Code     0  startup_stm32f10x_hd.o(.text)
    TIM1_CC_IRQHandler                       0x0800103b   Thumb Code     0  startup_stm32f10x_hd.o(.text)
    TIM1_TRG_COM_IRQHandler                  0x0800103b   Thumb Code     0  startup_stm32f10x_hd.o(.text)
    TIM1_UP_IRQHandler                       0x0800103b   Thumb Code     0  startup_stm32f10x_hd.o(.text)
    TIM2_IRQHandler                          0x0800103b   Thumb Code     0  startup_stm32f10x_hd.o(.text)
    TIM3_IRQHandler                          0x0800103b   Thumb Code     0  startup_stm32f10x_hd.o(.text)
    TIM4_IRQHandler                          0x0800103b   Thumb Code     0  startup_stm32f10x_hd.o(.text)
    TIM5_IRQHandler                          0x0800103b   Thumb Code     0  startup_stm32f10x_hd.o(.text)
    TIM6_IRQHandler                          0x0800103b   Thumb Code     0  startup_stm32f10x_hd.o(.text)
    TIM7_IRQHandler                          0x0800103b   Thumb Code     0  startup_stm32f10x_hd.o(.text)
    TIM8_BRK_IRQHandler                      0x0800103b   Thumb Code     0  startup_stm32f10x_hd.o(.text)
    TIM8_CC_IRQHandler                       0x0800103b   Thumb Code     0  startup_stm32f10x_hd.o(.text)
    TIM8_TRG_COM_IRQHandler                  0x0800103b   Thumb Code     0  startup_stm32f10x_hd.o(.text)
    TIM8_UP_IRQHandler                       0x0800103b   Thumb Code     0  startup_stm32f10x_hd.o(.text)
    UART4_IRQHandler                         0x0800103b   Thumb Code     0  startup_stm32f10x_hd.o(.text)
    UART5_IRQHandler                         0x0800103b   Thumb Code     0  startup_stm32f10x_hd.o(.text)
    USART2_IRQHandler                        0x0800103b   Thumb Code     0  startup_stm32f10x_hd.o(.text)
    USBWakeUp_IRQHandler                     0x0800103b   Thumb Code     0  startup_stm32f10x_hd.o(.text)
    USB_HP_CAN1_TX_IRQHandler                0x0800103b   Thumb Code     0  startup_stm32f10x_hd.o(.text)
    USB_LP_CAN1_RX0_IRQHandler               0x0800103b   Thumb Code     0  startup_stm32f10x_hd.o(.text)
    WWDG_IRQHandler                          0x0800103b   Thumb Code     0  startup_stm32f10x_hd.o(.text)
    __user_initial_stackheap                 0x0800103d   Thumb Code     0  startup_stm32f10x_hd.o(.text)
    NVIC_PriorityGroupConfig                 0x08001061   Thumb Code    10  misc.o(.text)
    NVIC_Init                                0x0800106b   Thumb Code   100  misc.o(.text)
    NVIC_SetVectorTable                      0x080010cf   Thumb Code    14  misc.o(.text)
    NVIC_SystemLPConfig                      0x080010dd   Thumb Code    34  misc.o(.text)
    SysTick_CLKSourceConfig                  0x080010ff   Thumb Code    40  misc.o(.text)
    GPIO_DeInit                              0x0800113d   Thumb Code   172  stm32f10x_gpio.o(.text)
    GPIO_AFIODeInit                          0x080011e9   Thumb Code    20  stm32f10x_gpio.o(.text)
    GPIO_Init                                0x080011fd   Thumb Code   278  stm32f10x_gpio.o(.text)
    GPIO_StructInit                          0x08001313   Thumb Code    16  stm32f10x_gpio.o(.text)
    GPIO_ReadInputDataBit                    0x08001323   Thumb Code    18  stm32f10x_gpio.o(.text)
    GPIO_ReadInputData                       0x08001335   Thumb Code     8  stm32f10x_gpio.o(.text)
    GPIO_ReadOutputDataBit                   0x0800133d   Thumb Code    18  stm32f10x_gpio.o(.text)
    GPIO_ReadOutputData                      0x0800134f   Thumb Code     8  stm32f10x_gpio.o(.text)
    GPIO_SetBits                             0x08001357   Thumb Code     4  stm32f10x_gpio.o(.text)
    GPIO_ResetBits                           0x0800135b   Thumb Code     4  stm32f10x_gpio.o(.text)
    GPIO_WriteBit                            0x0800135f   Thumb Code    10  stm32f10x_gpio.o(.text)
    GPIO_Write                               0x08001369   Thumb Code     4  stm32f10x_gpio.o(.text)
    GPIO_PinLockConfig                       0x0800136d   Thumb Code    18  stm32f10x_gpio.o(.text)
    GPIO_EventOutputConfig                   0x0800137f   Thumb Code    26  stm32f10x_gpio.o(.text)
    GPIO_EventOutputCmd                      0x08001399   Thumb Code     6  stm32f10x_gpio.o(.text)
    GPIO_PinRemapConfig                      0x0800139f   Thumb Code   138  stm32f10x_gpio.o(.text)
    GPIO_EXTILineConfig                      0x08001429   Thumb Code    66  stm32f10x_gpio.o(.text)
    GPIO_ETH_MediaInterfaceConfig            0x0800146b   Thumb Code     8  stm32f10x_gpio.o(.text)
    RCC_DeInit                               0x08001499   Thumb Code    64  stm32f10x_rcc.o(.text)
    RCC_HSEConfig                            0x080014d9   Thumb Code    70  stm32f10x_rcc.o(.text)
    RCC_GetFlagStatus                        0x0800151f   Thumb Code    56  stm32f10x_rcc.o(.text)
    RCC_WaitForHSEStartUp                    0x08001557   Thumb Code    56  stm32f10x_rcc.o(.text)
    RCC_AdjustHSICalibrationValue            0x0800158f   Thumb Code    20  stm32f10x_rcc.o(.text)
    RCC_HSICmd                               0x080015a3   Thumb Code     6  stm32f10x_rcc.o(.text)
    RCC_PLLConfig                            0x080015a9   Thumb Code    24  stm32f10x_rcc.o(.text)
    RCC_PLLCmd                               0x080015c1   Thumb Code     6  stm32f10x_rcc.o(.text)
    RCC_SYSCLKConfig                         0x080015c7   Thumb Code    18  stm32f10x_rcc.o(.text)
    RCC_GetSYSCLKSource                      0x080015d9   Thumb Code    10  stm32f10x_rcc.o(.text)
    RCC_HCLKConfig                           0x080015e3   Thumb Code    18  stm32f10x_rcc.o(.text)
    RCC_PCLK1Config                          0x080015f5   Thumb Code    18  stm32f10x_rcc.o(.text)
    RCC_PCLK2Config                          0x08001607   Thumb Code    20  stm32f10x_rcc.o(.text)
    RCC_ITConfig                             0x0800161b   Thumb Code    26  stm32f10x_rcc.o(.text)
    RCC_USBCLKConfig                         0x08001635   Thumb Code     8  stm32f10x_rcc.o(.text)
    RCC_ADCCLKConfig                         0x0800163d   Thumb Code    18  stm32f10x_rcc.o(.text)
    RCC_LSEConfig                            0x0800164f   Thumb Code    50  stm32f10x_rcc.o(.text)
    RCC_LSICmd                               0x08001681   Thumb Code     6  stm32f10x_rcc.o(.text)
    RCC_RTCCLKConfig                         0x08001687   Thumb Code    12  stm32f10x_rcc.o(.text)
    RCC_RTCCLKCmd                            0x08001693   Thumb Code     8  stm32f10x_rcc.o(.text)
    RCC_GetClocksFreq                        0x0800169b   Thumb Code   192  stm32f10x_rcc.o(.text)
    RCC_AHBPeriphClockCmd                    0x0800175b   Thumb Code    26  stm32f10x_rcc.o(.text)
    RCC_APB2PeriphClockCmd                   0x08001775   Thumb Code    26  stm32f10x_rcc.o(.text)
    RCC_APB1PeriphClockCmd                   0x0800178f   Thumb Code    26  stm32f10x_rcc.o(.text)
    RCC_APB2PeriphResetCmd                   0x080017a9   Thumb Code    26  stm32f10x_rcc.o(.text)
    RCC_APB1PeriphResetCmd                   0x080017c3   Thumb Code    26  stm32f10x_rcc.o(.text)
    RCC_BackupResetCmd                       0x080017dd   Thumb Code     8  stm32f10x_rcc.o(.text)
    RCC_ClockSecuritySystemCmd               0x080017e5   Thumb Code     6  stm32f10x_rcc.o(.text)
    RCC_MCOConfig                            0x080017eb   Thumb Code     6  stm32f10x_rcc.o(.text)
    RCC_ClearFlag                            0x080017f1   Thumb Code    14  stm32f10x_rcc.o(.text)
    RCC_GetITStatus                          0x080017ff   Thumb Code    20  stm32f10x_rcc.o(.text)
    RCC_ClearITPendingBit                    0x08001813   Thumb Code     6  stm32f10x_rcc.o(.text)
    USART_DeInit                             0x0800183d   Thumb Code   134  stm32f10x_usart.o(.text)
    USART_Init                               0x080018c3   Thumb Code   210  stm32f10x_usart.o(.text)
    USART_StructInit                         0x08001995   Thumb Code    24  stm32f10x_usart.o(.text)
    USART_ClockInit                          0x080019ad   Thumb Code    34  stm32f10x_usart.o(.text)
    USART_ClockStructInit                    0x080019cf   Thumb Code    12  stm32f10x_usart.o(.text)
    USART_Cmd                                0x080019db   Thumb Code    24  stm32f10x_usart.o(.text)
    USART_ITConfig                           0x080019f3   Thumb Code    74  stm32f10x_usart.o(.text)
    USART_DMACmd                             0x08001a3d   Thumb Code    18  stm32f10x_usart.o(.text)
    USART_SetAddress                         0x08001a4f   Thumb Code    18  stm32f10x_usart.o(.text)
    USART_WakeUpConfig                       0x08001a61   Thumb Code    18  stm32f10x_usart.o(.text)
    USART_ReceiverWakeUpCmd                  0x08001a73   Thumb Code    24  stm32f10x_usart.o(.text)
    USART_LINBreakDetectLengthConfig         0x08001a8b   Thumb Code    18  stm32f10x_usart.o(.text)
    USART_LINCmd                             0x08001a9d   Thumb Code    24  stm32f10x_usart.o(.text)
    USART_SendData                           0x08001ab5   Thumb Code     8  stm32f10x_usart.o(.text)
    USART_ReceiveData                        0x08001abd   Thumb Code    10  stm32f10x_usart.o(.text)
    USART_SendBreak                          0x08001ac7   Thumb Code    10  stm32f10x_usart.o(.text)
    USART_SetGuardTime                       0x08001ad1   Thumb Code    16  stm32f10x_usart.o(.text)
    USART_SetPrescaler                       0x08001ae1   Thumb Code    16  stm32f10x_usart.o(.text)
    USART_SmartCardCmd                       0x08001af1   Thumb Code    24  stm32f10x_usart.o(.text)
    USART_SmartCardNACKCmd                   0x08001b09   Thumb Code    24  stm32f10x_usart.o(.text)
    USART_HalfDuplexCmd                      0x08001b21   Thumb Code    24  stm32f10x_usart.o(.text)
    USART_OverSampling8Cmd                   0x08001b39   Thumb Code    22  stm32f10x_usart.o(.text)
    USART_OneBitMethodCmd                    0x08001b4f   Thumb Code    24  stm32f10x_usart.o(.text)
    USART_IrDAConfig                         0x08001b67   Thumb Code    18  stm32f10x_usart.o(.text)
    USART_IrDACmd                            0x08001b79   Thumb Code    24  stm32f10x_usart.o(.text)
    USART_GetFlagStatus                      0x08001b91   Thumb Code    26  stm32f10x_usart.o(.text)
    USART_ClearFlag                          0x08001bab   Thumb Code    18  stm32f10x_usart.o(.text)
    USART_GetITStatus                        0x08001bbd   Thumb Code    84  stm32f10x_usart.o(.text)
    USART_ClearITPendingBit                  0x08001c11   Thumb Code    52  stm32f10x_usart.o(.text)
    ESP8266_Clear                            0x08001c45   Thumb Code    18  esp8266.o(.text)
    ESP8266_WaitRecive                       0x08001c57   Thumb Code    42  esp8266.o(.text)
    ESP8266_SendCmd                          0x08001c81   Thumb Code    76  esp8266.o(.text)
    ESP8266_SendData                         0x08001ccd   Thumb Code    46  esp8266.o(.text)
    ESP8266_GetIPD                           0x08001cfb   Thumb Code    66  esp8266.o(.text)
    ESP8266_Init                             0x08001d3d   Thumb Code   288  esp8266.o(.text)
    USART3_IRQHandler                        0x08001e5d   Thumb Code    62  esp8266.o(.text)
    MQTT_NewBuffer                           0x08001fd9   Thumb Code    88  mqttkit.o(.text)
    MQTT_DeleteBuffer                        0x08002031   Thumb Code    28  mqttkit.o(.text)
    MQTT_DumpLength                          0x0800204d   Thumb Code    46  mqttkit.o(.text)
    MQTT_ReadLength                          0x0800207b   Thumb Code    70  mqttkit.o(.text)
    MQTT_UnPacketRecv                        0x080020c1   Thumb Code   106  mqttkit.o(.text)
    MQTT_PacketConnect                       0x0800212b   Thumb Code   666  mqttkit.o(.text)
    MQTT_PacketDisConnect                    0x080023c5   Thumb Code    48  mqttkit.o(.text)
    MQTT_UnPacketConnectAck                  0x080023f5   Thumb Code    30  mqttkit.o(.text)
    MQTT_PacketPublish                       0x08002413   Thumb Code   452  mqttkit.o(.text)
    MQTT_PacketSaveData                      0x080025d7   Thumb Code    88  mqttkit.o(.text)
    MQTT_PacketSaveBinData                   0x0800262f   Thumb Code   192  mqttkit.o(.text)
    MQTT_UnPacketCmd                         0x080026ef   Thumb Code   140  mqttkit.o(.text)
    MQTT_PacketCmdResp                       0x0800277b   Thumb Code   132  mqttkit.o(.text)
    MQTT_PacketSubscribe                     0x080027ff   Thumb Code   254  mqttkit.o(.text)
    MQTT_UnPacketSubscribe                   0x080028fd   Thumb Code    52  mqttkit.o(.text)
    MQTT_PacketUnSubscribe                   0x08002931   Thumb Code   268  mqttkit.o(.text)
    MQTT_UnPacketUnSubscribe                 0x08002a3d   Thumb Code    18  mqttkit.o(.text)
    MQTT_UnPacketPublish                     0x08002a4f   Thumb Code   440  mqttkit.o(.text)
    MQTT_PacketPublishAck                    0x08002c07   Thumb Code    72  mqttkit.o(.text)
    MQTT_UnPacketPublishAck                  0x08002c4f   Thumb Code    30  mqttkit.o(.text)
    MQTT_PacketPublishRec                    0x08002c6d   Thumb Code    72  mqttkit.o(.text)
    MQTT_UnPacketPublishRec                  0x08002cb5   Thumb Code    30  mqttkit.o(.text)
    MQTT_PacketPublishRel                    0x08002cd3   Thumb Code    72  mqttkit.o(.text)
    MQTT_UnPacketPublishRel                  0x08002d1b   Thumb Code    36  mqttkit.o(.text)
    MQTT_PacketPublishComp                   0x08002d3f   Thumb Code    72  mqttkit.o(.text)
    MQTT_UnPacketPublishComp                 0x08002d87   Thumb Code    30  mqttkit.o(.text)
    MQTT_PacketPing                          0x08002da5   Thumb Code    48  mqttkit.o(.text)
    OneNet_DevLink                           0x08002dd5   Thumb Code   212  onenet.o(.text)
    OneNet_Subscribe                         0x08002ea9   Thumb Code    80  onenet.o(.text)
    OneNet_Publish                           0x08002ef9   Thumb Code    86  onenet.o(.text)
    OneNet_RevPro                            0x08002f4f   Thumb Code  1372  onenet.o(.text)
    cJSON_GetErrorPtr                        0x080034ad   Thumb Code     6  cjson.o(.text)
    cJSON_InitHooks                          0x08003527   Thumb Code    48  cjson.o(.text)
    cJSON_Delete                             0x08003571   Thumb Code    82  cjson.o(.text)
    cJSON_ParseWithOpts                      0x080040dd   Thumb Code   152  cjson.o(.text)
    cJSON_Parse                              0x08004175   Thumb Code    16  cjson.o(.text)
    cJSON_Print                              0x08004905   Thumb Code    18  cjson.o(.text)
    cJSON_PrintUnformatted                   0x08004917   Thumb Code    18  cjson.o(.text)
    cJSON_PrintBuffered                      0x08004929   Thumb Code    52  cjson.o(.text)
    cJSON_GetArraySize                       0x0800495d   Thumb Code    18  cjson.o(.text)
    cJSON_GetArrayItem                       0x0800496f   Thumb Code    18  cjson.o(.text)
    cJSON_GetObjectItem                      0x08004981   Thumb Code    30  cjson.o(.text)
    cJSON_AddItemToArray                     0x080049d5   Thumb Code    42  cjson.o(.text)
    cJSON_AddItemToObject                    0x080049ff   Thumb Code    44  cjson.o(.text)
    cJSON_AddItemToObjectCS                  0x08004a2b   Thumb Code    54  cjson.o(.text)
    cJSON_AddItemReferenceToArray            0x08004a61   Thumb Code    24  cjson.o(.text)
    cJSON_AddItemReferenceToObject           0x08004a79   Thumb Code    32  cjson.o(.text)
    cJSON_DetachItemFromArray                0x08004a99   Thumb Code    66  cjson.o(.text)
    cJSON_DeleteItemFromArray                0x08004adb   Thumb Code    22  cjson.o(.text)
    cJSON_DetachItemFromObject               0x08004af1   Thumb Code    50  cjson.o(.text)
    cJSON_DeleteItemFromObject               0x08004b23   Thumb Code    22  cjson.o(.text)
    cJSON_InsertItemInArray                  0x08004b39   Thumb Code    64  cjson.o(.text)
    cJSON_ReplaceItemInArray                 0x08004b79   Thumb Code    76  cjson.o(.text)
    cJSON_ReplaceItemInObject                0x08004bc5   Thumb Code    62  cjson.o(.text)
    cJSON_CreateNull                         0x08004c03   Thumb Code    18  cjson.o(.text)
    cJSON_CreateTrue                         0x08004c15   Thumb Code    18  cjson.o(.text)
    cJSON_CreateFalse                        0x08004c27   Thumb Code    18  cjson.o(.text)
    cJSON_CreateBool                         0x08004c39   Thumb Code    26  cjson.o(.text)
    cJSON_CreateNumber                       0x08004c53   Thumb Code    36  cjson.o(.text)
    cJSON_CreateString                       0x08004c77   Thumb Code    28  cjson.o(.text)
    cJSON_CreateArray                        0x08004c93   Thumb Code    18  cjson.o(.text)
    cJSON_CreateObject                       0x08004ca5   Thumb Code    18  cjson.o(.text)
    cJSON_CreateIntArray                     0x08004cb7   Thumb Code    68  cjson.o(.text)
    cJSON_CreateFloatArray                   0x08004cfb   Thumb Code    68  cjson.o(.text)
    cJSON_CreateDoubleArray                  0x08004d3f   Thumb Code    68  cjson.o(.text)
    cJSON_CreateStringArray                  0x08004d83   Thumb Code    62  cjson.o(.text)
    cJSON_Duplicate                          0x08004dc1   Thumb Code   178  cjson.o(.text)
    cJSON_Minify                             0x08004e73   Thumb Code   186  cjson.o(.text)
    malloc                                   0x08004f2d   Thumb Code    94  h1_alloc.o(.text)
    free                                     0x08004f8b   Thumb Code    78  h1_free.o(.text)
    tolower                                  0x08004fd9   Thumb Code    26  tolower.o(.text)
    __c89vsnprintf                           0x08004ff5   Thumb Code    48  c89vsnprintf.o(.text)
    __2sprintf                               0x08005029   Thumb Code    38  __2sprintf.o(.text)
    _printf_pre_padding                      0x08005055   Thumb Code    44  _printf_pad.o(.text)
    _printf_post_padding                     0x08005081   Thumb Code    34  _printf_pad.o(.text)
    _printf_str                              0x080050a3   Thumb Code    82  _printf_str.o(.text)
    _printf_int_dec                          0x080050f5   Thumb Code   104  _printf_dec.o(.text)
    _printf_longlong_hex                     0x0800516d   Thumb Code    86  _printf_hex_int_ll_ptr.o(.text)
    _printf_int_hex                          0x080051c3   Thumb Code    28  _printf_hex_int_ll_ptr.o(.text)
    _printf_ll_hex                           0x080051df   Thumb Code    12  _printf_hex_int_ll_ptr.o(.text)
    _printf_hex_ptr                          0x080051eb   Thumb Code    18  _printf_hex_int_ll_ptr.o(.text)
    __printf                                 0x08005201   Thumb Code   388  __printf_flags_ss_wp.o(.text)
    atoi                                     0x08005389   Thumb Code    26  atoi.o(.text)
    strchr                                   0x080053a3   Thumb Code    20  strchr.o(.text)
    strncat                                  0x080053b7   Thumb Code    36  strncat.o(.text)
    strstr                                   0x080053db   Thumb Code    36  strstr.o(.text)
    strcpy                                   0x080053ff   Thumb Code    72  strcpy.o(.text)
    strlen                                   0x08005447   Thumb Code    62  strlen.o(.text)
    strncmp                                  0x08005485   Thumb Code   150  strncmp.o(.text)
    __aeabi_memcpy                           0x0800551b   Thumb Code     0  rt_memcpy_v6.o(.text)
    __rt_memcpy                              0x0800551b   Thumb Code   138  rt_memcpy_v6.o(.text)
    _memcpy_lastbytes                        0x08005581   Thumb Code     0  rt_memcpy_v6.o(.text)
    __aeabi_memcpy4                          0x080055a5   Thumb Code     0  rt_memcpy_w.o(.text)
    __aeabi_memcpy8                          0x080055a5   Thumb Code     0  rt_memcpy_w.o(.text)
    __rt_memcpy_w                            0x080055a5   Thumb Code   100  rt_memcpy_w.o(.text)
    _memcpy_lastbytes_aligned                0x080055ed   Thumb Code     0  rt_memcpy_w.o(.text)
    __aeabi_memclr                           0x08005609   Thumb Code     0  rt_memclr.o(.text)
    __rt_memclr                              0x08005609   Thumb Code    68  rt_memclr.o(.text)
    _memset                                  0x0800560d   Thumb Code     0  rt_memclr.o(.text)
    __aeabi_memclr4                          0x0800564d   Thumb Code     0  rt_memclr_w.o(.text)
    __aeabi_memclr8                          0x0800564d   Thumb Code     0  rt_memclr_w.o(.text)
    __rt_memclr_w                            0x0800564d   Thumb Code    78  rt_memclr_w.o(.text)
    _memset_w                                0x08005651   Thumb Code     0  rt_memclr_w.o(.text)
    __use_two_region_memory                  0x0800569b   Thumb Code     2  heapauxi.o(.text)
    __rt_heap_escrow                         0x0800569d   Thumb Code     2  heapauxi.o(.text)
    __rt_heap_expand                         0x0800569f   Thumb Code     2  heapauxi.o(.text)
    __rt_ctype_table                         0x080056a1   Thumb Code    16  rt_ctype_table.o(.text)
    __rt_heap_descriptor                     0x080056b1   Thumb Code     8  rt_heap_descriptor_intlibspace.o(.text)
    __aeabi_errno_addr                       0x080056b9   Thumb Code     8  rt_errno_addr_intlibspace.o(.text)
    __errno$intlibspace                      0x080056b9   Thumb Code     0  rt_errno_addr_intlibspace.o(.text)
    __rt_errno_addr$intlibspace              0x080056b9   Thumb Code     0  rt_errno_addr_intlibspace.o(.text)
    __use_no_heap                            0x080056c1   Thumb Code     2  hguard.o(.text)
    __heap$guard                             0x080056c3   Thumb Code     2  hguard.o(.text)
    _terminate_user_alloc                    0x080056c5   Thumb Code     2  init_alloc.o(.text)
    _init_user_alloc                         0x080056c7   Thumb Code     2  init_alloc.o(.text)
    __Heap_Full                              0x080056c9   Thumb Code    34  init_alloc.o(.text)
    __Heap_Broken                            0x080056eb   Thumb Code     6  init_alloc.o(.text)
    _init_alloc                              0x080056f1   Thumb Code    94  init_alloc.o(.text)
    __Heap_Initialize                        0x0800574f   Thumb Code    10  h1_init.o(.text)
    __Heap_DescSize                          0x08005759   Thumb Code     4  h1_init.o(.text)
    __read_errno                             0x0800575d   Thumb Code    10  _rserrno.o(.text)
    __set_errno                              0x08005767   Thumb Code    12  _rserrno.o(.text)
    _printf_truncate_signed                  0x08005773   Thumb Code    18  _printf_truncate.o(.text)
    _printf_truncate_unsigned                0x08005785   Thumb Code    18  _printf_truncate.o(.text)
    _printf_int_common                       0x08005797   Thumb Code   178  _printf_intcommon.o(.text)
    _printf_charcount                        0x08005849   Thumb Code    40  _printf_charcount.o(.text)
    __lib_sel_fp_printf                      0x08005871   Thumb Code     2  _printf_fp_dec.o(.text)
    _printf_fp_dec_real                      0x08005a1f   Thumb Code   620  _printf_fp_dec.o(.text)
    _printf_char_common                      0x08005c97   Thumb Code    32  _printf_char_common.o(.text)
    _sputc                                   0x08005cbd   Thumb Code    10  _sputc.o(.text)
    _snputc                                  0x08005cc7   Thumb Code    16  _snputc.o(.text)
    _printf_cs_common                        0x08005cd7   Thumb Code    20  _printf_char.o(.text)
    _printf_char                             0x08005ceb   Thumb Code    16  _printf_char.o(.text)
    _printf_string                           0x08005cfb   Thumb Code     8  _printf_char.o(.text)
    _printf_wctomb                           0x08005d05   Thumb Code   182  _printf_wctomb.o(.text)
    _printf_longlong_dec                     0x08005dc1   Thumb Code   108  _printf_longlong_dec.o(.text)
    _printf_longlong_oct                     0x08005e3d   Thumb Code    68  _printf_oct_int_ll.o(.text)
    _printf_int_oct                          0x08005e81   Thumb Code    24  _printf_oct_int_ll.o(.text)
    _printf_ll_oct                           0x08005e99   Thumb Code    12  _printf_oct_int_ll.o(.text)
    strtol                                   0x08005ead   Thumb Code   112  strtol.o(.text)
    __user_libspace                          0x08005f1d   Thumb Code     8  libspace.o(.text)
    __user_perproc_libspace                  0x08005f1d   Thumb Code     0  libspace.o(.text)
    __user_perthread_libspace                0x08005f1d   Thumb Code     0  libspace.o(.text)
    __rt_locale                              0x08005f25   Thumb Code     8  rt_locale_intlibspace.o(.text)
    __Heap_ProvideMemory                     0x08005f2d   Thumb Code    52  h1_extend.o(.text)
    _ll_udiv10                               0x08005f61   Thumb Code   138  lludiv10.o(.text)
    _printf_fp_infnan                        0x08005fed   Thumb Code   112  _printf_fp_infnan.o(.text)
    _printf_lcs_common                       0x0800606d   Thumb Code    20  _printf_wchar.o(.text)
    _printf_wchar                            0x08006081   Thumb Code    16  _printf_wchar.o(.text)
    _printf_wstring                          0x08006091   Thumb Code     8  _printf_wchar.o(.text)
    _strtoul                                 0x08006099   Thumb Code   158  _strtoul.o(.text)
    _btod_etento                             0x08006139   Thumb Code   216  bigflt0.o(.text)
    _wcrtomb                                 0x08006215   Thumb Code    64  _wcrtomb.o(.text)
    __rt_SIGRTMEM                            0x08006255   Thumb Code    14  defsig_rtmem_outer.o(.text)
    __I$use$semihosting                      0x08006263   Thumb Code     0  use_no_semi.o(.text)
    __use_no_semihosting_swi                 0x08006263   Thumb Code     2  use_no_semi.o(.text)
    __semihosting_library_function           0x08006265   Thumb Code     0  indicate_semi.o(.text)
    __user_setup_stackheap                   0x08006265   Thumb Code    74  sys_stackheap_outer.o(.text)
    _chval                                   0x080062af   Thumb Code    28  _chval.o(.text)
    exit                                     0x080062cb   Thumb Code    12  exit.o(.text)
    __sig_exit                               0x080062d7   Thumb Code    10  defsig_exit.o(.text)
    __rt_SIGRTMEM_inner                      0x080062e1   Thumb Code    22  defsig_rtmem_inner.o(.text)
    strcmp                                   0x08006331   Thumb Code   128  strcmpv7m.o(.text)
    _sys_exit                                0x080063b1   Thumb Code     8  sys_exit.o(.text)
    __default_signal_display                 0x080063bd   Thumb Code    50  defsig_general.o(.text)
    _ttywrch                                 0x080063ef   Thumb Code    14  sys_wrch.o(.text)
    _btod_d2e                                0x080063fd   Thumb Code    62  btod.o(CL$$btod_d2e)
    _d2e_denorm_low                          0x0800643b   Thumb Code    70  btod.o(CL$$btod_d2e_denorm_low)
    _d2e_norm_op1                            0x08006481   Thumb Code    96  btod.o(CL$$btod_d2e_norm_op1)
    __btod_div_common                        0x080064e1   Thumb Code   696  btod.o(CL$$btod_div_common)
    _e2e                                     0x08006819   Thumb Code   198  btod.o(CL$$btod_e2e)
    _btod_ediv                               0x080068df   Thumb Code    40  btod.o(CL$$btod_ediv)
    _btod_emul                               0x08006907   Thumb Code    40  btod.o(CL$$btod_emul)
    __btod_mult_common                       0x0800692f   Thumb Code   580  btod.o(CL$$btod_mult_common)
    __ARM_fpclassify                         0x08006b73   Thumb Code    40  fpclassify.o(i.__ARM_fpclassify)
    __kernel_poly                            0x08006b9b   Thumb Code   170  poly.o(i.__kernel_poly)
    __mathlib_dbl_divzero                    0x08006c45   Thumb Code    12  dunder.o(i.__mathlib_dbl_divzero)
    __mathlib_dbl_infnan2                    0x08006c55   Thumb Code     4  dunder.o(i.__mathlib_dbl_infnan2)
    __mathlib_dbl_invalid                    0x08006c59   Thumb Code    12  dunder.o(i.__mathlib_dbl_invalid)
    __mathlib_dbl_overflow                   0x08006c65   Thumb Code    14  dunder.o(i.__mathlib_dbl_overflow)
    __mathlib_dbl_underflow                  0x08006c75   Thumb Code    10  dunder.o(i.__mathlib_dbl_underflow)
    _is_digit                                0x08006c85   Thumb Code    14  __printf_wp.o(i._is_digit)
    floor                                    0x08006c95   Thumb Code   204  floor.o(i.floor)
    pow                                      0x08006d71   Thumb Code  2478  pow.o(i.pow)
    sqrt                                     0x08007729   Thumb Code    76  sqrt.o(i.sqrt)
    _get_lc_ctype                            0x08007775   Thumb Code    44  lc_ctype_c.o(locale$$code)
    _get_lc_numeric                          0x080077a1   Thumb Code    44  lc_numeric_c.o(locale$$code)
    __aeabi_dadd                             0x080077cd   Thumb Code     0  daddsub_clz.o(x$fpl$dadd)
    _dadd                                    0x080077cd   Thumb Code   332  daddsub_clz.o(x$fpl$dadd)
    __fpl_dcheck_NaN1                        0x0800791d   Thumb Code    10  dcheck1.o(x$fpl$dcheck1)
    __fpl_dcmp_Inf                           0x0800792d   Thumb Code    24  dcmpi.o(x$fpl$dcmpinf)
    __aeabi_ddiv                             0x08007945   Thumb Code     0  ddiv.o(x$fpl$ddiv)
    _ddiv                                    0x08007945   Thumb Code   552  ddiv.o(x$fpl$ddiv)
    __aeabi_cdcmpeq                          0x08007bf5   Thumb Code     0  deqf.o(x$fpl$deqf)
    _dcmpeq                                  0x08007bf5   Thumb Code   120  deqf.o(x$fpl$deqf)
    __aeabi_d2iz                             0x08007c6d   Thumb Code     0  dfix.o(x$fpl$dfix)
    _dfix                                    0x08007c6d   Thumb Code    94  dfix.o(x$fpl$dfix)
    __aeabi_i2d                              0x08007ccb   Thumb Code     0  dflt_clz.o(x$fpl$dflt)
    _dflt                                    0x08007ccb   Thumb Code    46  dflt_clz.o(x$fpl$dflt)
    __aeabi_cdcmple                          0x08007cf9   Thumb Code     0  dleqf.o(x$fpl$dleqf)
    _dcmple                                  0x08007cf9   Thumb Code   120  dleqf.o(x$fpl$dleqf)
    __fpl_dcmple_InfNaN                      0x08007d5b   Thumb Code     0  dleqf.o(x$fpl$dleqf)
    __aeabi_dmul                             0x08007d71   Thumb Code     0  dmul.o(x$fpl$dmul)
    _dmul                                    0x08007d71   Thumb Code   332  dmul.o(x$fpl$dmul)
    __fpl_dnaninf                            0x08007ec5   Thumb Code   156  dnaninf.o(x$fpl$dnaninf)
    __fpl_dretinf                            0x08007f61   Thumb Code    12  dretinf.o(x$fpl$dretinf)
    __aeabi_cdrcmple                         0x08007f6d   Thumb Code     0  drleqf.o(x$fpl$drleqf)
    _drcmple                                 0x08007f6d   Thumb Code   108  drleqf.o(x$fpl$drleqf)
    __aeabi_drsub                            0x08007fd9   Thumb Code     0  daddsub_clz.o(x$fpl$drsb)
    _drsb                                    0x08007fd9   Thumb Code    22  daddsub_clz.o(x$fpl$drsb)
    _dsqrt                                   0x08007ff1   Thumb Code   456  dsqrt_noumaal.o(x$fpl$dsqrt)
    __aeabi_dsub                             0x080081bd   Thumb Code     0  daddsub_clz.o(x$fpl$dsub)
    _dsub                                    0x080081bd   Thumb Code   464  daddsub_clz.o(x$fpl$dsub)
    __aeabi_f2d                              0x08008391   Thumb Code     0  f2d.o(x$fpl$f2d)
    _f2d                                     0x08008391   Thumb Code    86  f2d.o(x$fpl$f2d)
    __aeabi_ui2f                             0x080083e9   Thumb Code     0  fflt_clz.o(x$fpl$ffltu)
    _ffltu                                   0x080083e9   Thumb Code    38  fflt_clz.o(x$fpl$ffltu)
    __fpl_fnaninf                            0x0800840f   Thumb Code   140  fnaninf.o(x$fpl$fnaninf)
    _printf_fp_dec                           0x0800849b   Thumb Code     4  printf1.o(x$fpl$printf1)
    __fpl_return_NaN                         0x0800849f   Thumb Code   100  retnan.o(x$fpl$retnan)
    __ARM_scalbn                             0x08008503   Thumb Code    92  scalbn.o(x$fpl$scalbn)
    __fpl_cmpreturn                          0x0800855f   Thumb Code    48  trapv.o(x$fpl$trapveneer)
    __I$use$fp                               0x0800858e   Number         0  usenofp.o(x$fpl$usenofp)
    __mathlib_zero                           0x08008660   Data           8  qnan.o(.constdata)
    Region$$Table$$Base                      0x08008704   Number         0  anon$$obj.o(Region$$Table)
    Region$$Table$$Limit                     0x08008724   Number         0  anon$$obj.o(Region$$Table)
    __ctype                                  0x08008731   Data           0  lc_ctype_c.o(locale$$data)
    led_status                               0x20000000   Data           1  main.o(.data)
    light                                    0x20000001   Data           1  main.o(.data)
    topics                                   0x20000004   Data           4  main.o(.data)
    timeCount                                0x20000008   Data           2  main.o(.data)
    dataPtr                                  0x2000000c   Data           4  main.o(.data)
    SystemCoreClock                          0x20000010   Data           4  system_stm32f10x.o(.data)
    AHBPrescTable                            0x20000014   Data          16  system_stm32f10x.o(.data)
    esp8266_cnt                              0x2000003c   Data           2  esp8266.o(.data)
    esp8266_cntPre                           0x2000003e   Data           2  esp8266.o(.data)
    esp8266_buf                              0x20000050   Data         128  esp8266.o(.bss)
    __libspace_start                         0x200000d0   Data          96  libspace.o(.bss)
    __temporary_stack_top$libspace           0x20000130   Data           0  libspace.o(.bss)



==============================================================================

Memory Map of the image

  Image Entry point : 0x08000131

  Load Region LR_IROM1 (Base: 0x08000000, Size: 0x000088a0, Max: 0x00080000, ABSOLUTE)

    Execution Region ER_IROM1 (Base: 0x08000000, Size: 0x00008850, Max: 0x00080000, ABSOLUTE)

    Base Addr    Size         Type   Attr      Idx    E Section Name        Object

    0x08000000   0x00000130   Data   RO          332    RESET               startup_stm32f10x_hd.o
    0x08000130   0x00000008   Code   RO          641  * !!!main             c_w.l(__main.o)
    0x08000138   0x00000034   Code   RO         1049    !!!scatter          c_w.l(__scatter.o)
    0x0800016c   0x0000001a   Code   RO         1051    !!handler_copy      c_w.l(__scatter_copy.o)
    0x08000186   0x00000002   PAD
    0x08000188   0x0000001c   Code   RO         1053    !!handler_zi        c_w.l(__scatter_zi.o)
    0x080001a4   0x00000000   Code   RO          616    .ARM.Collect$$_printf_percent$$00000000  c_w.l(_printf_percent.o)
    0x080001a4   0x00000006   Code   RO          760    .ARM.Collect$$_printf_percent$$00000001  c_w.l(_printf_n.o)
    0x080001aa   0x00000006   Code   RO          761    .ARM.Collect$$_printf_percent$$00000002  c_w.l(_printf_p.o)
    0x080001b0   0x00000006   Code   RO          614    .ARM.Collect$$_printf_percent$$00000003  c_w.l(_printf_f.o)
    0x080001b6   0x00000006   Code   RO          615    .ARM.Collect$$_printf_percent$$00000004  c_w.l(_printf_e.o)
    0x080001bc   0x00000006   Code   RO          765    .ARM.Collect$$_printf_percent$$00000005  c_w.l(_printf_g.o)
    0x080001c2   0x00000006   Code   RO          766    .ARM.Collect$$_printf_percent$$00000006  c_w.l(_printf_a.o)
    0x080001c8   0x0000000a   Code   RO          771    .ARM.Collect$$_printf_percent$$00000007  c_w.l(_printf_ll.o)
    0x080001d2   0x00000006   Code   RO          763    .ARM.Collect$$_printf_percent$$00000008  c_w.l(_printf_i.o)
    0x080001d8   0x00000006   Code   RO          613    .ARM.Collect$$_printf_percent$$00000009  c_w.l(_printf_d.o)
    0x080001de   0x00000006   Code   RO          764    .ARM.Collect$$_printf_percent$$0000000A  c_w.l(_printf_u.o)
    0x080001e4   0x00000006   Code   RO          762    .ARM.Collect$$_printf_percent$$0000000B  c_w.l(_printf_o.o)
    0x080001ea   0x00000006   Code   RO          612    .ARM.Collect$$_printf_percent$$0000000C  c_w.l(_printf_x.o)
    0x080001f0   0x00000006   Code   RO          768    .ARM.Collect$$_printf_percent$$0000000D  c_w.l(_printf_lli.o)
    0x080001f6   0x00000006   Code   RO          769    .ARM.Collect$$_printf_percent$$0000000E  c_w.l(_printf_lld.o)
    0x080001fc   0x00000006   Code   RO          770    .ARM.Collect$$_printf_percent$$0000000F  c_w.l(_printf_llu.o)
    0x08000202   0x00000006   Code   RO          775    .ARM.Collect$$_printf_percent$$00000010  c_w.l(_printf_llo.o)
    0x08000208   0x00000006   Code   RO          776    .ARM.Collect$$_printf_percent$$00000011  c_w.l(_printf_llx.o)
    0x0800020e   0x0000000a   Code   RO          772    .ARM.Collect$$_printf_percent$$00000012  c_w.l(_printf_l.o)
    0x08000218   0x00000006   Code   RO          759    .ARM.Collect$$_printf_percent$$00000013  c_w.l(_printf_c.o)
    0x0800021e   0x00000006   Code   RO          611    .ARM.Collect$$_printf_percent$$00000014  c_w.l(_printf_s.o)
    0x08000224   0x00000006   Code   RO          773    .ARM.Collect$$_printf_percent$$00000015  c_w.l(_printf_lc.o)
    0x0800022a   0x00000006   Code   RO          774    .ARM.Collect$$_printf_percent$$00000016  c_w.l(_printf_ls.o)
    0x08000230   0x00000004   Code   RO          767    .ARM.Collect$$_printf_percent$$00000017  c_w.l(_printf_percent_end.o)
    0x08000234   0x00000002   Code   RO          985    .ARM.Collect$$libinit$$00000000  c_w.l(libinit.o)
    0x08000236   0x00000000   Code   RO          782    .ARM.Collect$$libinit$$00000002  c_w.l(libinit2.o)
    0x08000236   0x00000000   Code   RO          784    .ARM.Collect$$libinit$$00000004  c_w.l(libinit2.o)
    0x08000236   0x00000008   Code   RO          785    .ARM.Collect$$libinit$$00000005  c_w.l(libinit2.o)
    0x0800023e   0x00000000   Code   RO          787    .ARM.Collect$$libinit$$0000000A  c_w.l(libinit2.o)
    0x0800023e   0x00000000   Code   RO          789    .ARM.Collect$$libinit$$0000000C  c_w.l(libinit2.o)
    0x0800023e   0x00000000   Code   RO          791    .ARM.Collect$$libinit$$0000000E  c_w.l(libinit2.o)
    0x0800023e   0x00000006   Code   RO          792    .ARM.Collect$$libinit$$0000000F  c_w.l(libinit2.o)
    0x08000244   0x00000000   Code   RO          794    .ARM.Collect$$libinit$$00000011  c_w.l(libinit2.o)
    0x08000244   0x0000000c   Code   RO          795    .ARM.Collect$$libinit$$00000012  c_w.l(libinit2.o)
    0x08000250   0x00000000   Code   RO          796    .ARM.Collect$$libinit$$00000013  c_w.l(libinit2.o)
    0x08000250   0x00000000   Code   RO          798    .ARM.Collect$$libinit$$00000015  c_w.l(libinit2.o)
    0x08000250   0x0000000a   Code   RO          799    .ARM.Collect$$libinit$$00000016  c_w.l(libinit2.o)
    0x0800025a   0x00000000   Code   RO          800    .ARM.Collect$$libinit$$00000017  c_w.l(libinit2.o)
    0x0800025a   0x00000000   Code   RO          802    .ARM.Collect$$libinit$$00000019  c_w.l(libinit2.o)
    0x0800025a   0x00000000   Code   RO          804    .ARM.Collect$$libinit$$0000001B  c_w.l(libinit2.o)
    0x0800025a   0x00000000   Code   RO          806    .ARM.Collect$$libinit$$0000001D  c_w.l(libinit2.o)
    0x0800025a   0x00000000   Code   RO          808    .ARM.Collect$$libinit$$0000001F  c_w.l(libinit2.o)
    0x0800025a   0x00000000   Code   RO          810    .ARM.Collect$$libinit$$00000021  c_w.l(libinit2.o)
    0x0800025a   0x00000000   Code   RO          812    .ARM.Collect$$libinit$$00000023  c_w.l(libinit2.o)
    0x0800025a   0x00000000   Code   RO          814    .ARM.Collect$$libinit$$00000025  c_w.l(libinit2.o)
    0x0800025a   0x00000000   Code   RO          818    .ARM.Collect$$libinit$$0000002C  c_w.l(libinit2.o)
    0x0800025a   0x00000000   Code   RO          820    .ARM.Collect$$libinit$$0000002E  c_w.l(libinit2.o)
    0x0800025a   0x00000000   Code   RO          822    .ARM.Collect$$libinit$$00000030  c_w.l(libinit2.o)
    0x0800025a   0x00000000   Code   RO          824    .ARM.Collect$$libinit$$00000032  c_w.l(libinit2.o)
    0x0800025a   0x00000002   Code   RO          825    .ARM.Collect$$libinit$$00000033  c_w.l(libinit2.o)
    0x0800025c   0x00000002   Code   RO         1046    .ARM.Collect$$libshutdown$$00000000  c_w.l(libshutdown.o)
    0x0800025e   0x00000000   Code   RO         1002    .ARM.Collect$$libshutdown$$00000003  c_w.l(libshutdown2.o)
    0x0800025e   0x00000000   Code   RO         1005    .ARM.Collect$$libshutdown$$00000006  c_w.l(libshutdown2.o)
    0x0800025e   0x00000000   Code   RO         1008    .ARM.Collect$$libshutdown$$00000009  c_w.l(libshutdown2.o)
    0x0800025e   0x00000000   Code   RO         1010    .ARM.Collect$$libshutdown$$0000000B  c_w.l(libshutdown2.o)
    0x0800025e   0x00000000   Code   RO         1013    .ARM.Collect$$libshutdown$$0000000E  c_w.l(libshutdown2.o)
    0x0800025e   0x00000002   Code   RO         1014    .ARM.Collect$$libshutdown$$0000000F  c_w.l(libshutdown2.o)
    0x08000260   0x00000000   Code   RO          697    .ARM.Collect$$rtentry$$00000000  c_w.l(__rtentry.o)
    0x08000260   0x00000000   Code   RO          870    .ARM.Collect$$rtentry$$00000002  c_w.l(__rtentry2.o)
    0x08000260   0x00000006   Code   RO          882    .ARM.Collect$$rtentry$$00000004  c_w.l(__rtentry4.o)
    0x08000266   0x00000000   Code   RO          872    .ARM.Collect$$rtentry$$00000009  c_w.l(__rtentry2.o)
    0x08000266   0x00000004   Code   RO          873    .ARM.Collect$$rtentry$$0000000A  c_w.l(__rtentry2.o)
    0x0800026a   0x00000000   Code   RO          875    .ARM.Collect$$rtentry$$0000000C  c_w.l(__rtentry2.o)
    0x0800026a   0x00000008   Code   RO          876    .ARM.Collect$$rtentry$$0000000D  c_w.l(__rtentry2.o)
    0x08000272   0x00000002   Code   RO          990    .ARM.Collect$$rtexit$$00000000  c_w.l(rtexit.o)
    0x08000274   0x00000000   Code   RO         1020    .ARM.Collect$$rtexit$$00000002  c_w.l(rtexit2.o)
    0x08000274   0x00000004   Code   RO         1021    .ARM.Collect$$rtexit$$00000003  c_w.l(rtexit2.o)
    0x08000278   0x00000006   Code   RO         1022    .ARM.Collect$$rtexit$$00000004  c_w.l(rtexit2.o)
    0x0800027e   0x00000002   PAD
    0x08000280   0x00000000   Code   RO          891    .emb_text           c_w.l(maybetermalloc1.o)
    0x08000280   0x000000d0   Code   RO            1    .text               main.o
    0x08000350   0x0000001a   Code   RO          136    .text               stm32f10x_it.o
    0x0800036a   0x00000002   PAD
    0x0800036c   0x000001e0   Code   RO          177    .text               system_stm32f10x.o
    0x0800054c   0x0000044e   Code   RO          195    .text               stm32f10x_adc.o
    0x0800099a   0x00000002   PAD
    0x0800099c   0x0000004c   Code   RO          219    .text               led.o
    0x080009e8   0x00000038   Code   RO          231    .text               beep.o
    0x08000a20   0x00000068   Code   RO          243    .text               lsens.o
    0x08000a88   0x00000230   Code   RO          255    .text               adc.o
    0x08000cb8   0x000000d4   Code   RO          267    .text               delay.o
    0x08000d8c   0x00000294   Code   RO          298    .text               usart.o
    0x08001020   0x00000040   Code   RO          333    .text               startup_stm32f10x_hd.o
    0x08001060   0x000000dc   Code   RO          337    .text               misc.o
    0x0800113c   0x0000035c   Code   RO          349    .text               stm32f10x_gpio.o
    0x08001498   0x000003a4   Code   RO          361    .text               stm32f10x_rcc.o
    0x0800183c   0x00000408   Code   RO          375    .text               stm32f10x_usart.o
    0x08001c44   0x00000394   Code   RO          387    .text               esp8266.o
    0x08001fd8   0x00000dfc   Code   RO          407    .text               mqttkit.o
    0x08002dd4   0x000006d6   Code   RO          435    .text               onenet.o
    0x080034aa   0x00000002   PAD
    0x080034ac   0x00001a80   Code   RO          455    .text               cjson.o
    0x08004f2c   0x0000005e   Code   RO          496    .text               c_w.l(h1_alloc.o)
    0x08004f8a   0x0000004e   Code   RO          498    .text               c_w.l(h1_free.o)
    0x08004fd8   0x0000001a   Code   RO          554    .text               c_w.l(tolower.o)
    0x08004ff2   0x00000002   PAD
    0x08004ff4   0x00000034   Code   RO          556    .text               c_w.l(c89vsnprintf.o)
    0x08005028   0x0000002c   Code   RO          558    .text               c_w.l(__2sprintf.o)
    0x08005054   0x0000004e   Code   RO          564    .text               c_w.l(_printf_pad.o)
    0x080050a2   0x00000052   Code   RO          566    .text               c_w.l(_printf_str.o)
    0x080050f4   0x00000078   Code   RO          568    .text               c_w.l(_printf_dec.o)
    0x0800516c   0x00000094   Code   RO          588    .text               c_w.l(_printf_hex_int_ll_ptr.o)
    0x08005200   0x00000188   Code   RO          608    .text               c_w.l(__printf_flags_ss_wp.o)
    0x08005388   0x0000001a   Code   RO          617    .text               c_w.l(atoi.o)
    0x080053a2   0x00000014   Code   RO          619    .text               c_w.l(strchr.o)
    0x080053b6   0x00000024   Code   RO          621    .text               c_w.l(strncat.o)
    0x080053da   0x00000024   Code   RO          623    .text               c_w.l(strstr.o)
    0x080053fe   0x00000048   Code   RO          625    .text               c_w.l(strcpy.o)
    0x08005446   0x0000003e   Code   RO          627    .text               c_w.l(strlen.o)
    0x08005484   0x00000096   Code   RO          629    .text               c_w.l(strncmp.o)
    0x0800551a   0x0000008a   Code   RO          631    .text               c_w.l(rt_memcpy_v6.o)
    0x080055a4   0x00000064   Code   RO          633    .text               c_w.l(rt_memcpy_w.o)
    0x08005608   0x00000044   Code   RO          635    .text               c_w.l(rt_memclr.o)
    0x0800564c   0x0000004e   Code   RO          637    .text               c_w.l(rt_memclr_w.o)
    0x0800569a   0x00000006   Code   RO          639    .text               c_w.l(heapauxi.o)
    0x080056a0   0x00000010   Code   RO          698    .text               c_w.l(rt_ctype_table.o)
    0x080056b0   0x00000008   Code   RO          703    .text               c_w.l(rt_heap_descriptor_intlibspace.o)
    0x080056b8   0x00000008   Code   RO          708    .text               c_w.l(rt_errno_addr_intlibspace.o)
    0x080056c0   0x00000004   Code   RO          710    .text               c_w.l(hguard.o)
    0x080056c4   0x0000008a   Code   RO          712    .text               c_w.l(init_alloc.o)
    0x0800574e   0x0000000e   Code   RO          716    .text               c_w.l(h1_init.o)
    0x0800575c   0x00000016   Code   RO          730    .text               c_w.l(_rserrno.o)
    0x08005772   0x00000024   Code   RO          732    .text               c_w.l(_printf_truncate.o)
    0x08005796   0x000000b2   Code   RO          734    .text               c_w.l(_printf_intcommon.o)
    0x08005848   0x00000028   Code   RO          736    .text               c_w.l(_printf_charcount.o)
    0x08005870   0x0000041a   Code   RO          738    .text               c_w.l(_printf_fp_dec.o)
    0x08005c8a   0x00000002   PAD
    0x08005c8c   0x00000030   Code   RO          740    .text               c_w.l(_printf_char_common.o)
    0x08005cbc   0x0000000a   Code   RO          742    .text               c_w.l(_sputc.o)
    0x08005cc6   0x00000010   Code   RO          744    .text               c_w.l(_snputc.o)
    0x08005cd6   0x0000002c   Code   RO          746    .text               c_w.l(_printf_char.o)
    0x08005d02   0x00000002   PAD
    0x08005d04   0x000000bc   Code   RO          748    .text               c_w.l(_printf_wctomb.o)
    0x08005dc0   0x0000007c   Code   RO          751    .text               c_w.l(_printf_longlong_dec.o)
    0x08005e3c   0x00000070   Code   RO          757    .text               c_w.l(_printf_oct_int_ll.o)
    0x08005eac   0x00000070   Code   RO          777    .text               c_w.l(strtol.o)
    0x08005f1c   0x00000008   Code   RO          866    .text               c_w.l(libspace.o)
    0x08005f24   0x00000008   Code   RO          887    .text               c_w.l(rt_locale_intlibspace.o)
    0x08005f2c   0x00000034   Code   RO          893    .text               c_w.l(h1_extend.o)
    0x08005f60   0x0000008a   Code   RO          897    .text               c_w.l(lludiv10.o)
    0x08005fea   0x00000002   PAD
    0x08005fec   0x00000080   Code   RO          899    .text               c_w.l(_printf_fp_infnan.o)
    0x0800606c   0x0000002c   Code   RO          903    .text               c_w.l(_printf_wchar.o)
    0x08006098   0x0000009e   Code   RO          905    .text               c_w.l(_strtoul.o)
    0x08006136   0x00000002   PAD
    0x08006138   0x000000dc   Code   RO          907    .text               c_w.l(bigflt0.o)
    0x08006214   0x00000040   Code   RO          932    .text               c_w.l(_wcrtomb.o)
    0x08006254   0x0000000e   Code   RO          940    .text               c_w.l(defsig_rtmem_outer.o)
    0x08006262   0x00000002   Code   RO          957    .text               c_w.l(use_no_semi.o)
    0x08006264   0x00000000   Code   RO          959    .text               c_w.l(indicate_semi.o)
    0x08006264   0x0000004a   Code   RO          960    .text               c_w.l(sys_stackheap_outer.o)
    0x080062ae   0x0000001c   Code   RO          966    .text               c_w.l(_chval.o)
    0x080062ca   0x0000000c   Code   RO          968    .text               c_w.l(exit.o)
    0x080062d6   0x0000000a   Code   RO          970    .text               c_w.l(defsig_exit.o)
    0x080062e0   0x00000050   Code   RO          972    .text               c_w.l(defsig_rtmem_inner.o)
    0x08006330   0x00000080   Code   RO          974    .text               c_w.l(strcmpv7m.o)
    0x080063b0   0x0000000c   Code   RO          988    .text               c_w.l(sys_exit.o)
    0x080063bc   0x00000032   Code   RO          998    .text               c_w.l(defsig_general.o)
    0x080063ee   0x0000000e   Code   RO         1017    .text               c_w.l(sys_wrch.o)
    0x080063fc   0x0000003e   Code   RO          910    CL$$btod_d2e        c_w.l(btod.o)
    0x0800643a   0x00000046   Code   RO          912    CL$$btod_d2e_denorm_low  c_w.l(btod.o)
    0x08006480   0x00000060   Code   RO          911    CL$$btod_d2e_norm_op1  c_w.l(btod.o)
    0x080064e0   0x00000338   Code   RO          920    CL$$btod_div_common  c_w.l(btod.o)
    0x08006818   0x000000c6   Code   RO          917    CL$$btod_e2e        c_w.l(btod.o)
    0x080068de   0x00000028   Code   RO          914    CL$$btod_ediv       c_w.l(btod.o)
    0x08006906   0x00000028   Code   RO          913    CL$$btod_emul       c_w.l(btod.o)
    0x0800692e   0x00000244   Code   RO          919    CL$$btod_mult_common  c_w.l(btod.o)
    0x08006b72   0x00000028   Code   RO          851    i.__ARM_fpclassify  m_ws.l(fpclassify.o)
    0x08006b9a   0x000000aa   Code   RO          853    i.__kernel_poly     m_ws.l(poly.o)
    0x08006c44   0x00000010   Code   RO          837    i.__mathlib_dbl_divzero  m_ws.l(dunder.o)
    0x08006c54   0x00000004   Code   RO          839    i.__mathlib_dbl_infnan2  m_ws.l(dunder.o)
    0x08006c58   0x0000000c   Code   RO          840    i.__mathlib_dbl_invalid  m_ws.l(dunder.o)
    0x08006c64   0x0000000e   Code   RO          841    i.__mathlib_dbl_overflow  m_ws.l(dunder.o)
    0x08006c72   0x00000002   PAD
    0x08006c74   0x00000010   Code   RO          843    i.__mathlib_dbl_underflow  m_ws.l(dunder.o)
    0x08006c84   0x0000000e   Code   RO          601    i._is_digit         c_w.l(__printf_wp.o)
    0x08006c92   0x00000002   PAD
    0x08006c94   0x000000dc   Code   RO          682    i.floor             m_ws.l(floor.o)
    0x08006d70   0x000009b8   Code   RO          686    i.pow               m_ws.l(pow.o)
    0x08007728   0x0000004c   Code   RO          857    i.sqrt              m_ws.l(sqrt.o)
    0x08007774   0x0000002c   Code   RO          935    locale$$code        c_w.l(lc_ctype_c.o)
    0x080077a0   0x0000002c   Code   RO          938    locale$$code        c_w.l(lc_numeric_c.o)
    0x080077cc   0x00000150   Code   RO          643    x$fpl$dadd          fz_ws.l(daddsub_clz.o)
    0x0800791c   0x00000010   Code   RO          949    x$fpl$dcheck1       fz_ws.l(dcheck1.o)
    0x0800792c   0x00000018   Code   RO          826    x$fpl$dcmpinf       fz_ws.l(dcmpi.o)
    0x08007944   0x000002b0   Code   RO          650    x$fpl$ddiv          fz_ws.l(ddiv.o)
    0x08007bf4   0x00000078   Code   RO          653    x$fpl$deqf          fz_ws.l(deqf.o)
    0x08007c6c   0x0000005e   Code   RO          655    x$fpl$dfix          fz_ws.l(dfix.o)
    0x08007cca   0x0000002e   Code   RO          660    x$fpl$dflt          fz_ws.l(dflt_clz.o)
    0x08007cf8   0x00000078   Code   RO          665    x$fpl$dleqf         fz_ws.l(dleqf.o)
    0x08007d70   0x00000154   Code   RO          667    x$fpl$dmul          fz_ws.l(dmul.o)
    0x08007ec4   0x0000009c   Code   RO          828    x$fpl$dnaninf       fz_ws.l(dnaninf.o)
    0x08007f60   0x0000000c   Code   RO          830    x$fpl$dretinf       fz_ws.l(dretinf.o)
    0x08007f6c   0x0000006c   Code   RO          669    x$fpl$drleqf        fz_ws.l(drleqf.o)
    0x08007fd8   0x00000016   Code   RO          644    x$fpl$drsb          fz_ws.l(daddsub_clz.o)
    0x08007fee   0x00000002   PAD
    0x08007ff0   0x000001cc   Code   RO          951    x$fpl$dsqrt         fz_ws.l(dsqrt_noumaal.o)
    0x080081bc   0x000001d4   Code   RO          645    x$fpl$dsub          fz_ws.l(daddsub_clz.o)
    0x08008390   0x00000056   Code   RO          671    x$fpl$f2d           fz_ws.l(f2d.o)
    0x080083e6   0x00000002   PAD
    0x080083e8   0x00000026   Code   RO          673    x$fpl$ffltu         fz_ws.l(fflt_clz.o)
    0x0800840e   0x0000008c   Code   RO          832    x$fpl$fnaninf       fz_ws.l(fnaninf.o)
    0x0800849a   0x00000004   Code   RO          679    x$fpl$printf1       fz_ws.l(printf1.o)
    0x0800849e   0x00000064   Code   RO          986    x$fpl$retnan        fz_ws.l(retnan.o)
    0x08008502   0x0000005c   Code   RO          834    x$fpl$scalbn        fz_ws.l(scalbn.o)
    0x0800855e   0x00000030   Code   RO         1015    x$fpl$trapveneer    fz_ws.l(trapv.o)
    0x0800858e   0x00000000   Code   RO          836    x$fpl$usenofp       fz_ws.l(usenofp.o)
    0x0800858e   0x00000007   Data   RO          456    .constdata          cjson.o
    0x08008595   0x00000028   Data   RO          589    .constdata          c_w.l(_printf_hex_int_ll_ptr.o)
    0x080085bd   0x00000011   Data   RO          609    .constdata          c_w.l(__printf_flags_ss_wp.o)
    0x080085ce   0x00000002   PAD
    0x080085d0   0x00000088   Data   RO          687    .constdata          m_ws.l(pow.o)
    0x08008658   0x00000008   Data   RO          749    .constdata          c_w.l(_printf_wctomb.o)
    0x08008660   0x00000008   Data   RO          855    .constdata          m_ws.l(qnan.o)
    0x08008668   0x00000094   Data   RO          908    .constdata          c_w.l(bigflt0.o)
    0x080086fc   0x00000005   Data   RO            2    .conststring        main.o
    0x08008701   0x00000003   PAD
    0x08008704   0x00000020   Data   RO         1047    Region$$Table       anon$$obj.o
    0x08008724   0x00000110   Data   RO          934    locale$$data        c_w.l(lc_ctype_c.o)
    0x08008834   0x0000001c   Data   RO          937    locale$$data        c_w.l(lc_numeric_c.o)


    Execution Region RW_IRAM1 (Base: 0x20000000, Size: 0x00000730, Max: 0x00010000, ABSOLUTE)

    Base Addr    Size         Type   Attr      Idx    E Section Name        Object

    0x20000000   0x00000010   Data   RW            3    .data               main.o
    0x20000010   0x00000014   Data   RW          178    .data               system_stm32f10x.o
    0x20000024   0x00000004   Data   RW          268    .data               delay.o
    0x20000028   0x00000014   Data   RW          362    .data               stm32f10x_rcc.o
    0x2000003c   0x00000004   Data   RW          389    .data               esp8266.o
    0x20000040   0x00000002   Data   RW          436    .data               onenet.o
    0x20000042   0x00000002   PAD
    0x20000044   0x0000000c   Data   RW          457    .data               cjson.o
    0x20000050   0x00000080   Zero   RW          388    .bss                esp8266.o
    0x200000d0   0x00000060   Zero   RW          867    .bss                c_w.l(libspace.o)
    0x20000130   0x00000200   Zero   RW          331    HEAP                startup_stm32f10x_hd.o
    0x20000330   0x00000400   Zero   RW          330    STACK               startup_stm32f10x_hd.o


==============================================================================

Image component sizes


      Code (inc. data)   RO Data    RW Data    ZI Data      Debug   Object Name

       560         36          0          0          0       1880   adc.o
        56          6          0          0          0        460   beep.o
      6784        208          7         12          0      23116   cjson.o
       212         18          0          4          0        967   delay.o
       916        318          0          4        128       3007   esp8266.o
        76          8          0          0          0        471   led.o
       104          6          0          0          0        691   lsens.o
       208         40          5         16          0     242723   main.o
       220         22          0          0          0       1745   misc.o
      3580         42          0          0          0      14467   mqttkit.o
      1750        848          0          2          0       5801   onenet.o
        64         26        304          0       1536        776   startup_stm32f10x_hd.o
      1102         26          0          0          0      10777   stm32f10x_adc.o
       860         38          0          0          0       5589   stm32f10x_gpio.o
        26          0          0          0          0       1154   stm32f10x_it.o
       932         36          0         20          0       8732   stm32f10x_rcc.o
      1032         22          0          0          0       8316   stm32f10x_usart.o
         0          0          0          0          0         32   sys.o
       480         38          0         20          0       1659   system_stm32f10x.o
       660         20          0          0          0       3565   usart.o

    ----------------------------------------------------------------------
     19628       1758        351         80       1664     335928   Object Totals
         0          0         32          0          0          0   (incl. Generated)
         6          0          3          2          0          0   (incl. Padding)

    ----------------------------------------------------------------------

      Code (inc. data)   RO Data    RW Data    ZI Data      Debug   Library Member Name

        44          6          0          0          0         84   __2sprintf.o
         8          0          0          0          0         68   __main.o
       392          4         17          0          0         92   __printf_flags_ss_wp.o
        14          0          0          0          0         68   __printf_wp.o
         0          0          0          0          0          0   __rtentry.o
        12          0          0          0          0          0   __rtentry2.o
         6          0          0          0          0          0   __rtentry4.o
        52          8          0          0          0          0   __scatter.o
        26          0          0          0          0          0   __scatter_copy.o
        28          0          0          0          0          0   __scatter_zi.o
        28          0          0          0          0         68   _chval.o
         6          0          0          0          0          0   _printf_a.o
         6          0          0          0          0          0   _printf_c.o
        44          0          0          0          0        108   _printf_char.o
        48          6          0          0          0         96   _printf_char_common.o
        40          0          0          0          0         68   _printf_charcount.o
         6          0          0          0          0          0   _printf_d.o
       120         16          0          0          0         92   _printf_dec.o
         6          0          0          0          0          0   _printf_e.o
         6          0          0          0          0          0   _printf_f.o
      1050          0          0          0          0        216   _printf_fp_dec.o
       128         16          0          0          0         84   _printf_fp_infnan.o
         6          0          0          0          0          0   _printf_g.o
       148          4         40          0          0        160   _printf_hex_int_ll_ptr.o
         6          0          0          0          0          0   _printf_i.o
       178          0          0          0          0         88   _printf_intcommon.o
        10          0          0          0          0          0   _printf_l.o
         6          0          0          0          0          0   _printf_lc.o
        10          0          0          0          0          0   _printf_ll.o
         6          0          0          0          0          0   _printf_lld.o
         6          0          0          0          0          0   _printf_lli.o
         6          0          0          0          0          0   _printf_llo.o
         6          0          0          0          0          0   _printf_llu.o
         6          0          0          0          0          0   _printf_llx.o
       124         16          0          0          0         92   _printf_longlong_dec.o
         6          0          0          0          0          0   _printf_ls.o
         6          0          0          0          0          0   _printf_n.o
         6          0          0          0          0          0   _printf_o.o
       112          8          0          0          0        124   _printf_oct_int_ll.o
         6          0          0          0          0          0   _printf_p.o
        78          0          0          0          0        108   _printf_pad.o
         0          0          0          0          0          0   _printf_percent.o
         4          0          0          0          0          0   _printf_percent_end.o
         6          0          0          0          0          0   _printf_s.o
        82          0          0          0          0         80   _printf_str.o
        36          0          0          0          0         84   _printf_truncate.o
         6          0          0          0          0          0   _printf_u.o
        44          0          0          0          0        108   _printf_wchar.o
       188          6          8          0          0         92   _printf_wctomb.o
         6          0          0          0          0          0   _printf_x.o
        22          0          0          0          0        100   _rserrno.o
        16          0          0          0          0         68   _snputc.o
        10          0          0          0          0         68   _sputc.o
       158          0          0          0          0         92   _strtoul.o
        64          0          0          0          0         92   _wcrtomb.o
        26          0          0          0          0         80   atoi.o
       220          4        148          0          0         96   bigflt0.o
      1910        128          0          0          0        672   btod.o
        52          4          0          0          0         80   c89vsnprintf.o
        10          0          0          0          0         68   defsig_exit.o
        50          0          0          0          0         88   defsig_general.o
        80         58          0          0          0         76   defsig_rtmem_inner.o
        14          0          0          0          0         80   defsig_rtmem_outer.o
        12          0          0          0          0         72   exit.o
        94          0          0          0          0         80   h1_alloc.o
        52          0          0          0          0         68   h1_extend.o
        78          0          0          0          0         80   h1_free.o
        14          0          0          0          0         84   h1_init.o
         6          0          0          0          0        152   heapauxi.o
         4          0          0          0          0        136   hguard.o
         0          0          0          0          0          0   indicate_semi.o
       138          0          0          0          0        168   init_alloc.o
        44         10        272          0          0         76   lc_ctype_c.o
        44         10         28          0          0         76   lc_numeric_c.o
         2          0          0          0          0          0   libinit.o
        38          0          0          0          0          0   libinit2.o
         2          0          0          0          0          0   libshutdown.o
         2          0          0          0          0          0   libshutdown2.o
         8          4          0          0         96         68   libspace.o
       138          0          0          0          0         80   lludiv10.o
         0          0          0          0          0          0   maybetermalloc1.o
        16          4          0          0          0         76   rt_ctype_table.o
         8          4          0          0          0         68   rt_errno_addr_intlibspace.o
         8          4          0          0          0         68   rt_heap_descriptor_intlibspace.o
         8          4          0          0          0         68   rt_locale_intlibspace.o
        68          0          0          0          0         68   rt_memclr.o
        78          0          0          0          0         80   rt_memclr_w.o
       138          0          0          0          0         68   rt_memcpy_v6.o
       100          0          0          0          0         80   rt_memcpy_w.o
         2          0          0          0          0          0   rtexit.o
        10          0          0          0          0          0   rtexit2.o
        20          0          0          0          0         68   strchr.o
       128          0          0          0          0         68   strcmpv7m.o
        72          0          0          0          0         80   strcpy.o
        62          0          0          0          0         76   strlen.o
        36          0          0          0          0         76   strncat.o
       150          0          0          0          0         80   strncmp.o
        36          0          0          0          0         80   strstr.o
       112          0          0          0          0         88   strtol.o
        12          4          0          0          0         68   sys_exit.o
        74          0          0          0          0         80   sys_stackheap_outer.o
        14          0          0          0          0         76   sys_wrch.o
        26          0          0          0          0         76   tolower.o
         2          0          0          0          0         68   use_no_semi.o
       826         16          0          0          0        348   daddsub_clz.o
        16          4          0          0          0         68   dcheck1.o
        24          0          0          0          0         68   dcmpi.o
       688        140          0          0          0        208   ddiv.o
       120          4          0          0          0         92   deqf.o
        94          4          0          0          0         92   dfix.o
        46          0          0          0          0         68   dflt_clz.o
       120          4          0          0          0         92   dleqf.o
       340         12          0          0          0        104   dmul.o
       156          4          0          0          0         92   dnaninf.o
        12          0          0          0          0         68   dretinf.o
       108          0          0          0          0         80   drleqf.o
       460         56          0          0          0        120   dsqrt_noumaal.o
        86          4          0          0          0         84   f2d.o
        38          0          0          0          0         68   fflt_clz.o
       140          4          0          0          0         84   fnaninf.o
         4          0          0          0          0         68   printf1.o
       100          0          0          0          0         68   retnan.o
        92          0          0          0          0         68   scalbn.o
        48          0          0          0          0         68   trapv.o
         0          0          0          0          0          0   usenofp.o
        62         10          0          0          0        340   dunder.o
       220         16          0          0          0         84   floor.o
        40          0          0          0          0         68   fpclassify.o
       170          0          0          0          0         96   poly.o
      2488        190        136          0          0        300   pow.o
         0          0          8          0          0          0   qnan.o
        76          0          0          0          0         84   sqrt.o

    ----------------------------------------------------------------------
     14258        796        659          0         96       9320   Library Totals
        22          0          2          0          0          0   (incl. Padding)

    ----------------------------------------------------------------------

      Code (inc. data)   RO Data    RW Data    ZI Data      Debug   Library Name

      7662        328        513          0         96       6340   c_w.l
      3518        252          0          0          0       2008   fz_ws.l
      3056        216        144          0          0        972   m_ws.l

    ----------------------------------------------------------------------
     14258        796        659          0         96       9320   Library Totals

    ----------------------------------------------------------------------

==============================================================================


      Code (inc. data)   RO Data    RW Data    ZI Data      Debug   

     33886       2554       1010         80       1760     338380   Grand Totals
     33886       2554       1010         80       1760     338380   ELF Image Totals
     33886       2554       1010         80          0          0   ROM Totals

==============================================================================

    Total RO  Size (Code + RO Data)                34896 (  34.08kB)
    Total RW  Size (RW Data + ZI Data)              1840 (   1.80kB)
    Total ROM Size (Code + RO Data + RW Data)      34976 (  34.16kB)

==============================================================================

